../../../data/TrainingData/training_image_data/TUPAC-TR-310.svs ../../../data/TrainingData/small_images-level-2-mask/TUPAC-TR-310.png
../../../data/TrainingData/training_image_data/TUPAC-TR-094.svs ../../../data/TrainingData/small_images-level-2-mask/TUPAC-TR-094.png
../../../data/TrainingData/training_image_data/TUPAC-TR-493.svs ../../../data/TrainingData/small_images-level-2-mask/TUPAC-TR-493.png
../../../data/TrainingData/training_image_data/TUPAC-TR-404.svs ../../../data/TrainingData/small_images-level-2-mask/TUPAC-TR-404.png
../../../data/TrainingData/training_image_data/TUPAC-TR-194.svs ../../../data/TrainingData/small_images-level-2-mask/TUPAC-TR-194.png
../../../data/TrainingData/training_image_data/TUPAC-TR-198.svs ../../../data/TrainingData/small_images-level-2-mask/TUPAC-TR-198.png
../../../data/TrainingData/training_image_data/TUPAC-TR-070.svs ../../../data/TrainingData/small_images-level-2-mask/TUPAC-TR-070.png
../../../data/TrainingData/training_image_data/TUPAC-TR-066.svs ../../../data/TrainingData/small_images-level-2-mask/TUPAC-TR-066.png
../../../data/TrainingData/training_image_data/TUPAC-TR-421.svs ../../../data/TrainingData/small_images-level-2-mask/TUPAC-TR-421.png
../../../data/TrainingData/training_image_data/TUPAC-TR-109.svs ../../../data/TrainingData/small_images-level-2-mask/TUPAC-TR-109.png
../../../data/TrainingData/training_image_data/TUPAC-TR-387.svs ../../../data/TrainingData/small_images-level-2-mask/TUPAC-TR-387.png
../../../data/TrainingData/training_image_data/TUPAC-TR-220.svs ../../../data/TrainingData/small_images-level-2-mask/TUPAC-TR-220.png
../../../data/TrainingData/training_image_data/TUPAC-TR-183.svs ../../../data/TrainingData/small_images-level-2-mask/TUPAC-TR-183.png
../../../data/TrainingData/training_image_data/TUPAC-TR-140.svs ../../../data/TrainingData/small_images-level-2-mask/TUPAC-TR-140.png
../../../data/TrainingData/training_image_data/TUPAC-TR-238.svs ../../../data/TrainingData/small_images-level-2-mask/TUPAC-TR-238.png
../../../data/TrainingData/training_image_data/TUPAC-TR-130.svs ../../../data/TrainingData/small_images-level-2-mask/TUPAC-TR-130.png
../../../data/TrainingData/training_image_data/TUPAC-TR-043.svs ../../../data/TrainingData/small_images-level-2-mask/TUPAC-TR-043.png
../../../data/TrainingData/training_image_data/TUPAC-TR-254.svs ../../../data/TrainingData/small_images-level-2-mask/TUPAC-TR-254.png
../../../data/TrainingData/training_image_data/TUPAC-TR-227.svs ../../../data/TrainingData/small_images-level-2-mask/TUPAC-TR-227.png
../../../data/TrainingData/training_image_data/TUPAC-TR-203.svs ../../../data/TrainingData/small_images-level-2-mask/TUPAC-TR-203.png
../../../data/TrainingData/training_image_data/TUPAC-TR-472.svs ../../../data/TrainingData/small_images-level-2-mask/TUPAC-TR-472.png
../../../data/TrainingData/training_image_data/TUPAC-TR-446.svs ../../../data/TrainingData/small_images-level-2-mask/TUPAC-TR-446.png
../../../data/TrainingData/training_image_data/TUPAC-TR-097.svs ../../../data/TrainingData/small_images-level-2-mask/TUPAC-TR-097.png
../../../data/TrainingData/training_image_data/TUPAC-TR-092.svs ../../../data/TrainingData/small_images-level-2-mask/TUPAC-TR-092.png
../../../data/TrainingData/training_image_data/TUPAC-TR-386.svs ../../../data/TrainingData/small_images-level-2-mask/TUPAC-TR-386.png
../../../data/TrainingData/training_image_data/TUPAC-TR-135.svs ../../../data/TrainingData/small_images-level-2-mask/TUPAC-TR-135.png
../../../data/TrainingData/training_image_data/TUPAC-TR-085.svs ../../../data/TrainingData/small_images-level-2-mask/TUPAC-TR-085.png
../../../data/TrainingData/training_image_data/TUPAC-TR-481.svs ../../../data/TrainingData/small_images-level-2-mask/TUPAC-TR-481.png
../../../data/TrainingData/training_image_data/TUPAC-TR-285.svs ../../../data/TrainingData/small_images-level-2-mask/TUPAC-TR-285.png
../../../data/TrainingData/training_image_data/TUPAC-TR-101.svs ../../../data/TrainingData/small_images-level-2-mask/TUPAC-TR-101.png
../../../data/TrainingData/training_image_data/TUPAC-TR-009.svs ../../../data/TrainingData/small_images-level-2-mask/TUPAC-TR-009.png
../../../data/TrainingData/training_image_data/TUPAC-TR-324.svs ../../../data/TrainingData/small_images-level-2-mask/TUPAC-TR-324.png
../../../data/TrainingData/training_image_data/TUPAC-TR-040.svs ../../../data/TrainingData/small_images-level-2-mask/TUPAC-TR-040.png
../../../data/TrainingData/training_image_data/TUPAC-TR-050.svs ../../../data/TrainingData/small_images-level-2-mask/TUPAC-TR-050.png
../../../data/TrainingData/training_image_data/TUPAC-TR-367.svs ../../../data/TrainingData/small_images-level-2-mask/TUPAC-TR-367.png
../../../data/TrainingData/training_image_data/TUPAC-TR-131.svs ../../../data/TrainingData/small_images-level-2-mask/TUPAC-TR-131.png
../../../data/TrainingData/training_image_data/TUPAC-TR-307.svs ../../../data/TrainingData/small_images-level-2-mask/TUPAC-TR-307.png
../../../data/TrainingData/training_image_data/TUPAC-TR-039.svs ../../../data/TrainingData/small_images-level-2-mask/TUPAC-TR-039.png
../../../data/TrainingData/training_image_data/TUPAC-TR-014.svs ../../../data/TrainingData/small_images-level-2-mask/TUPAC-TR-014.png
../../../data/TrainingData/training_image_data/TUPAC-TR-297.svs ../../../data/TrainingData/small_images-level-2-mask/TUPAC-TR-297.png
../../../data/TrainingData/training_image_data/TUPAC-TR-407.svs ../../../data/TrainingData/small_images-level-2-mask/TUPAC-TR-407.png
../../../data/TrainingData/training_image_data/TUPAC-TR-438.svs ../../../data/TrainingData/small_images-level-2-mask/TUPAC-TR-438.png
../../../data/TrainingData/training_image_data/TUPAC-TR-318.svs ../../../data/TrainingData/small_images-level-2-mask/TUPAC-TR-318.png
../../../data/TrainingData/training_image_data/TUPAC-TR-037.svs ../../../data/TrainingData/small_images-level-2-mask/TUPAC-TR-037.png
../../../data/TrainingData/training_image_data/TUPAC-TR-314.svs ../../../data/TrainingData/small_images-level-2-mask/TUPAC-TR-314.png
../../../data/TrainingData/training_image_data/TUPAC-TR-434.svs ../../../data/TrainingData/small_images-level-2-mask/TUPAC-TR-434.png
../../../data/TrainingData/training_image_data/TUPAC-TR-063.svs ../../../data/TrainingData/small_images-level-2-mask/TUPAC-TR-063.png
../../../data/TrainingData/training_image_data/TUPAC-TR-377.svs ../../../data/TrainingData/small_images-level-2-mask/TUPAC-TR-377.png
../../../data/TrainingData/training_image_data/TUPAC-TR-295.svs ../../../data/TrainingData/small_images-level-2-mask/TUPAC-TR-295.png
../../../data/TrainingData/training_image_data/TUPAC-TR-221.svs ../../../data/TrainingData/small_images-level-2-mask/TUPAC-TR-221.png
../../../data/TrainingData/training_image_data/TUPAC-TR-067.svs ../../../data/TrainingData/small_images-level-2-mask/TUPAC-TR-067.png
../../../data/TrainingData/training_image_data/TUPAC-TR-128.svs ../../../data/TrainingData/small_images-level-2-mask/TUPAC-TR-128.png
../../../data/TrainingData/training_image_data/TUPAC-TR-359.svs ../../../data/TrainingData/small_images-level-2-mask/TUPAC-TR-359.png
../../../data/TrainingData/training_image_data/TUPAC-TR-478.svs ../../../data/TrainingData/small_images-level-2-mask/TUPAC-TR-478.png
../../../data/TrainingData/training_image_data/TUPAC-TR-375.svs ../../../data/TrainingData/small_images-level-2-mask/TUPAC-TR-375.png
../../../data/TrainingData/training_image_data/TUPAC-TR-129.svs ../../../data/TrainingData/small_images-level-2-mask/TUPAC-TR-129.png
../../../data/TrainingData/training_image_data/TUPAC-TR-209.svs ../../../data/TrainingData/small_images-level-2-mask/TUPAC-TR-209.png
../../../data/TrainingData/training_image_data/TUPAC-TR-403.svs ../../../data/TrainingData/small_images-level-2-mask/TUPAC-TR-403.png
../../../data/TrainingData/training_image_data/TUPAC-TR-347.svs ../../../data/TrainingData/small_images-level-2-mask/TUPAC-TR-347.png
../../../data/TrainingData/training_image_data/TUPAC-TR-482.svs ../../../data/TrainingData/small_images-level-2-mask/TUPAC-TR-482.png
../../../data/TrainingData/training_image_data/TUPAC-TR-079.svs ../../../data/TrainingData/small_images-level-2-mask/TUPAC-TR-079.png
../../../data/TrainingData/training_image_data/TUPAC-TR-179.svs ../../../data/TrainingData/small_images-level-2-mask/TUPAC-TR-179.png
../../../data/TrainingData/training_image_data/TUPAC-TR-011.svs ../../../data/TrainingData/small_images-level-2-mask/TUPAC-TR-011.png
../../../data/TrainingData/training_image_data/TUPAC-TR-427.svs ../../../data/TrainingData/small_images-level-2-mask/TUPAC-TR-427.png
../../../data/TrainingData/training_image_data/TUPAC-TR-395.svs ../../../data/TrainingData/small_images-level-2-mask/TUPAC-TR-395.png
../../../data/TrainingData/training_image_data/TUPAC-TR-173.svs ../../../data/TrainingData/small_images-level-2-mask/TUPAC-TR-173.png
../../../data/TrainingData/training_image_data/TUPAC-TR-214.svs ../../../data/TrainingData/small_images-level-2-mask/TUPAC-TR-214.png
../../../data/TrainingData/training_image_data/TUPAC-TR-305.svs ../../../data/TrainingData/small_images-level-2-mask/TUPAC-TR-305.png
../../../data/TrainingData/training_image_data/TUPAC-TR-444.svs ../../../data/TrainingData/small_images-level-2-mask/TUPAC-TR-444.png
../../../data/TrainingData/training_image_data/TUPAC-TR-224.svs ../../../data/TrainingData/small_images-level-2-mask/TUPAC-TR-224.png
../../../data/TrainingData/training_image_data/TUPAC-TR-487.svs ../../../data/TrainingData/small_images-level-2-mask/TUPAC-TR-487.png
../../../data/TrainingData/training_image_data/TUPAC-TR-190.svs ../../../data/TrainingData/small_images-level-2-mask/TUPAC-TR-190.png
../../../data/TrainingData/training_image_data/TUPAC-TR-228.svs ../../../data/TrainingData/small_images-level-2-mask/TUPAC-TR-228.png
../../../data/TrainingData/training_image_data/TUPAC-TR-223.svs ../../../data/TrainingData/small_images-level-2-mask/TUPAC-TR-223.png
../../../data/TrainingData/training_image_data/TUPAC-TR-163.svs ../../../data/TrainingData/small_images-level-2-mask/TUPAC-TR-163.png
../../../data/TrainingData/training_image_data/TUPAC-TR-058.svs ../../../data/TrainingData/small_images-level-2-mask/TUPAC-TR-058.png
../../../data/TrainingData/training_image_data/TUPAC-TR-441.svs ../../../data/TrainingData/small_images-level-2-mask/TUPAC-TR-441.png
../../../data/TrainingData/training_image_data/TUPAC-TR-308.svs ../../../data/TrainingData/small_images-level-2-mask/TUPAC-TR-308.png
../../../data/TrainingData/training_image_data/TUPAC-TR-257.svs ../../../data/TrainingData/small_images-level-2-mask/TUPAC-TR-257.png
../../../data/TrainingData/training_image_data/TUPAC-TR-247.svs ../../../data/TrainingData/small_images-level-2-mask/TUPAC-TR-247.png
../../../data/TrainingData/training_image_data/TUPAC-TR-202.svs ../../../data/TrainingData/small_images-level-2-mask/TUPAC-TR-202.png
../../../data/TrainingData/training_image_data/TUPAC-TR-133.svs ../../../data/TrainingData/small_images-level-2-mask/TUPAC-TR-133.png
../../../data/TrainingData/training_image_data/TUPAC-TR-141.svs ../../../data/TrainingData/small_images-level-2-mask/TUPAC-TR-141.png
../../../data/TrainingData/training_image_data/TUPAC-TR-489.svs ../../../data/TrainingData/small_images-level-2-mask/TUPAC-TR-489.png
../../../data/TrainingData/training_image_data/TUPAC-TR-463.svs ../../../data/TrainingData/small_images-level-2-mask/TUPAC-TR-463.png
../../../data/TrainingData/training_image_data/TUPAC-TR-303.svs ../../../data/TrainingData/small_images-level-2-mask/TUPAC-TR-303.png
../../../data/TrainingData/training_image_data/TUPAC-TR-304.svs ../../../data/TrainingData/small_images-level-2-mask/TUPAC-TR-304.png
../../../data/TrainingData/training_image_data/TUPAC-TR-155.svs ../../../data/TrainingData/small_images-level-2-mask/TUPAC-TR-155.png
../../../data/TrainingData/training_image_data/TUPAC-TR-340.svs ../../../data/TrainingData/small_images-level-2-mask/TUPAC-TR-340.png
../../../data/TrainingData/training_image_data/TUPAC-TR-158.svs ../../../data/TrainingData/small_images-level-2-mask/TUPAC-TR-158.png
../../../data/TrainingData/training_image_data/TUPAC-TR-150.svs ../../../data/TrainingData/small_images-level-2-mask/TUPAC-TR-150.png
../../../data/TrainingData/training_image_data/TUPAC-TR-006.svs ../../../data/TrainingData/small_images-level-2-mask/TUPAC-TR-006.png
../../../data/TrainingData/training_image_data/TUPAC-TR-215.svs ../../../data/TrainingData/small_images-level-2-mask/TUPAC-TR-215.png
../../../data/TrainingData/training_image_data/TUPAC-TR-104.svs ../../../data/TrainingData/small_images-level-2-mask/TUPAC-TR-104.png
../../../data/TrainingData/training_image_data/TUPAC-TR-270.svs ../../../data/TrainingData/small_images-level-2-mask/TUPAC-TR-270.png
../../../data/TrainingData/training_image_data/TUPAC-TR-096.svs ../../../data/TrainingData/small_images-level-2-mask/TUPAC-TR-096.png
../../../data/TrainingData/training_image_data/TUPAC-TR-490.svs ../../../data/TrainingData/small_images-level-2-mask/TUPAC-TR-490.png
../../../data/TrainingData/training_image_data/TUPAC-TR-200.svs ../../../data/TrainingData/small_images-level-2-mask/TUPAC-TR-200.png
../../../data/TrainingData/training_image_data/TUPAC-TR-057.svs ../../../data/TrainingData/small_images-level-2-mask/TUPAC-TR-057.png
../../../data/TrainingData/training_image_data/TUPAC-TR-459.svs ../../../data/TrainingData/small_images-level-2-mask/TUPAC-TR-459.png
../../../data/TrainingData/training_image_data/TUPAC-TR-388.svs ../../../data/TrainingData/small_images-level-2-mask/TUPAC-TR-388.png
../../../data/TrainingData/training_image_data/TUPAC-TR-029.svs ../../../data/TrainingData/small_images-level-2-mask/TUPAC-TR-029.png
../../../data/TrainingData/training_image_data/TUPAC-TR-196.svs ../../../data/TrainingData/small_images-level-2-mask/TUPAC-TR-196.png
../../../data/TrainingData/training_image_data/TUPAC-TR-369.svs ../../../data/TrainingData/small_images-level-2-mask/TUPAC-TR-369.png
../../../data/TrainingData/training_image_data/TUPAC-TR-108.svs ../../../data/TrainingData/small_images-level-2-mask/TUPAC-TR-108.png
../../../data/TrainingData/training_image_data/TUPAC-TR-237.svs ../../../data/TrainingData/small_images-level-2-mask/TUPAC-TR-237.png
../../../data/TrainingData/training_image_data/TUPAC-TR-189.svs ../../../data/TrainingData/small_images-level-2-mask/TUPAC-TR-189.png
../../../data/TrainingData/training_image_data/TUPAC-TR-282.svs ../../../data/TrainingData/small_images-level-2-mask/TUPAC-TR-282.png
../../../data/TrainingData/training_image_data/TUPAC-TR-069.svs ../../../data/TrainingData/small_images-level-2-mask/TUPAC-TR-069.png
../../../data/TrainingData/training_image_data/TUPAC-TR-284.svs ../../../data/TrainingData/small_images-level-2-mask/TUPAC-TR-284.png
../../../data/TrainingData/training_image_data/TUPAC-TR-474.svs ../../../data/TrainingData/small_images-level-2-mask/TUPAC-TR-474.png
../../../data/TrainingData/training_image_data/TUPAC-TR-266.svs ../../../data/TrainingData/small_images-level-2-mask/TUPAC-TR-266.png
../../../data/TrainingData/training_image_data/TUPAC-TR-231.svs ../../../data/TrainingData/small_images-level-2-mask/TUPAC-TR-231.png
../../../data/TrainingData/training_image_data/TUPAC-TR-182.svs ../../../data/TrainingData/small_images-level-2-mask/TUPAC-TR-182.png
../../../data/TrainingData/training_image_data/TUPAC-TR-217.svs ../../../data/TrainingData/small_images-level-2-mask/TUPAC-TR-217.png
../../../data/TrainingData/training_image_data/TUPAC-TR-061.svs ../../../data/TrainingData/small_images-level-2-mask/TUPAC-TR-061.png
../../../data/TrainingData/training_image_data/TUPAC-TR-412.svs ../../../data/TrainingData/small_images-level-2-mask/TUPAC-TR-412.png
../../../data/TrainingData/training_image_data/TUPAC-TR-379.svs ../../../data/TrainingData/small_images-level-2-mask/TUPAC-TR-379.png
../../../data/TrainingData/training_image_data/TUPAC-TR-054.svs ../../../data/TrainingData/small_images-level-2-mask/TUPAC-TR-054.png
../../../data/TrainingData/training_image_data/TUPAC-TR-268.svs ../../../data/TrainingData/small_images-level-2-mask/TUPAC-TR-268.png
../../../data/TrainingData/training_image_data/TUPAC-TR-204.svs ../../../data/TrainingData/small_images-level-2-mask/TUPAC-TR-204.png
../../../data/TrainingData/training_image_data/TUPAC-TR-250.svs ../../../data/TrainingData/small_images-level-2-mask/TUPAC-TR-250.png
../../../data/TrainingData/training_image_data/TUPAC-TR-185.svs ../../../data/TrainingData/small_images-level-2-mask/TUPAC-TR-185.png
../../../data/TrainingData/training_image_data/TUPAC-TR-243.svs ../../../data/TrainingData/small_images-level-2-mask/TUPAC-TR-243.png
../../../data/TrainingData/training_image_data/TUPAC-TR-274.svs ../../../data/TrainingData/small_images-level-2-mask/TUPAC-TR-274.png
../../../data/TrainingData/training_image_data/TUPAC-TR-428.svs ../../../data/TrainingData/small_images-level-2-mask/TUPAC-TR-428.png
../../../data/TrainingData/training_image_data/TUPAC-TR-300.svs ../../../data/TrainingData/small_images-level-2-mask/TUPAC-TR-300.png
../../../data/TrainingData/training_image_data/TUPAC-TR-191.svs ../../../data/TrainingData/small_images-level-2-mask/TUPAC-TR-191.png
../../../data/TrainingData/training_image_data/TUPAC-TR-486.svs ../../../data/TrainingData/small_images-level-2-mask/TUPAC-TR-486.png
../../../data/TrainingData/training_image_data/TUPAC-TR-210.svs ../../../data/TrainingData/small_images-level-2-mask/TUPAC-TR-210.png
../../../data/TrainingData/training_image_data/TUPAC-TR-373.svs ../../../data/TrainingData/small_images-level-2-mask/TUPAC-TR-373.png
../../../data/TrainingData/training_image_data/TUPAC-TR-364.svs ../../../data/TrainingData/small_images-level-2-mask/TUPAC-TR-364.png
../../../data/TrainingData/training_image_data/TUPAC-TR-425.svs ../../../data/TrainingData/small_images-level-2-mask/TUPAC-TR-425.png
../../../data/TrainingData/training_image_data/TUPAC-TR-277.svs ../../../data/TrainingData/small_images-level-2-mask/TUPAC-TR-277.png
../../../data/TrainingData/training_image_data/TUPAC-TR-411.svs ../../../data/TrainingData/small_images-level-2-mask/TUPAC-TR-411.png
../../../data/TrainingData/training_image_data/TUPAC-TR-363.svs ../../../data/TrainingData/small_images-level-2-mask/TUPAC-TR-363.png
../../../data/TrainingData/training_image_data/TUPAC-TR-246.svs ../../../data/TrainingData/small_images-level-2-mask/TUPAC-TR-246.png
../../../data/TrainingData/training_image_data/TUPAC-TR-479.svs ../../../data/TrainingData/small_images-level-2-mask/TUPAC-TR-479.png
../../../data/TrainingData/training_image_data/TUPAC-TR-077.svs ../../../data/TrainingData/small_images-level-2-mask/TUPAC-TR-077.png
../../../data/TrainingData/training_image_data/TUPAC-TR-052.svs ../../../data/TrainingData/small_images-level-2-mask/TUPAC-TR-052.png
../../../data/TrainingData/training_image_data/TUPAC-TR-024.svs ../../../data/TrainingData/small_images-level-2-mask/TUPAC-TR-024.png
../../../data/TrainingData/training_image_data/TUPAC-TR-081.svs ../../../data/TrainingData/small_images-level-2-mask/TUPAC-TR-081.png
../../../data/TrainingData/training_image_data/TUPAC-TR-055.svs ../../../data/TrainingData/small_images-level-2-mask/TUPAC-TR-055.png
../../../data/TrainingData/training_image_data/TUPAC-TR-291.svs ../../../data/TrainingData/small_images-level-2-mask/TUPAC-TR-291.png
../../../data/TrainingData/training_image_data/TUPAC-TR-309.svs ../../../data/TrainingData/small_images-level-2-mask/TUPAC-TR-309.png
../../../data/TrainingData/training_image_data/TUPAC-TR-416.svs ../../../data/TrainingData/small_images-level-2-mask/TUPAC-TR-416.png
../../../data/TrainingData/training_image_data/TUPAC-TR-148.svs ../../../data/TrainingData/small_images-level-2-mask/TUPAC-TR-148.png
../../../data/TrainingData/training_image_data/TUPAC-TR-298.svs ../../../data/TrainingData/small_images-level-2-mask/TUPAC-TR-298.png
../../../data/TrainingData/training_image_data/TUPAC-TR-199.svs ../../../data/TrainingData/small_images-level-2-mask/TUPAC-TR-199.png
../../../data/TrainingData/training_image_data/TUPAC-TR-049.svs ../../../data/TrainingData/small_images-level-2-mask/TUPAC-TR-049.png
../../../data/TrainingData/training_image_data/TUPAC-TR-124.svs ../../../data/TrainingData/small_images-level-2-mask/TUPAC-TR-124.png
../../../data/TrainingData/training_image_data/TUPAC-TR-239.svs ../../../data/TrainingData/small_images-level-2-mask/TUPAC-TR-239.png
../../../data/TrainingData/training_image_data/TUPAC-TR-378.svs ../../../data/TrainingData/small_images-level-2-mask/TUPAC-TR-378.png
../../../data/TrainingData/training_image_data/TUPAC-TR-053.svs ../../../data/TrainingData/small_images-level-2-mask/TUPAC-TR-053.png
../../../data/TrainingData/training_image_data/TUPAC-TR-249.svs ../../../data/TrainingData/small_images-level-2-mask/TUPAC-TR-249.png
../../../data/TrainingData/training_image_data/TUPAC-TR-245.svs ../../../data/TrainingData/small_images-level-2-mask/TUPAC-TR-245.png
../../../data/TrainingData/training_image_data/TUPAC-TR-244.svs ../../../data/TrainingData/small_images-level-2-mask/TUPAC-TR-244.png
../../../data/TrainingData/training_image_data/TUPAC-TR-165.svs ../../../data/TrainingData/small_images-level-2-mask/TUPAC-TR-165.png
../../../data/TrainingData/training_image_data/TUPAC-TR-113.svs ../../../data/TrainingData/small_images-level-2-mask/TUPAC-TR-113.png
../../../data/TrainingData/training_image_data/TUPAC-TR-149.svs ../../../data/TrainingData/small_images-level-2-mask/TUPAC-TR-149.png
../../../data/TrainingData/training_image_data/TUPAC-TR-093.svs ../../../data/TrainingData/small_images-level-2-mask/TUPAC-TR-093.png
../../../data/TrainingData/training_image_data/TUPAC-TR-184.svs ../../../data/TrainingData/small_images-level-2-mask/TUPAC-TR-184.png
../../../data/TrainingData/training_image_data/TUPAC-TR-365.svs ../../../data/TrainingData/small_images-level-2-mask/TUPAC-TR-365.png
../../../data/TrainingData/training_image_data/TUPAC-TR-041.svs ../../../data/TrainingData/small_images-level-2-mask/TUPAC-TR-041.png
../../../data/TrainingData/training_image_data/TUPAC-TR-115.svs ../../../data/TrainingData/small_images-level-2-mask/TUPAC-TR-115.png
../../../data/TrainingData/training_image_data/TUPAC-TR-455.svs ../../../data/TrainingData/small_images-level-2-mask/TUPAC-TR-455.png
../../../data/TrainingData/training_image_data/TUPAC-TR-121.svs ../../../data/TrainingData/small_images-level-2-mask/TUPAC-TR-121.png
../../../data/TrainingData/training_image_data/TUPAC-TR-405.svs ../../../data/TrainingData/small_images-level-2-mask/TUPAC-TR-405.png
../../../data/TrainingData/training_image_data/TUPAC-TR-169.svs ../../../data/TrainingData/small_images-level-2-mask/TUPAC-TR-169.png
../../../data/TrainingData/training_image_data/TUPAC-TR-107.svs ../../../data/TrainingData/small_images-level-2-mask/TUPAC-TR-107.png
../../../data/TrainingData/training_image_data/TUPAC-TR-035.svs ../../../data/TrainingData/small_images-level-2-mask/TUPAC-TR-035.png
../../../data/TrainingData/training_image_data/TUPAC-TR-466.svs ../../../data/TrainingData/small_images-level-2-mask/TUPAC-TR-466.png
../../../data/TrainingData/training_image_data/TUPAC-TR-397.svs ../../../data/TrainingData/small_images-level-2-mask/TUPAC-TR-397.png
../../../data/TrainingData/training_image_data/TUPAC-TR-394.svs ../../../data/TrainingData/small_images-level-2-mask/TUPAC-TR-394.png
../../../data/TrainingData/training_image_data/TUPAC-TR-465.svs ../../../data/TrainingData/small_images-level-2-mask/TUPAC-TR-465.png
../../../data/TrainingData/training_image_data/TUPAC-TR-389.svs ../../../data/TrainingData/small_images-level-2-mask/TUPAC-TR-389.png
../../../data/TrainingData/training_image_data/TUPAC-TR-317.svs ../../../data/TrainingData/small_images-level-2-mask/TUPAC-TR-317.png
../../../data/TrainingData/training_image_data/TUPAC-TR-415.svs ../../../data/TrainingData/small_images-level-2-mask/TUPAC-TR-415.png
../../../data/TrainingData/training_image_data/TUPAC-TR-105.svs ../../../data/TrainingData/small_images-level-2-mask/TUPAC-TR-105.png
../../../data/TrainingData/training_image_data/TUPAC-TR-429.svs ../../../data/TrainingData/small_images-level-2-mask/TUPAC-TR-429.png
../../../data/TrainingData/training_image_data/TUPAC-TR-100.svs ../../../data/TrainingData/small_images-level-2-mask/TUPAC-TR-100.png
../../../data/TrainingData/training_image_data/TUPAC-TR-483.svs ../../../data/TrainingData/small_images-level-2-mask/TUPAC-TR-483.png
../../../data/TrainingData/training_image_data/TUPAC-TR-408.svs ../../../data/TrainingData/small_images-level-2-mask/TUPAC-TR-408.png
../../../data/TrainingData/training_image_data/TUPAC-TR-442.svs ../../../data/TrainingData/small_images-level-2-mask/TUPAC-TR-442.png
../../../data/TrainingData/training_image_data/TUPAC-TR-349.svs ../../../data/TrainingData/small_images-level-2-mask/TUPAC-TR-349.png
../../../data/TrainingData/training_image_data/TUPAC-TR-164.svs ../../../data/TrainingData/small_images-level-2-mask/TUPAC-TR-164.png
../../../data/TrainingData/training_image_data/TUPAC-TR-015.svs ../../../data/TrainingData/small_images-level-2-mask/TUPAC-TR-015.png
../../../data/TrainingData/training_image_data/TUPAC-TR-362.svs ../../../data/TrainingData/small_images-level-2-mask/TUPAC-TR-362.png
../../../data/TrainingData/training_image_data/TUPAC-TR-004.svs ../../../data/TrainingData/small_images-level-2-mask/TUPAC-TR-004.png
../../../data/TrainingData/training_image_data/TUPAC-TR-122.svs ../../../data/TrainingData/small_images-level-2-mask/TUPAC-TR-122.png
../../../data/TrainingData/training_image_data/TUPAC-TR-417.svs ../../../data/TrainingData/small_images-level-2-mask/TUPAC-TR-417.png
../../../data/TrainingData/training_image_data/TUPAC-TR-018.svs ../../../data/TrainingData/small_images-level-2-mask/TUPAC-TR-018.png
../../../data/TrainingData/training_image_data/TUPAC-TR-157.svs ../../../data/TrainingData/small_images-level-2-mask/TUPAC-TR-157.png
../../../data/TrainingData/training_image_data/TUPAC-TR-152.svs ../../../data/TrainingData/small_images-level-2-mask/TUPAC-TR-152.png
../../../data/TrainingData/training_image_data/TUPAC-TR-156.svs ../../../data/TrainingData/small_images-level-2-mask/TUPAC-TR-156.png
../../../data/TrainingData/training_image_data/TUPAC-TR-311.svs ../../../data/TrainingData/small_images-level-2-mask/TUPAC-TR-311.png
../../../data/TrainingData/training_image_data/TUPAC-TR-222.svs ../../../data/TrainingData/small_images-level-2-mask/TUPAC-TR-222.png
../../../data/TrainingData/training_image_data/TUPAC-TR-399.svs ../../../data/TrainingData/small_images-level-2-mask/TUPAC-TR-399.png
../../../data/TrainingData/training_image_data/TUPAC-TR-012.svs ../../../data/TrainingData/small_images-level-2-mask/TUPAC-TR-012.png
../../../data/TrainingData/training_image_data/TUPAC-TR-338.svs ../../../data/TrainingData/small_images-level-2-mask/TUPAC-TR-338.png
../../../data/TrainingData/training_image_data/TUPAC-TR-360.svs ../../../data/TrainingData/small_images-level-2-mask/TUPAC-TR-360.png
../../../data/TrainingData/training_image_data/TUPAC-TR-251.svs ../../../data/TrainingData/small_images-level-2-mask/TUPAC-TR-251.png
../../../data/TrainingData/training_image_data/TUPAC-TR-208.svs ../../../data/TrainingData/small_images-level-2-mask/TUPAC-TR-208.png
../../../data/TrainingData/training_image_data/TUPAC-TR-021.svs ../../../data/TrainingData/small_images-level-2-mask/TUPAC-TR-021.png
../../../data/TrainingData/training_image_data/TUPAC-TR-413.svs ../../../data/TrainingData/small_images-level-2-mask/TUPAC-TR-413.png
../../../data/TrainingData/training_image_data/TUPAC-TR-443.svs ../../../data/TrainingData/small_images-level-2-mask/TUPAC-TR-443.png
../../../data/TrainingData/training_image_data/TUPAC-TR-273.svs ../../../data/TrainingData/small_images-level-2-mask/TUPAC-TR-273.png
../../../data/TrainingData/training_image_data/TUPAC-TR-178.svs ../../../data/TrainingData/small_images-level-2-mask/TUPAC-TR-178.png
../../../data/TrainingData/training_image_data/TUPAC-TR-255.svs ../../../data/TrainingData/small_images-level-2-mask/TUPAC-TR-255.png
../../../data/TrainingData/training_image_data/TUPAC-TR-138.svs ../../../data/TrainingData/small_images-level-2-mask/TUPAC-TR-138.png
../../../data/TrainingData/training_image_data/TUPAC-TR-328.svs ../../../data/TrainingData/small_images-level-2-mask/TUPAC-TR-328.png
../../../data/TrainingData/training_image_data/TUPAC-TR-137.svs ../../../data/TrainingData/small_images-level-2-mask/TUPAC-TR-137.png
../../../data/TrainingData/training_image_data/TUPAC-TR-432.svs ../../../data/TrainingData/small_images-level-2-mask/TUPAC-TR-432.png
../../../data/TrainingData/training_image_data/TUPAC-TR-336.svs ../../../data/TrainingData/small_images-level-2-mask/TUPAC-TR-336.png
../../../data/TrainingData/training_image_data/TUPAC-TR-456.svs ../../../data/TrainingData/small_images-level-2-mask/TUPAC-TR-456.png
../../../data/TrainingData/training_image_data/TUPAC-TR-485.svs ../../../data/TrainingData/small_images-level-2-mask/TUPAC-TR-485.png
../../../data/TrainingData/training_image_data/TUPAC-TR-146.svs ../../../data/TrainingData/small_images-level-2-mask/TUPAC-TR-146.png
../../../data/TrainingData/training_image_data/TUPAC-TR-398.svs ../../../data/TrainingData/small_images-level-2-mask/TUPAC-TR-398.png
../../../data/TrainingData/training_image_data/TUPAC-TR-170.svs ../../../data/TrainingData/small_images-level-2-mask/TUPAC-TR-170.png
../../../data/TrainingData/training_image_data/TUPAC-TR-321.svs ../../../data/TrainingData/small_images-level-2-mask/TUPAC-TR-321.png
../../../data/TrainingData/training_image_data/TUPAC-TR-410.svs ../../../data/TrainingData/small_images-level-2-mask/TUPAC-TR-410.png
../../../data/TrainingData/training_image_data/TUPAC-TR-160.svs ../../../data/TrainingData/small_images-level-2-mask/TUPAC-TR-160.png
../../../data/TrainingData/training_image_data/TUPAC-TR-343.svs ../../../data/TrainingData/small_images-level-2-mask/TUPAC-TR-343.png
../../../data/TrainingData/training_image_data/TUPAC-TR-261.svs ../../../data/TrainingData/small_images-level-2-mask/TUPAC-TR-261.png
../../../data/TrainingData/training_image_data/TUPAC-TR-430.svs ../../../data/TrainingData/small_images-level-2-mask/TUPAC-TR-430.png
../../../data/TrainingData/training_image_data/TUPAC-TR-151.svs ../../../data/TrainingData/small_images-level-2-mask/TUPAC-TR-151.png
../../../data/TrainingData/training_image_data/TUPAC-TR-087.svs ../../../data/TrainingData/small_images-level-2-mask/TUPAC-TR-087.png
../../../data/TrainingData/training_image_data/TUPAC-TR-225.svs ../../../data/TrainingData/small_images-level-2-mask/TUPAC-TR-225.png
../../../data/TrainingData/training_image_data/TUPAC-TR-392.svs ../../../data/TrainingData/small_images-level-2-mask/TUPAC-TR-392.png
../../../data/TrainingData/training_image_data/TUPAC-TR-026.svs ../../../data/TrainingData/small_images-level-2-mask/TUPAC-TR-026.png
../../../data/TrainingData/training_image_data/TUPAC-TR-172.svs ../../../data/TrainingData/small_images-level-2-mask/TUPAC-TR-172.png
../../../data/TrainingData/training_image_data/TUPAC-TR-145.svs ../../../data/TrainingData/small_images-level-2-mask/TUPAC-TR-145.png
../../../data/TrainingData/training_image_data/TUPAC-TR-396.svs ../../../data/TrainingData/small_images-level-2-mask/TUPAC-TR-396.png
../../../data/TrainingData/training_image_data/TUPAC-TR-344.svs ../../../data/TrainingData/small_images-level-2-mask/TUPAC-TR-344.png
../../../data/TrainingData/training_image_data/TUPAC-TR-229.svs ../../../data/TrainingData/small_images-level-2-mask/TUPAC-TR-229.png
../../../data/TrainingData/training_image_data/TUPAC-TR-275.svs ../../../data/TrainingData/small_images-level-2-mask/TUPAC-TR-275.png
../../../data/TrainingData/training_image_data/TUPAC-TR-180.svs ../../../data/TrainingData/small_images-level-2-mask/TUPAC-TR-180.png
../../../data/TrainingData/training_image_data/TUPAC-TR-320.svs ../../../data/TrainingData/small_images-level-2-mask/TUPAC-TR-320.png
../../../data/TrainingData/training_image_data/TUPAC-TR-283.svs ../../../data/TrainingData/small_images-level-2-mask/TUPAC-TR-283.png
../../../data/TrainingData/training_image_data/TUPAC-TR-448.svs ../../../data/TrainingData/small_images-level-2-mask/TUPAC-TR-448.png
../../../data/TrainingData/training_image_data/TUPAC-TR-299.svs ../../../data/TrainingData/small_images-level-2-mask/TUPAC-TR-299.png
../../../data/TrainingData/training_image_data/TUPAC-TR-078.svs ../../../data/TrainingData/small_images-level-2-mask/TUPAC-TR-078.png
../../../data/TrainingData/training_image_data/TUPAC-TR-341.svs ../../../data/TrainingData/small_images-level-2-mask/TUPAC-TR-341.png
../../../data/TrainingData/training_image_data/TUPAC-TR-176.svs ../../../data/TrainingData/small_images-level-2-mask/TUPAC-TR-176.png
../../../data/TrainingData/training_image_data/TUPAC-TR-500.svs ../../../data/TrainingData/small_images-level-2-mask/TUPAC-TR-500.png
../../../data/TrainingData/training_image_data/TUPAC-TR-452.svs ../../../data/TrainingData/small_images-level-2-mask/TUPAC-TR-452.png
../../../data/TrainingData/training_image_data/TUPAC-TR-068.svs ../../../data/TrainingData/small_images-level-2-mask/TUPAC-TR-068.png
../../../data/TrainingData/training_image_data/TUPAC-TR-090.svs ../../../data/TrainingData/small_images-level-2-mask/TUPAC-TR-090.png
../../../data/TrainingData/training_image_data/TUPAC-TR-033.svs ../../../data/TrainingData/small_images-level-2-mask/TUPAC-TR-033.png
../../../data/TrainingData/training_image_data/TUPAC-TR-142.svs ../../../data/TrainingData/small_images-level-2-mask/TUPAC-TR-142.png
../../../data/TrainingData/training_image_data/TUPAC-TR-450.svs ../../../data/TrainingData/small_images-level-2-mask/TUPAC-TR-450.png
../../../data/TrainingData/training_image_data/TUPAC-TR-253.svs ../../../data/TrainingData/small_images-level-2-mask/TUPAC-TR-253.png
../../../data/TrainingData/training_image_data/TUPAC-TR-086.svs ../../../data/TrainingData/small_images-level-2-mask/TUPAC-TR-086.png
../../../data/TrainingData/training_image_data/TUPAC-TR-330.svs ../../../data/TrainingData/small_images-level-2-mask/TUPAC-TR-330.png
../../../data/TrainingData/training_image_data/TUPAC-TR-193.svs ../../../data/TrainingData/small_images-level-2-mask/TUPAC-TR-193.png
../../../data/TrainingData/training_image_data/TUPAC-TR-494.svs ../../../data/TrainingData/small_images-level-2-mask/TUPAC-TR-494.png
../../../data/TrainingData/training_image_data/TUPAC-TR-143.svs ../../../data/TrainingData/small_images-level-2-mask/TUPAC-TR-143.png
../../../data/TrainingData/training_image_data/TUPAC-TR-366.svs ../../../data/TrainingData/small_images-level-2-mask/TUPAC-TR-366.png
../../../data/TrainingData/training_image_data/TUPAC-TR-153.svs ../../../data/TrainingData/small_images-level-2-mask/TUPAC-TR-153.png
../../../data/TrainingData/training_image_data/TUPAC-TR-316.svs ../../../data/TrainingData/small_images-level-2-mask/TUPAC-TR-316.png
../../../data/TrainingData/training_image_data/TUPAC-TR-161.svs ../../../data/TrainingData/small_images-level-2-mask/TUPAC-TR-161.png
../../../data/TrainingData/training_image_data/TUPAC-TR-293.svs ../../../data/TrainingData/small_images-level-2-mask/TUPAC-TR-293.png
../../../data/TrainingData/training_image_data/TUPAC-TR-380.svs ../../../data/TrainingData/small_images-level-2-mask/TUPAC-TR-380.png
../../../data/TrainingData/training_image_data/TUPAC-TR-233.svs ../../../data/TrainingData/small_images-level-2-mask/TUPAC-TR-233.png
../../../data/TrainingData/training_image_data/TUPAC-TR-461.svs ../../../data/TrainingData/small_images-level-2-mask/TUPAC-TR-461.png
../../../data/TrainingData/training_image_data/TUPAC-TR-348.svs ../../../data/TrainingData/small_images-level-2-mask/TUPAC-TR-348.png
../../../data/TrainingData/training_image_data/TUPAC-TR-232.svs ../../../data/TrainingData/small_images-level-2-mask/TUPAC-TR-232.png
../../../data/TrainingData/training_image_data/TUPAC-TR-042.svs ../../../data/TrainingData/small_images-level-2-mask/TUPAC-TR-042.png
../../../data/TrainingData/training_image_data/TUPAC-TR-216.svs ../../../data/TrainingData/small_images-level-2-mask/TUPAC-TR-216.png
../../../data/TrainingData/training_image_data/TUPAC-TR-306.svs ../../../data/TrainingData/small_images-level-2-mask/TUPAC-TR-306.png
../../../data/TrainingData/training_image_data/TUPAC-TR-175.svs ../../../data/TrainingData/small_images-level-2-mask/TUPAC-TR-175.png
../../../data/TrainingData/training_image_data/TUPAC-TR-062.svs ../../../data/TrainingData/small_images-level-2-mask/TUPAC-TR-062.png
../../../data/TrainingData/training_image_data/TUPAC-TR-492.svs ../../../data/TrainingData/small_images-level-2-mask/TUPAC-TR-492.png
../../../data/TrainingData/training_image_data/TUPAC-TR-119.svs ../../../data/TrainingData/small_images-level-2-mask/TUPAC-TR-119.png
../../../data/TrainingData/training_image_data/TUPAC-TR-370.svs ../../../data/TrainingData/small_images-level-2-mask/TUPAC-TR-370.png
../../../data/TrainingData/training_image_data/TUPAC-TR-296.svs ../../../data/TrainingData/small_images-level-2-mask/TUPAC-TR-296.png
../../../data/TrainingData/training_image_data/TUPAC-TR-030.svs ../../../data/TrainingData/small_images-level-2-mask/TUPAC-TR-030.png
../../../data/TrainingData/training_image_data/TUPAC-TR-335.svs ../../../data/TrainingData/small_images-level-2-mask/TUPAC-TR-335.png
../../../data/TrainingData/training_image_data/TUPAC-TR-013.svs ../../../data/TrainingData/small_images-level-2-mask/TUPAC-TR-013.png
../../../data/TrainingData/training_image_data/TUPAC-TR-384.svs ../../../data/TrainingData/small_images-level-2-mask/TUPAC-TR-384.png
../../../data/TrainingData/training_image_data/TUPAC-TR-278.svs ../../../data/TrainingData/small_images-level-2-mask/TUPAC-TR-278.png
../../../data/TrainingData/training_image_data/TUPAC-TR-154.svs ../../../data/TrainingData/small_images-level-2-mask/TUPAC-TR-154.png
../../../data/TrainingData/training_image_data/TUPAC-TR-302.svs ../../../data/TrainingData/small_images-level-2-mask/TUPAC-TR-302.png
../../../data/TrainingData/training_image_data/TUPAC-TR-007.svs ../../../data/TrainingData/small_images-level-2-mask/TUPAC-TR-007.png
../../../data/TrainingData/training_image_data/TUPAC-TR-162.svs ../../../data/TrainingData/small_images-level-2-mask/TUPAC-TR-162.png
../../../data/TrainingData/training_image_data/TUPAC-TR-117.svs ../../../data/TrainingData/small_images-level-2-mask/TUPAC-TR-117.png
../../../data/TrainingData/training_image_data/TUPAC-TR-028.svs ../../../data/TrainingData/small_images-level-2-mask/TUPAC-TR-028.png
../../../data/TrainingData/training_image_data/TUPAC-TR-451.svs ../../../data/TrainingData/small_images-level-2-mask/TUPAC-TR-451.png
../../../data/TrainingData/training_image_data/TUPAC-TR-174.svs ../../../data/TrainingData/small_images-level-2-mask/TUPAC-TR-174.png
../../../data/TrainingData/training_image_data/TUPAC-TR-060.svs ../../../data/TrainingData/small_images-level-2-mask/TUPAC-TR-060.png
../../../data/TrainingData/training_image_data/TUPAC-TR-383.svs ../../../data/TrainingData/small_images-level-2-mask/TUPAC-TR-383.png
../../../data/TrainingData/training_image_data/TUPAC-TR-236.svs ../../../data/TrainingData/small_images-level-2-mask/TUPAC-TR-236.png
../../../data/TrainingData/training_image_data/TUPAC-TR-234.svs ../../../data/TrainingData/small_images-level-2-mask/TUPAC-TR-234.png
../../../data/TrainingData/training_image_data/TUPAC-TR-361.svs ../../../data/TrainingData/small_images-level-2-mask/TUPAC-TR-361.png
../../../data/TrainingData/training_image_data/TUPAC-TR-075.svs ../../../data/TrainingData/small_images-level-2-mask/TUPAC-TR-075.png
../../../data/TrainingData/training_image_data/TUPAC-TR-083.svs ../../../data/TrainingData/small_images-level-2-mask/TUPAC-TR-083.png
../../../data/TrainingData/training_image_data/TUPAC-TR-326.svs ../../../data/TrainingData/small_images-level-2-mask/TUPAC-TR-326.png
../../../data/TrainingData/training_image_data/TUPAC-TR-315.svs ../../../data/TrainingData/small_images-level-2-mask/TUPAC-TR-315.png
../../../data/TrainingData/training_image_data/TUPAC-TR-462.svs ../../../data/TrainingData/small_images-level-2-mask/TUPAC-TR-462.png
../../../data/TrainingData/training_image_data/TUPAC-TR-177.svs ../../../data/TrainingData/small_images-level-2-mask/TUPAC-TR-177.png
../../../data/TrainingData/training_image_data/TUPAC-TR-047.svs ../../../data/TrainingData/small_images-level-2-mask/TUPAC-TR-047.png
../../../data/TrainingData/training_image_data/TUPAC-TR-453.svs ../../../data/TrainingData/small_images-level-2-mask/TUPAC-TR-453.png
../../../data/TrainingData/training_image_data/TUPAC-TR-065.svs ../../../data/TrainingData/small_images-level-2-mask/TUPAC-TR-065.png
../../../data/TrainingData/training_image_data/TUPAC-TR-470.svs ../../../data/TrainingData/small_images-level-2-mask/TUPAC-TR-470.png
../../../data/TrainingData/training_image_data/TUPAC-TR-118.svs ../../../data/TrainingData/small_images-level-2-mask/TUPAC-TR-118.png
../../../data/TrainingData/training_image_data/TUPAC-TR-312.svs ../../../data/TrainingData/small_images-level-2-mask/TUPAC-TR-312.png
../../../data/TrainingData/training_image_data/TUPAC-TR-469.svs ../../../data/TrainingData/small_images-level-2-mask/TUPAC-TR-469.png
../../../data/TrainingData/training_image_data/TUPAC-TR-287.svs ../../../data/TrainingData/small_images-level-2-mask/TUPAC-TR-287.png
../../../data/TrainingData/training_image_data/TUPAC-TR-290.svs ../../../data/TrainingData/small_images-level-2-mask/TUPAC-TR-290.png
../../../data/TrainingData/training_image_data/TUPAC-TR-381.svs ../../../data/TrainingData/small_images-level-2-mask/TUPAC-TR-381.png
../../../data/TrainingData/training_image_data/TUPAC-TR-497.svs ../../../data/TrainingData/small_images-level-2-mask/TUPAC-TR-497.png
../../../data/TrainingData/training_image_data/TUPAC-TR-420.svs ../../../data/TrainingData/small_images-level-2-mask/TUPAC-TR-420.png
../../../data/TrainingData/training_image_data/TUPAC-TR-226.svs ../../../data/TrainingData/small_images-level-2-mask/TUPAC-TR-226.png
../../../data/TrainingData/training_image_data/TUPAC-TR-301.svs ../../../data/TrainingData/small_images-level-2-mask/TUPAC-TR-301.png
../../../data/TrainingData/training_image_data/TUPAC-TR-126.svs ../../../data/TrainingData/small_images-level-2-mask/TUPAC-TR-126.png
../../../data/TrainingData/training_image_data/TUPAC-TR-288.svs ../../../data/TrainingData/small_images-level-2-mask/TUPAC-TR-288.png
../../../data/TrainingData/training_image_data/TUPAC-TR-044.svs ../../../data/TrainingData/small_images-level-2-mask/TUPAC-TR-044.png
../../../data/TrainingData/training_image_data/TUPAC-TR-139.svs ../../../data/TrainingData/small_images-level-2-mask/TUPAC-TR-139.png
../../../data/TrainingData/training_image_data/TUPAC-TR-072.svs ../../../data/TrainingData/small_images-level-2-mask/TUPAC-TR-072.png
../../../data/TrainingData/training_image_data/TUPAC-TR-051.svs ../../../data/TrainingData/small_images-level-2-mask/TUPAC-TR-051.png
../../../data/TrainingData/training_image_data/TUPAC-TR-436.svs ../../../data/TrainingData/small_images-level-2-mask/TUPAC-TR-436.png
../../../data/TrainingData/training_image_data/TUPAC-TR-402.svs ../../../data/TrainingData/small_images-level-2-mask/TUPAC-TR-402.png
../../../data/TrainingData/training_image_data/TUPAC-TR-212.svs ../../../data/TrainingData/small_images-level-2-mask/TUPAC-TR-212.png
../../../data/TrainingData/training_image_data/TUPAC-TR-080.svs ../../../data/TrainingData/small_images-level-2-mask/TUPAC-TR-080.png
../../../data/TrainingData/training_image_data/TUPAC-TR-337.svs ../../../data/TrainingData/small_images-level-2-mask/TUPAC-TR-337.png
../../../data/TrainingData/training_image_data/TUPAC-TR-001.svs ../../../data/TrainingData/small_images-level-2-mask/TUPAC-TR-001.png
../../../data/TrainingData/training_image_data/TUPAC-TR-099.svs ../../../data/TrainingData/small_images-level-2-mask/TUPAC-TR-099.png
../../../data/TrainingData/training_image_data/TUPAC-TR-020.svs ../../../data/TrainingData/small_images-level-2-mask/TUPAC-TR-020.png
../../../data/TrainingData/training_image_data/TUPAC-TR-134.svs ../../../data/TrainingData/small_images-level-2-mask/TUPAC-TR-134.png
../../../data/TrainingData/training_image_data/TUPAC-TR-414.svs ../../../data/TrainingData/small_images-level-2-mask/TUPAC-TR-414.png
../../../data/TrainingData/training_image_data/TUPAC-TR-371.svs ../../../data/TrainingData/small_images-level-2-mask/TUPAC-TR-371.png
../../../data/TrainingData/training_image_data/TUPAC-TR-267.svs ../../../data/TrainingData/small_images-level-2-mask/TUPAC-TR-267.png
../../../data/TrainingData/training_image_data/TUPAC-TR-110.svs ../../../data/TrainingData/small_images-level-2-mask/TUPAC-TR-110.png
../../../data/TrainingData/training_image_data/TUPAC-TR-111.svs ../../../data/TrainingData/small_images-level-2-mask/TUPAC-TR-111.png
../../../data/TrainingData/training_image_data/TUPAC-TR-240.svs ../../../data/TrainingData/small_images-level-2-mask/TUPAC-TR-240.png
../../../data/TrainingData/training_image_data/TUPAC-TR-327.svs ../../../data/TrainingData/small_images-level-2-mask/TUPAC-TR-327.png
../../../data/TrainingData/training_image_data/TUPAC-TR-345.svs ../../../data/TrainingData/small_images-level-2-mask/TUPAC-TR-345.png
../../../data/TrainingData/training_image_data/TUPAC-TR-120.svs ../../../data/TrainingData/small_images-level-2-mask/TUPAC-TR-120.png
../../../data/TrainingData/training_image_data/TUPAC-TR-440.svs ../../../data/TrainingData/small_images-level-2-mask/TUPAC-TR-440.png
../../../data/TrainingData/training_image_data/TUPAC-TR-167.svs ../../../data/TrainingData/small_images-level-2-mask/TUPAC-TR-167.png
../../../data/TrainingData/training_image_data/TUPAC-TR-426.svs ../../../data/TrainingData/small_images-level-2-mask/TUPAC-TR-426.png
../../../data/TrainingData/training_image_data/TUPAC-TR-264.svs ../../../data/TrainingData/small_images-level-2-mask/TUPAC-TR-264.png
../../../data/TrainingData/training_image_data/TUPAC-TR-016.svs ../../../data/TrainingData/small_images-level-2-mask/TUPAC-TR-016.png
../../../data/TrainingData/training_image_data/TUPAC-TR-248.svs ../../../data/TrainingData/small_images-level-2-mask/TUPAC-TR-248.png
../../../data/TrainingData/training_image_data/TUPAC-TR-454.svs ../../../data/TrainingData/small_images-level-2-mask/TUPAC-TR-454.png
../../../data/TrainingData/training_image_data/TUPAC-TR-468.svs ../../../data/TrainingData/small_images-level-2-mask/TUPAC-TR-468.png
../../../data/TrainingData/training_image_data/TUPAC-TR-098.svs ../../../data/TrainingData/small_images-level-2-mask/TUPAC-TR-098.png
../../../data/TrainingData/training_image_data/TUPAC-TR-076.svs ../../../data/TrainingData/small_images-level-2-mask/TUPAC-TR-076.png
../../../data/TrainingData/training_image_data/TUPAC-TR-352.svs ../../../data/TrainingData/small_images-level-2-mask/TUPAC-TR-352.png
../../../data/TrainingData/training_image_data/TUPAC-TR-346.svs ../../../data/TrainingData/small_images-level-2-mask/TUPAC-TR-346.png
../../../data/TrainingData/training_image_data/TUPAC-TR-286.svs ../../../data/TrainingData/small_images-level-2-mask/TUPAC-TR-286.png
../../../data/TrainingData/training_image_data/TUPAC-TR-471.svs ../../../data/TrainingData/small_images-level-2-mask/TUPAC-TR-471.png
../../../data/TrainingData/training_image_data/TUPAC-TR-491.svs ../../../data/TrainingData/small_images-level-2-mask/TUPAC-TR-491.png
../../../data/TrainingData/training_image_data/TUPAC-TR-488.svs ../../../data/TrainingData/small_images-level-2-mask/TUPAC-TR-488.png
../../../data/TrainingData/training_image_data/TUPAC-TR-496.svs ../../../data/TrainingData/small_images-level-2-mask/TUPAC-TR-496.png
../../../data/TrainingData/training_image_data/TUPAC-TR-038.svs ../../../data/TrainingData/small_images-level-2-mask/TUPAC-TR-038.png
../../../data/TrainingData/training_image_data/TUPAC-TR-252.svs ../../../data/TrainingData/small_images-level-2-mask/TUPAC-TR-252.png
../../../data/TrainingData/training_image_data/TUPAC-TR-357.svs ../../../data/TrainingData/small_images-level-2-mask/TUPAC-TR-357.png
../../../data/TrainingData/training_image_data/TUPAC-TR-102.svs ../../../data/TrainingData/small_images-level-2-mask/TUPAC-TR-102.png
../../../data/TrainingData/training_image_data/TUPAC-TR-498.svs ../../../data/TrainingData/small_images-level-2-mask/TUPAC-TR-498.png
../../../data/TrainingData/training_image_data/TUPAC-TR-331.svs ../../../data/TrainingData/small_images-level-2-mask/TUPAC-TR-331.png
../../../data/TrainingData/training_image_data/TUPAC-TR-005.svs ../../../data/TrainingData/small_images-level-2-mask/TUPAC-TR-005.png
../../../data/TrainingData/training_image_data/TUPAC-TR-181.svs ../../../data/TrainingData/small_images-level-2-mask/TUPAC-TR-181.png
../../../data/TrainingData/training_image_data/TUPAC-TR-409.svs ../../../data/TrainingData/small_images-level-2-mask/TUPAC-TR-409.png
../../../data/TrainingData/training_image_data/TUPAC-TR-027.svs ../../../data/TrainingData/small_images-level-2-mask/TUPAC-TR-027.png
../../../data/TrainingData/training_image_data/TUPAC-TR-358.svs ../../../data/TrainingData/small_images-level-2-mask/TUPAC-TR-358.png
../../../data/TrainingData/training_image_data/TUPAC-TR-351.svs ../../../data/TrainingData/small_images-level-2-mask/TUPAC-TR-351.png
../../../data/TrainingData/training_image_data/TUPAC-TR-034.svs ../../../data/TrainingData/small_images-level-2-mask/TUPAC-TR-034.png
../../../data/TrainingData/training_image_data/TUPAC-TR-032.svs ../../../data/TrainingData/small_images-level-2-mask/TUPAC-TR-032.png
../../../data/TrainingData/training_image_data/TUPAC-TR-089.svs ../../../data/TrainingData/small_images-level-2-mask/TUPAC-TR-089.png
../../../data/TrainingData/training_image_data/TUPAC-TR-423.svs ../../../data/TrainingData/small_images-level-2-mask/TUPAC-TR-423.png
../../../data/TrainingData/training_image_data/TUPAC-TR-127.svs ../../../data/TrainingData/small_images-level-2-mask/TUPAC-TR-127.png
../../../data/TrainingData/training_image_data/TUPAC-TR-279.svs ../../../data/TrainingData/small_images-level-2-mask/TUPAC-TR-279.png
../../../data/TrainingData/training_image_data/TUPAC-TR-422.svs ../../../data/TrainingData/small_images-level-2-mask/TUPAC-TR-422.png
../../../data/TrainingData/training_image_data/TUPAC-TR-385.svs ../../../data/TrainingData/small_images-level-2-mask/TUPAC-TR-385.png
../../../data/TrainingData/training_image_data/TUPAC-TR-168.svs ../../../data/TrainingData/small_images-level-2-mask/TUPAC-TR-168.png
../../../data/TrainingData/training_image_data/TUPAC-TR-323.svs ../../../data/TrainingData/small_images-level-2-mask/TUPAC-TR-323.png
../../../data/TrainingData/training_image_data/TUPAC-TR-372.svs ../../../data/TrainingData/small_images-level-2-mask/TUPAC-TR-372.png
../../../data/TrainingData/training_image_data/TUPAC-TR-439.svs ../../../data/TrainingData/small_images-level-2-mask/TUPAC-TR-439.png
../../../data/TrainingData/training_image_data/TUPAC-TR-056.svs ../../../data/TrainingData/small_images-level-2-mask/TUPAC-TR-056.png
../../../data/TrainingData/training_image_data/TUPAC-TR-433.svs ../../../data/TrainingData/small_images-level-2-mask/TUPAC-TR-433.png
../../../data/TrainingData/training_image_data/TUPAC-TR-132.svs ../../../data/TrainingData/small_images-level-2-mask/TUPAC-TR-132.png
../../../data/TrainingData/training_image_data/TUPAC-TR-186.svs ../../../data/TrainingData/small_images-level-2-mask/TUPAC-TR-186.png
../../../data/TrainingData/training_image_data/TUPAC-TR-325.svs ../../../data/TrainingData/small_images-level-2-mask/TUPAC-TR-325.png
../../../data/TrainingData/training_image_data/TUPAC-TR-211.svs ../../../data/TrainingData/small_images-level-2-mask/TUPAC-TR-211.png
../../../data/TrainingData/training_image_data/TUPAC-TR-281.svs ../../../data/TrainingData/small_images-level-2-mask/TUPAC-TR-281.png
../../../data/TrainingData/training_image_data/TUPAC-TR-271.svs ../../../data/TrainingData/small_images-level-2-mask/TUPAC-TR-271.png
../../../data/TrainingData/training_image_data/TUPAC-TR-201.svs ../../../data/TrainingData/small_images-level-2-mask/TUPAC-TR-201.png
../../../data/TrainingData/training_image_data/TUPAC-TR-445.svs ../../../data/TrainingData/small_images-level-2-mask/TUPAC-TR-445.png
../../../data/TrainingData/training_image_data/TUPAC-TR-036.svs ../../../data/TrainingData/small_images-level-2-mask/TUPAC-TR-036.png
../../../data/TrainingData/training_image_data/TUPAC-TR-187.svs ../../../data/TrainingData/small_images-level-2-mask/TUPAC-TR-187.png
../../../data/TrainingData/training_image_data/TUPAC-TR-064.svs ../../../data/TrainingData/small_images-level-2-mask/TUPAC-TR-064.png
../../../data/TrainingData/training_image_data/TUPAC-TR-046.svs ../../../data/TrainingData/small_images-level-2-mask/TUPAC-TR-046.png
../../../data/TrainingData/training_image_data/TUPAC-TR-171.svs ../../../data/TrainingData/small_images-level-2-mask/TUPAC-TR-171.png
../../../data/TrainingData/training_image_data/TUPAC-TR-073.svs ../../../data/TrainingData/small_images-level-2-mask/TUPAC-TR-073.png
../../../data/TrainingData/training_image_data/TUPAC-TR-355.svs ../../../data/TrainingData/small_images-level-2-mask/TUPAC-TR-355.png
../../../data/TrainingData/training_image_data/TUPAC-TR-017.svs ../../../data/TrainingData/small_images-level-2-mask/TUPAC-TR-017.png
../../../data/TrainingData/training_image_data/TUPAC-TR-294.svs ../../../data/TrainingData/small_images-level-2-mask/TUPAC-TR-294.png
../../../data/TrainingData/training_image_data/TUPAC-TR-464.svs ../../../data/TrainingData/small_images-level-2-mask/TUPAC-TR-464.png
../../../data/TrainingData/training_image_data/TUPAC-TR-206.svs ../../../data/TrainingData/small_images-level-2-mask/TUPAC-TR-206.png
../../../data/TrainingData/training_image_data/TUPAC-TR-334.svs ../../../data/TrainingData/small_images-level-2-mask/TUPAC-TR-334.png
../../../data/TrainingData/training_image_data/TUPAC-TR-339.svs ../../../data/TrainingData/small_images-level-2-mask/TUPAC-TR-339.png
../../../data/TrainingData/training_image_data/TUPAC-TR-088.svs ../../../data/TrainingData/small_images-level-2-mask/TUPAC-TR-088.png
../../../data/TrainingData/training_image_data/TUPAC-TR-103.svs ../../../data/TrainingData/small_images-level-2-mask/TUPAC-TR-103.png
../../../data/TrainingData/training_image_data/TUPAC-TR-447.svs ../../../data/TrainingData/small_images-level-2-mask/TUPAC-TR-447.png
../../../data/TrainingData/training_image_data/TUPAC-TR-473.svs ../../../data/TrainingData/small_images-level-2-mask/TUPAC-TR-473.png
../../../data/TrainingData/training_image_data/TUPAC-TR-368.svs ../../../data/TrainingData/small_images-level-2-mask/TUPAC-TR-368.png
../../../data/TrainingData/training_image_data/TUPAC-TR-084.svs ../../../data/TrainingData/small_images-level-2-mask/TUPAC-TR-084.png
../../../data/TrainingData/training_image_data/TUPAC-TR-289.svs ../../../data/TrainingData/small_images-level-2-mask/TUPAC-TR-289.png
../../../data/TrainingData/training_image_data/TUPAC-TR-477.svs ../../../data/TrainingData/small_images-level-2-mask/TUPAC-TR-477.png
../../../data/TrainingData/training_image_data/TUPAC-TR-147.svs ../../../data/TrainingData/small_images-level-2-mask/TUPAC-TR-147.png
../../../data/TrainingData/training_image_data/TUPAC-TR-031.svs ../../../data/TrainingData/small_images-level-2-mask/TUPAC-TR-031.png
../../../data/TrainingData/training_image_data/TUPAC-TR-401.svs ../../../data/TrainingData/small_images-level-2-mask/TUPAC-TR-401.png
../../../data/TrainingData/training_image_data/TUPAC-TR-095.svs ../../../data/TrainingData/small_images-level-2-mask/TUPAC-TR-095.png
../../../data/TrainingData/training_image_data/TUPAC-TR-319.svs ../../../data/TrainingData/small_images-level-2-mask/TUPAC-TR-319.png
../../../data/TrainingData/training_image_data/TUPAC-TR-437.svs ../../../data/TrainingData/small_images-level-2-mask/TUPAC-TR-437.png
../../../data/TrainingData/training_image_data/TUPAC-TR-376.svs ../../../data/TrainingData/small_images-level-2-mask/TUPAC-TR-376.png
../../../data/TrainingData/training_image_data/TUPAC-TR-166.svs ../../../data/TrainingData/small_images-level-2-mask/TUPAC-TR-166.png
../../../data/TrainingData/training_image_data/TUPAC-TR-484.svs ../../../data/TrainingData/small_images-level-2-mask/TUPAC-TR-484.png
../../../data/TrainingData/training_image_data/TUPAC-TR-218.svs ../../../data/TrainingData/small_images-level-2-mask/TUPAC-TR-218.png
../../../data/TrainingData/training_image_data/TUPAC-TR-265.svs ../../../data/TrainingData/small_images-level-2-mask/TUPAC-TR-265.png
../../../data/TrainingData/training_image_data/TUPAC-TR-197.svs ../../../data/TrainingData/small_images-level-2-mask/TUPAC-TR-197.png
../../../data/TrainingData/training_image_data/TUPAC-TR-022.svs ../../../data/TrainingData/small_images-level-2-mask/TUPAC-TR-022.png
../../../data/TrainingData/training_image_data/TUPAC-TR-213.svs ../../../data/TrainingData/small_images-level-2-mask/TUPAC-TR-213.png
../../../data/TrainingData/training_image_data/TUPAC-TR-272.svs ../../../data/TrainingData/small_images-level-2-mask/TUPAC-TR-272.png
../../../data/TrainingData/training_image_data/TUPAC-TR-259.svs ../../../data/TrainingData/small_images-level-2-mask/TUPAC-TR-259.png
../../../data/TrainingData/training_image_data/TUPAC-TR-059.svs ../../../data/TrainingData/small_images-level-2-mask/TUPAC-TR-059.png
../../../data/TrainingData/training_image_data/TUPAC-TR-025.svs ../../../data/TrainingData/small_images-level-2-mask/TUPAC-TR-025.png
../../../data/TrainingData/training_image_data/TUPAC-TR-260.svs ../../../data/TrainingData/small_images-level-2-mask/TUPAC-TR-260.png
../../../data/TrainingData/training_image_data/TUPAC-TR-354.svs ../../../data/TrainingData/small_images-level-2-mask/TUPAC-TR-354.png
../../../data/TrainingData/training_image_data/TUPAC-TR-350.svs ../../../data/TrainingData/small_images-level-2-mask/TUPAC-TR-350.png
../../../data/TrainingData/training_image_data/TUPAC-TR-424.svs ../../../data/TrainingData/small_images-level-2-mask/TUPAC-TR-424.png
../../../data/TrainingData/training_image_data/TUPAC-TR-235.svs ../../../data/TrainingData/small_images-level-2-mask/TUPAC-TR-235.png
../../../data/TrainingData/training_image_data/TUPAC-TR-390.svs ../../../data/TrainingData/small_images-level-2-mask/TUPAC-TR-390.png
../../../data/TrainingData/training_image_data/TUPAC-TR-499.svs ../../../data/TrainingData/small_images-level-2-mask/TUPAC-TR-499.png
../../../data/TrainingData/training_image_data/TUPAC-TR-125.svs ../../../data/TrainingData/small_images-level-2-mask/TUPAC-TR-125.png
../../../data/TrainingData/training_image_data/TUPAC-TR-258.svs ../../../data/TrainingData/small_images-level-2-mask/TUPAC-TR-258.png
../../../data/TrainingData/training_image_data/TUPAC-TR-495.svs ../../../data/TrainingData/small_images-level-2-mask/TUPAC-TR-495.png
../../../data/TrainingData/training_image_data/TUPAC-TR-106.svs ../../../data/TrainingData/small_images-level-2-mask/TUPAC-TR-106.png
../../../data/TrainingData/training_image_data/TUPAC-TR-159.svs ../../../data/TrainingData/small_images-level-2-mask/TUPAC-TR-159.png
../../../data/TrainingData/training_image_data/TUPAC-TR-480.svs ../../../data/TrainingData/small_images-level-2-mask/TUPAC-TR-480.png
../../../data/TrainingData/training_image_data/TUPAC-TR-406.svs ../../../data/TrainingData/small_images-level-2-mask/TUPAC-TR-406.png
../../../data/TrainingData/training_image_data/TUPAC-TR-460.svs ../../../data/TrainingData/small_images-level-2-mask/TUPAC-TR-460.png
../../../data/TrainingData/training_image_data/TUPAC-TR-262.svs ../../../data/TrainingData/small_images-level-2-mask/TUPAC-TR-262.png
../../../data/TrainingData/training_image_data/TUPAC-TR-391.svs ../../../data/TrainingData/small_images-level-2-mask/TUPAC-TR-391.png
../../../data/TrainingData/training_image_data/TUPAC-TR-074.svs ../../../data/TrainingData/small_images-level-2-mask/TUPAC-TR-074.png
../../../data/TrainingData/training_image_data/TUPAC-TR-136.svs ../../../data/TrainingData/small_images-level-2-mask/TUPAC-TR-136.png
../../../data/TrainingData/training_image_data/TUPAC-TR-008.svs ../../../data/TrainingData/small_images-level-2-mask/TUPAC-TR-008.png
../../../data/TrainingData/training_image_data/TUPAC-TR-188.svs ../../../data/TrainingData/small_images-level-2-mask/TUPAC-TR-188.png
../../../data/TrainingData/training_image_data/TUPAC-TR-475.svs ../../../data/TrainingData/small_images-level-2-mask/TUPAC-TR-475.png
../../../data/TrainingData/training_image_data/TUPAC-TR-263.svs ../../../data/TrainingData/small_images-level-2-mask/TUPAC-TR-263.png
../../../data/TrainingData/training_image_data/TUPAC-TR-019.svs ../../../data/TrainingData/small_images-level-2-mask/TUPAC-TR-019.png
../../../data/TrainingData/training_image_data/TUPAC-TR-269.svs ../../../data/TrainingData/small_images-level-2-mask/TUPAC-TR-269.png
../../../data/TrainingData/training_image_data/TUPAC-TR-322.svs ../../../data/TrainingData/small_images-level-2-mask/TUPAC-TR-322.png
../../../data/TrainingData/training_image_data/TUPAC-TR-342.svs ../../../data/TrainingData/small_images-level-2-mask/TUPAC-TR-342.png
../../../data/TrainingData/training_image_data/TUPAC-TR-144.svs ../../../data/TrainingData/small_images-level-2-mask/TUPAC-TR-144.png
../../../data/TrainingData/training_image_data/TUPAC-TR-435.svs ../../../data/TrainingData/small_images-level-2-mask/TUPAC-TR-435.png
../../../data/TrainingData/training_image_data/TUPAC-TR-219.svs ../../../data/TrainingData/small_images-level-2-mask/TUPAC-TR-219.png
../../../data/TrainingData/training_image_data/TUPAC-TR-419.svs ../../../data/TrainingData/small_images-level-2-mask/TUPAC-TR-419.png
../../../data/TrainingData/training_image_data/TUPAC-TR-010.svs ../../../data/TrainingData/small_images-level-2-mask/TUPAC-TR-010.png
../../../data/TrainingData/training_image_data/TUPAC-TR-023.svs ../../../data/TrainingData/small_images-level-2-mask/TUPAC-TR-023.png
../../../data/TrainingData/training_image_data/TUPAC-TR-003.svs ../../../data/TrainingData/small_images-level-2-mask/TUPAC-TR-003.png
../../../data/TrainingData/training_image_data/TUPAC-TR-382.svs ../../../data/TrainingData/small_images-level-2-mask/TUPAC-TR-382.png
../../../data/TrainingData/training_image_data/TUPAC-TR-048.svs ../../../data/TrainingData/small_images-level-2-mask/TUPAC-TR-048.png
../../../data/TrainingData/training_image_data/TUPAC-TR-353.svs ../../../data/TrainingData/small_images-level-2-mask/TUPAC-TR-353.png
../../../data/TrainingData/training_image_data/TUPAC-TR-356.svs ../../../data/TrainingData/small_images-level-2-mask/TUPAC-TR-356.png
../../../data/TrainingData/training_image_data/TUPAC-TR-116.svs ../../../data/TrainingData/small_images-level-2-mask/TUPAC-TR-116.png
../../../data/TrainingData/training_image_data/TUPAC-TR-393.svs ../../../data/TrainingData/small_images-level-2-mask/TUPAC-TR-393.png
../../../data/TrainingData/training_image_data/TUPAC-TR-449.svs ../../../data/TrainingData/small_images-level-2-mask/TUPAC-TR-449.png
../../../data/TrainingData/training_image_data/TUPAC-TR-458.svs ../../../data/TrainingData/small_images-level-2-mask/TUPAC-TR-458.png
../../../data/TrainingData/training_image_data/TUPAC-TR-332.svs ../../../data/TrainingData/small_images-level-2-mask/TUPAC-TR-332.png
../../../data/TrainingData/training_image_data/TUPAC-TR-230.svs ../../../data/TrainingData/small_images-level-2-mask/TUPAC-TR-230.png
../../../data/TrainingData/training_image_data/TUPAC-TR-400.svs ../../../data/TrainingData/small_images-level-2-mask/TUPAC-TR-400.png
../../../data/TrainingData/training_image_data/TUPAC-TR-207.svs ../../../data/TrainingData/small_images-level-2-mask/TUPAC-TR-207.png
../../../data/TrainingData/training_image_data/TUPAC-TR-374.svs ../../../data/TrainingData/small_images-level-2-mask/TUPAC-TR-374.png
../../../data/TrainingData/training_image_data/TUPAC-TR-276.svs ../../../data/TrainingData/small_images-level-2-mask/TUPAC-TR-276.png
../../../data/TrainingData/training_image_data/TUPAC-TR-431.svs ../../../data/TrainingData/small_images-level-2-mask/TUPAC-TR-431.png
../../../data/TrainingData/training_image_data/TUPAC-TR-292.svs ../../../data/TrainingData/small_images-level-2-mask/TUPAC-TR-292.png
../../../data/TrainingData/training_image_data/TUPAC-TR-333.svs ../../../data/TrainingData/small_images-level-2-mask/TUPAC-TR-333.png
../../../data/TrainingData/training_image_data/TUPAC-TR-476.svs ../../../data/TrainingData/small_images-level-2-mask/TUPAC-TR-476.png
../../../data/TrainingData/training_image_data/TUPAC-TR-071.svs ../../../data/TrainingData/small_images-level-2-mask/TUPAC-TR-071.png
../../../data/TrainingData/training_image_data/TUPAC-TR-082.svs ../../../data/TrainingData/small_images-level-2-mask/TUPAC-TR-082.png
../../../data/TrainingData/training_image_data/TUPAC-TR-195.svs ../../../data/TrainingData/small_images-level-2-mask/TUPAC-TR-195.png
../../../data/TrainingData/training_image_data/TUPAC-TR-241.svs ../../../data/TrainingData/small_images-level-2-mask/TUPAC-TR-241.png
../../../data/TrainingData/training_image_data/TUPAC-TR-457.svs ../../../data/TrainingData/small_images-level-2-mask/TUPAC-TR-457.png
../../../data/TrainingData/training_image_data/TUPAC-TR-192.svs ../../../data/TrainingData/small_images-level-2-mask/TUPAC-TR-192.png
../../../data/TrainingData/training_image_data/TUPAC-TR-418.svs ../../../data/TrainingData/small_images-level-2-mask/TUPAC-TR-418.png
../../../data/TrainingData/training_image_data/TUPAC-TR-114.svs ../../../data/TrainingData/small_images-level-2-mask/TUPAC-TR-114.png
../../../data/TrainingData/training_image_data/TUPAC-TR-123.svs ../../../data/TrainingData/small_images-level-2-mask/TUPAC-TR-123.png
