../../../data/TrainingData/training_image_data/TUPAC-TR-356.svs ../../../data/TrainingData/small_images-level-2-mask/TUPAC-TR-356.png
../../../data/TrainingData/training_image_data/TUPAC-TR-147.svs ../../../data/TrainingData/small_images-level-2-mask/TUPAC-TR-147.png
../../../data/TrainingData/training_image_data/TUPAC-TR-296.svs ../../../data/TrainingData/small_images-level-2-mask/TUPAC-TR-296.png
../../../data/TrainingData/training_image_data/TUPAC-TR-244.svs ../../../data/TrainingData/small_images-level-2-mask/TUPAC-TR-244.png
../../../data/TrainingData/training_image_data/TUPAC-TR-310.svs ../../../data/TrainingData/small_images-level-2-mask/TUPAC-TR-310.png
../../../data/TrainingData/training_image_data/TUPAC-TR-056.svs ../../../data/TrainingData/small_images-level-2-mask/TUPAC-TR-056.png
../../../data/TrainingData/training_image_data/TUPAC-TR-121.svs ../../../data/TrainingData/small_images-level-2-mask/TUPAC-TR-121.png
../../../data/TrainingData/training_image_data/TUPAC-TR-197.svs ../../../data/TrainingData/small_images-level-2-mask/TUPAC-TR-197.png
../../../data/TrainingData/training_image_data/TUPAC-TR-184.svs ../../../data/TrainingData/small_images-level-2-mask/TUPAC-TR-184.png
../../../data/TrainingData/training_image_data/TUPAC-TR-084.svs ../../../data/TrainingData/small_images-level-2-mask/TUPAC-TR-084.png
../../../data/TrainingData/training_image_data/TUPAC-TR-102.svs ../../../data/TrainingData/small_images-level-2-mask/TUPAC-TR-102.png
../../../data/TrainingData/training_image_data/TUPAC-TR-288.svs ../../../data/TrainingData/small_images-level-2-mask/TUPAC-TR-288.png
../../../data/TrainingData/training_image_data/TUPAC-TR-354.svs ../../../data/TrainingData/small_images-level-2-mask/TUPAC-TR-354.png
../../../data/TrainingData/training_image_data/TUPAC-TR-431.svs ../../../data/TrainingData/small_images-level-2-mask/TUPAC-TR-431.png
../../../data/TrainingData/training_image_data/TUPAC-TR-416.svs ../../../data/TrainingData/small_images-level-2-mask/TUPAC-TR-416.png
../../../data/TrainingData/training_image_data/TUPAC-TR-137.svs ../../../data/TrainingData/small_images-level-2-mask/TUPAC-TR-137.png
../../../data/TrainingData/training_image_data/TUPAC-TR-353.svs ../../../data/TrainingData/small_images-level-2-mask/TUPAC-TR-353.png
../../../data/TrainingData/training_image_data/TUPAC-TR-231.svs ../../../data/TrainingData/small_images-level-2-mask/TUPAC-TR-231.png
../../../data/TrainingData/training_image_data/TUPAC-TR-377.svs ../../../data/TrainingData/small_images-level-2-mask/TUPAC-TR-377.png
../../../data/TrainingData/training_image_data/TUPAC-TR-225.svs ../../../data/TrainingData/small_images-level-2-mask/TUPAC-TR-225.png
../../../data/TrainingData/training_image_data/TUPAC-TR-086.svs ../../../data/TrainingData/small_images-level-2-mask/TUPAC-TR-086.png
../../../data/TrainingData/training_image_data/TUPAC-TR-228.svs ../../../data/TrainingData/small_images-level-2-mask/TUPAC-TR-228.png
../../../data/TrainingData/training_image_data/TUPAC-TR-033.svs ../../../data/TrainingData/small_images-level-2-mask/TUPAC-TR-033.png
../../../data/TrainingData/training_image_data/TUPAC-TR-190.svs ../../../data/TrainingData/small_images-level-2-mask/TUPAC-TR-190.png
../../../data/TrainingData/training_image_data/TUPAC-TR-308.svs ../../../data/TrainingData/small_images-level-2-mask/TUPAC-TR-308.png
../../../data/TrainingData/training_image_data/TUPAC-TR-393.svs ../../../data/TrainingData/small_images-level-2-mask/TUPAC-TR-393.png
../../../data/TrainingData/training_image_data/TUPAC-TR-403.svs ../../../data/TrainingData/small_images-level-2-mask/TUPAC-TR-403.png
../../../data/TrainingData/training_image_data/TUPAC-TR-327.svs ../../../data/TrainingData/small_images-level-2-mask/TUPAC-TR-327.png
../../../data/TrainingData/training_image_data/TUPAC-TR-054.svs ../../../data/TrainingData/small_images-level-2-mask/TUPAC-TR-054.png
../../../data/TrainingData/training_image_data/TUPAC-TR-439.svs ../../../data/TrainingData/small_images-level-2-mask/TUPAC-TR-439.png
../../../data/TrainingData/training_image_data/TUPAC-TR-123.svs ../../../data/TrainingData/small_images-level-2-mask/TUPAC-TR-123.png
../../../data/TrainingData/training_image_data/TUPAC-TR-078.svs ../../../data/TrainingData/small_images-level-2-mask/TUPAC-TR-078.png
../../../data/TrainingData/training_image_data/TUPAC-TR-369.svs ../../../data/TrainingData/small_images-level-2-mask/TUPAC-TR-369.png
../../../data/TrainingData/training_image_data/TUPAC-TR-049.svs ../../../data/TrainingData/small_images-level-2-mask/TUPAC-TR-049.png
../../../data/TrainingData/training_image_data/TUPAC-TR-132.svs ../../../data/TrainingData/small_images-level-2-mask/TUPAC-TR-132.png
../../../data/TrainingData/training_image_data/TUPAC-TR-275.svs ../../../data/TrainingData/small_images-level-2-mask/TUPAC-TR-275.png
../../../data/TrainingData/training_image_data/TUPAC-TR-227.svs ../../../data/TrainingData/small_images-level-2-mask/TUPAC-TR-227.png
../../../data/TrainingData/training_image_data/TUPAC-TR-466.svs ../../../data/TrainingData/small_images-level-2-mask/TUPAC-TR-466.png
../../../data/TrainingData/training_image_data/TUPAC-TR-139.svs ../../../data/TrainingData/small_images-level-2-mask/TUPAC-TR-139.png
../../../data/TrainingData/training_image_data/TUPAC-TR-144.svs ../../../data/TrainingData/small_images-level-2-mask/TUPAC-TR-144.png
../../../data/TrainingData/training_image_data/TUPAC-TR-094.svs ../../../data/TrainingData/small_images-level-2-mask/TUPAC-TR-094.png
../../../data/TrainingData/training_image_data/TUPAC-TR-303.svs ../../../data/TrainingData/small_images-level-2-mask/TUPAC-TR-303.png
../../../data/TrainingData/training_image_data/TUPAC-TR-089.svs ../../../data/TrainingData/small_images-level-2-mask/TUPAC-TR-089.png
../../../data/TrainingData/training_image_data/TUPAC-TR-257.svs ../../../data/TrainingData/small_images-level-2-mask/TUPAC-TR-257.png
../../../data/TrainingData/training_image_data/TUPAC-TR-440.svs ../../../data/TrainingData/small_images-level-2-mask/TUPAC-TR-440.png
../../../data/TrainingData/training_image_data/TUPAC-TR-152.svs ../../../data/TrainingData/small_images-level-2-mask/TUPAC-TR-152.png
../../../data/TrainingData/training_image_data/TUPAC-TR-460.svs ../../../data/TrainingData/small_images-level-2-mask/TUPAC-TR-460.png
../../../data/TrainingData/training_image_data/TUPAC-TR-390.svs ../../../data/TrainingData/small_images-level-2-mask/TUPAC-TR-390.png
../../../data/TrainingData/training_image_data/TUPAC-TR-233.svs ../../../data/TrainingData/small_images-level-2-mask/TUPAC-TR-233.png
../../../data/TrainingData/training_image_data/TUPAC-TR-252.svs ../../../data/TrainingData/small_images-level-2-mask/TUPAC-TR-252.png
../../../data/TrainingData/training_image_data/TUPAC-TR-293.svs ../../../data/TrainingData/small_images-level-2-mask/TUPAC-TR-293.png
../../../data/TrainingData/training_image_data/TUPAC-TR-189.svs ../../../data/TrainingData/small_images-level-2-mask/TUPAC-TR-189.png
../../../data/TrainingData/training_image_data/TUPAC-TR-425.svs ../../../data/TrainingData/small_images-level-2-mask/TUPAC-TR-425.png
../../../data/TrainingData/training_image_data/TUPAC-TR-284.svs ../../../data/TrainingData/small_images-level-2-mask/TUPAC-TR-284.png
../../../data/TrainingData/training_image_data/TUPAC-TR-266.svs ../../../data/TrainingData/small_images-level-2-mask/TUPAC-TR-266.png
../../../data/TrainingData/training_image_data/TUPAC-TR-375.svs ../../../data/TrainingData/small_images-level-2-mask/TUPAC-TR-375.png
../../../data/TrainingData/training_image_data/TUPAC-TR-220.svs ../../../data/TrainingData/small_images-level-2-mask/TUPAC-TR-220.png
../../../data/TrainingData/training_image_data/TUPAC-TR-341.svs ../../../data/TrainingData/small_images-level-2-mask/TUPAC-TR-341.png
../../../data/TrainingData/training_image_data/TUPAC-TR-176.svs ../../../data/TrainingData/small_images-level-2-mask/TUPAC-TR-176.png
../../../data/TrainingData/training_image_data/TUPAC-TR-246.svs ../../../data/TrainingData/small_images-level-2-mask/TUPAC-TR-246.png
../../../data/TrainingData/training_image_data/TUPAC-TR-159.svs ../../../data/TrainingData/small_images-level-2-mask/TUPAC-TR-159.png
../../../data/TrainingData/training_image_data/TUPAC-TR-172.svs ../../../data/TrainingData/small_images-level-2-mask/TUPAC-TR-172.png
../../../data/TrainingData/training_image_data/TUPAC-TR-462.svs ../../../data/TrainingData/small_images-level-2-mask/TUPAC-TR-462.png
../../../data/TrainingData/training_image_data/TUPAC-TR-358.svs ../../../data/TrainingData/small_images-level-2-mask/TUPAC-TR-358.png
../../../data/TrainingData/training_image_data/TUPAC-TR-241.svs ../../../data/TrainingData/small_images-level-2-mask/TUPAC-TR-241.png
../../../data/TrainingData/training_image_data/TUPAC-TR-332.svs ../../../data/TrainingData/small_images-level-2-mask/TUPAC-TR-332.png
../../../data/TrainingData/training_image_data/TUPAC-TR-335.svs ../../../data/TrainingData/small_images-level-2-mask/TUPAC-TR-335.png
../../../data/TrainingData/training_image_data/TUPAC-TR-382.svs ../../../data/TrainingData/small_images-level-2-mask/TUPAC-TR-382.png
../../../data/TrainingData/training_image_data/TUPAC-TR-216.svs ../../../data/TrainingData/small_images-level-2-mask/TUPAC-TR-216.png
../../../data/TrainingData/training_image_data/TUPAC-TR-406.svs ../../../data/TrainingData/small_images-level-2-mask/TUPAC-TR-406.png
../../../data/TrainingData/training_image_data/TUPAC-TR-113.svs ../../../data/TrainingData/small_images-level-2-mask/TUPAC-TR-113.png
../../../data/TrainingData/training_image_data/TUPAC-TR-451.svs ../../../data/TrainingData/small_images-level-2-mask/TUPAC-TR-451.png
../../../data/TrainingData/training_image_data/TUPAC-TR-456.svs ../../../data/TrainingData/small_images-level-2-mask/TUPAC-TR-456.png
../../../data/TrainingData/training_image_data/TUPAC-TR-150.svs ../../../data/TrainingData/small_images-level-2-mask/TUPAC-TR-150.png
../../../data/TrainingData/training_image_data/TUPAC-TR-337.svs ../../../data/TrainingData/small_images-level-2-mask/TUPAC-TR-337.png
../../../data/TrainingData/training_image_data/TUPAC-TR-230.svs ../../../data/TrainingData/small_images-level-2-mask/TUPAC-TR-230.png
../../../data/TrainingData/training_image_data/TUPAC-TR-186.svs ../../../data/TrainingData/small_images-level-2-mask/TUPAC-TR-186.png
../../../data/TrainingData/training_image_data/TUPAC-TR-074.svs ../../../data/TrainingData/small_images-level-2-mask/TUPAC-TR-074.png
../../../data/TrainingData/training_image_data/TUPAC-TR-060.svs ../../../data/TrainingData/small_images-level-2-mask/TUPAC-TR-060.png
../../../data/TrainingData/training_image_data/TUPAC-TR-267.svs ../../../data/TrainingData/small_images-level-2-mask/TUPAC-TR-267.png
../../../data/TrainingData/training_image_data/TUPAC-TR-338.svs ../../../data/TrainingData/small_images-level-2-mask/TUPAC-TR-338.png
../../../data/TrainingData/training_image_data/TUPAC-TR-350.svs ../../../data/TrainingData/small_images-level-2-mask/TUPAC-TR-350.png
../../../data/TrainingData/training_image_data/TUPAC-TR-207.svs ../../../data/TrainingData/small_images-level-2-mask/TUPAC-TR-207.png
../../../data/TrainingData/training_image_data/TUPAC-TR-345.svs ../../../data/TrainingData/small_images-level-2-mask/TUPAC-TR-345.png
../../../data/TrainingData/training_image_data/TUPAC-TR-391.svs ../../../data/TrainingData/small_images-level-2-mask/TUPAC-TR-391.png
../../../data/TrainingData/training_image_data/TUPAC-TR-326.svs ../../../data/TrainingData/small_images-level-2-mask/TUPAC-TR-326.png
../../../data/TrainingData/training_image_data/TUPAC-TR-235.svs ../../../data/TrainingData/small_images-level-2-mask/TUPAC-TR-235.png
../../../data/TrainingData/training_image_data/TUPAC-TR-125.svs ../../../data/TrainingData/small_images-level-2-mask/TUPAC-TR-125.png
../../../data/TrainingData/training_image_data/TUPAC-TR-316.svs ../../../data/TrainingData/small_images-level-2-mask/TUPAC-TR-316.png
../../../data/TrainingData/training_image_data/TUPAC-TR-276.svs ../../../data/TrainingData/small_images-level-2-mask/TUPAC-TR-276.png
../../../data/TrainingData/training_image_data/TUPAC-TR-211.svs ../../../data/TrainingData/small_images-level-2-mask/TUPAC-TR-211.png
../../../data/TrainingData/training_image_data/TUPAC-TR-483.svs ../../../data/TrainingData/small_images-level-2-mask/TUPAC-TR-483.png
../../../data/TrainingData/training_image_data/TUPAC-TR-203.svs ../../../data/TrainingData/small_images-level-2-mask/TUPAC-TR-203.png
../../../data/TrainingData/training_image_data/TUPAC-TR-047.svs ../../../data/TrainingData/small_images-level-2-mask/TUPAC-TR-047.png
../../../data/TrainingData/training_image_data/TUPAC-TR-073.svs ../../../data/TrainingData/small_images-level-2-mask/TUPAC-TR-073.png
../../../data/TrainingData/training_image_data/TUPAC-TR-272.svs ../../../data/TrainingData/small_images-level-2-mask/TUPAC-TR-272.png
../../../data/TrainingData/training_image_data/TUPAC-TR-212.svs ../../../data/TrainingData/small_images-level-2-mask/TUPAC-TR-212.png
../../../data/TrainingData/training_image_data/TUPAC-TR-050.svs ../../../data/TrainingData/small_images-level-2-mask/TUPAC-TR-050.png
../../../data/TrainingData/training_image_data/TUPAC-TR-421.svs ../../../data/TrainingData/small_images-level-2-mask/TUPAC-TR-421.png
../../../data/TrainingData/training_image_data/TUPAC-TR-426.svs ../../../data/TrainingData/small_images-level-2-mask/TUPAC-TR-426.png
../../../data/TrainingData/training_image_data/TUPAC-TR-427.svs ../../../data/TrainingData/small_images-level-2-mask/TUPAC-TR-427.png
../../../data/TrainingData/training_image_data/TUPAC-TR-455.svs ../../../data/TrainingData/small_images-level-2-mask/TUPAC-TR-455.png
../../../data/TrainingData/training_image_data/TUPAC-TR-253.svs ../../../data/TrainingData/small_images-level-2-mask/TUPAC-TR-253.png
../../../data/TrainingData/training_image_data/TUPAC-TR-351.svs ../../../data/TrainingData/small_images-level-2-mask/TUPAC-TR-351.png
../../../data/TrainingData/training_image_data/TUPAC-TR-196.svs ../../../data/TrainingData/small_images-level-2-mask/TUPAC-TR-196.png
../../../data/TrainingData/training_image_data/TUPAC-TR-468.svs ../../../data/TrainingData/small_images-level-2-mask/TUPAC-TR-468.png
../../../data/TrainingData/training_image_data/TUPAC-TR-396.svs ../../../data/TrainingData/small_images-level-2-mask/TUPAC-TR-396.png
../../../data/TrainingData/training_image_data/TUPAC-TR-435.svs ../../../data/TrainingData/small_images-level-2-mask/TUPAC-TR-435.png
../../../data/TrainingData/training_image_data/TUPAC-TR-154.svs ../../../data/TrainingData/small_images-level-2-mask/TUPAC-TR-154.png
../../../data/TrainingData/training_image_data/TUPAC-TR-065.svs ../../../data/TrainingData/small_images-level-2-mask/TUPAC-TR-065.png
../../../data/TrainingData/training_image_data/TUPAC-TR-330.svs ../../../data/TrainingData/small_images-level-2-mask/TUPAC-TR-330.png
../../../data/TrainingData/training_image_data/TUPAC-TR-072.svs ../../../data/TrainingData/small_images-level-2-mask/TUPAC-TR-072.png
../../../data/TrainingData/training_image_data/TUPAC-TR-115.svs ../../../data/TrainingData/small_images-level-2-mask/TUPAC-TR-115.png
../../../data/TrainingData/training_image_data/TUPAC-TR-148.svs ../../../data/TrainingData/small_images-level-2-mask/TUPAC-TR-148.png
../../../data/TrainingData/training_image_data/TUPAC-TR-210.svs ../../../data/TrainingData/small_images-level-2-mask/TUPAC-TR-210.png
../../../data/TrainingData/training_image_data/TUPAC-TR-445.svs ../../../data/TrainingData/small_images-level-2-mask/TUPAC-TR-445.png
../../../data/TrainingData/training_image_data/TUPAC-TR-200.svs ../../../data/TrainingData/small_images-level-2-mask/TUPAC-TR-200.png
../../../data/TrainingData/training_image_data/TUPAC-TR-360.svs ../../../data/TrainingData/small_images-level-2-mask/TUPAC-TR-360.png
../../../data/TrainingData/training_image_data/TUPAC-TR-298.svs ../../../data/TrainingData/small_images-level-2-mask/TUPAC-TR-298.png
../../../data/TrainingData/training_image_data/TUPAC-TR-261.svs ../../../data/TrainingData/small_images-level-2-mask/TUPAC-TR-261.png
../../../data/TrainingData/training_image_data/TUPAC-TR-187.svs ../../../data/TrainingData/small_images-level-2-mask/TUPAC-TR-187.png
../../../data/TrainingData/training_image_data/TUPAC-TR-444.svs ../../../data/TrainingData/small_images-level-2-mask/TUPAC-TR-444.png
../../../data/TrainingData/training_image_data/TUPAC-TR-181.svs ../../../data/TrainingData/small_images-level-2-mask/TUPAC-TR-181.png
../../../data/TrainingData/training_image_data/TUPAC-TR-459.svs ../../../data/TrainingData/small_images-level-2-mask/TUPAC-TR-459.png
../../../data/TrainingData/training_image_data/TUPAC-TR-370.svs ../../../data/TrainingData/small_images-level-2-mask/TUPAC-TR-370.png
../../../data/TrainingData/training_image_data/TUPAC-TR-178.svs ../../../data/TrainingData/small_images-level-2-mask/TUPAC-TR-178.png
../../../data/TrainingData/training_image_data/TUPAC-TR-051.svs ../../../data/TrainingData/small_images-level-2-mask/TUPAC-TR-051.png
../../../data/TrainingData/training_image_data/TUPAC-TR-475.svs ../../../data/TrainingData/small_images-level-2-mask/TUPAC-TR-475.png
../../../data/TrainingData/training_image_data/TUPAC-TR-052.svs ../../../data/TrainingData/small_images-level-2-mask/TUPAC-TR-052.png
../../../data/TrainingData/training_image_data/TUPAC-TR-191.svs ../../../data/TrainingData/small_images-level-2-mask/TUPAC-TR-191.png
../../../data/TrainingData/training_image_data/TUPAC-TR-204.svs ../../../data/TrainingData/small_images-level-2-mask/TUPAC-TR-204.png
../../../data/TrainingData/training_image_data/TUPAC-TR-365.svs ../../../data/TrainingData/small_images-level-2-mask/TUPAC-TR-365.png
../../../data/TrainingData/training_image_data/TUPAC-TR-111.svs ../../../data/TrainingData/small_images-level-2-mask/TUPAC-TR-111.png
../../../data/TrainingData/training_image_data/TUPAC-TR-239.svs ../../../data/TrainingData/small_images-level-2-mask/TUPAC-TR-239.png
../../../data/TrainingData/training_image_data/TUPAC-TR-392.svs ../../../data/TrainingData/small_images-level-2-mask/TUPAC-TR-392.png
../../../data/TrainingData/training_image_data/TUPAC-TR-040.svs ../../../data/TrainingData/small_images-level-2-mask/TUPAC-TR-040.png
../../../data/TrainingData/training_image_data/TUPAC-TR-214.svs ../../../data/TrainingData/small_images-level-2-mask/TUPAC-TR-214.png
../../../data/TrainingData/training_image_data/TUPAC-TR-238.svs ../../../data/TrainingData/small_images-level-2-mask/TUPAC-TR-238.png
../../../data/TrainingData/training_image_data/TUPAC-TR-262.svs ../../../data/TrainingData/small_images-level-2-mask/TUPAC-TR-262.png
../../../data/TrainingData/training_image_data/TUPAC-TR-453.svs ../../../data/TrainingData/small_images-level-2-mask/TUPAC-TR-453.png
../../../data/TrainingData/training_image_data/TUPAC-TR-339.svs ../../../data/TrainingData/small_images-level-2-mask/TUPAC-TR-339.png
../../../data/TrainingData/training_image_data/TUPAC-TR-221.svs ../../../data/TrainingData/small_images-level-2-mask/TUPAC-TR-221.png
../../../data/TrainingData/training_image_data/TUPAC-TR-138.svs ../../../data/TrainingData/small_images-level-2-mask/TUPAC-TR-138.png
../../../data/TrainingData/training_image_data/TUPAC-TR-032.svs ../../../data/TrainingData/small_images-level-2-mask/TUPAC-TR-032.png
../../../data/TrainingData/training_image_data/TUPAC-TR-258.svs ../../../data/TrainingData/small_images-level-2-mask/TUPAC-TR-258.png
../../../data/TrainingData/training_image_data/TUPAC-TR-128.svs ../../../data/TrainingData/small_images-level-2-mask/TUPAC-TR-128.png
../../../data/TrainingData/training_image_data/TUPAC-TR-449.svs ../../../data/TrainingData/small_images-level-2-mask/TUPAC-TR-449.png
