../../../../../../..//data/dywang/Database/Proliferation/data/TestingData/testing_image_data/TUPAC-TE-001.svs ../../../../../../..//data/dywang/Database/Proliferation/data/TestingData/small_images-level-2-mask/TUPAC-TE-001.png
../../../../../../..//data/dywang/Database/Proliferation/data/TestingData/testing_image_data/TUPAC-TE-003.svs ../../../../../../..//data/dywang/Database/Proliferation/data/TestingData/small_images-level-2-mask/TUPAC-TE-003.png
../../../../../../..//data/dywang/Database/Proliferation/data/TestingData/testing_image_data/TUPAC-TE-004.svs ../../../../../../..//data/dywang/Database/Proliferation/data/TestingData/small_images-level-2-mask/TUPAC-TE-004.png
../../../../../../..//data/dywang/Database/Proliferation/data/TestingData/testing_image_data/TUPAC-TE-005.svs ../../../../../../..//data/dywang/Database/Proliferation/data/TestingData/small_images-level-2-mask/TUPAC-TE-005.png
../../../../../../..//data/dywang/Database/Proliferation/data/TestingData/testing_image_data/TUPAC-TE-006.svs ../../../../../../..//data/dywang/Database/Proliferation/data/TestingData/small_images-level-2-mask/TUPAC-TE-006.png
../../../../../../..//data/dywang/Database/Proliferation/data/TestingData/testing_image_data/TUPAC-TE-007.svs ../../../../../../..//data/dywang/Database/Proliferation/data/TestingData/small_images-level-2-mask/TUPAC-TE-007.png
../../../../../../..//data/dywang/Database/Proliferation/data/TestingData/testing_image_data/TUPAC-TE-008.svs ../../../../../../..//data/dywang/Database/Proliferation/data/TestingData/small_images-level-2-mask/TUPAC-TE-008.png
../../../../../../..//data/dywang/Database/Proliferation/data/TestingData/testing_image_data/TUPAC-TE-009.svs ../../../../../../..//data/dywang/Database/Proliferation/data/TestingData/small_images-level-2-mask/TUPAC-TE-009.png
../../../../../../..//data/dywang/Database/Proliferation/data/TestingData/testing_image_data/TUPAC-TE-010.svs ../../../../../../..//data/dywang/Database/Proliferation/data/TestingData/small_images-level-2-mask/TUPAC-TE-010.png
../../../../../../..//data/dywang/Database/Proliferation/data/TestingData/testing_image_data/TUPAC-TE-011.svs ../../../../../../..//data/dywang/Database/Proliferation/data/TestingData/small_images-level-2-mask/TUPAC-TE-011.png
../../../../../../..//data/dywang/Database/Proliferation/data/TestingData/testing_image_data/TUPAC-TE-012.svs ../../../../../../..//data/dywang/Database/Proliferation/data/TestingData/small_images-level-2-mask/TUPAC-TE-012.png
../../../../../../..//data/dywang/Database/Proliferation/data/TestingData/testing_image_data/TUPAC-TE-013.svs ../../../../../../..//data/dywang/Database/Proliferation/data/TestingData/small_images-level-2-mask/TUPAC-TE-013.png
../../../../../../..//data/dywang/Database/Proliferation/data/TestingData/testing_image_data/TUPAC-TE-014.svs ../../../../../../..//data/dywang/Database/Proliferation/data/TestingData/small_images-level-2-mask/TUPAC-TE-014.png
../../../../../../..//data/dywang/Database/Proliferation/data/TestingData/testing_image_data/TUPAC-TE-015.svs ../../../../../../..//data/dywang/Database/Proliferation/data/TestingData/small_images-level-2-mask/TUPAC-TE-015.png
../../../../../../..//data/dywang/Database/Proliferation/data/TestingData/testing_image_data/TUPAC-TE-016.svs ../../../../../../..//data/dywang/Database/Proliferation/data/TestingData/small_images-level-2-mask/TUPAC-TE-016.png
../../../../../../..//data/dywang/Database/Proliferation/data/TestingData/testing_image_data/TUPAC-TE-017.svs ../../../../../../..//data/dywang/Database/Proliferation/data/TestingData/small_images-level-2-mask/TUPAC-TE-017.png
../../../../../../..//data/dywang/Database/Proliferation/data/TestingData/testing_image_data/TUPAC-TE-018.svs ../../../../../../..//data/dywang/Database/Proliferation/data/TestingData/small_images-level-2-mask/TUPAC-TE-018.png
../../../../../../..//data/dywang/Database/Proliferation/data/TestingData/testing_image_data/TUPAC-TE-019.svs ../../../../../../..//data/dywang/Database/Proliferation/data/TestingData/small_images-level-2-mask/TUPAC-TE-019.png
../../../../../../..//data/dywang/Database/Proliferation/data/TestingData/testing_image_data/TUPAC-TE-020.svs ../../../../../../..//data/dywang/Database/Proliferation/data/TestingData/small_images-level-2-mask/TUPAC-TE-020.png
../../../../../../..//data/dywang/Database/Proliferation/data/TestingData/testing_image_data/TUPAC-TE-021.svs ../../../../../../..//data/dywang/Database/Proliferation/data/TestingData/small_images-level-2-mask/TUPAC-TE-021.png
../../../../../../..//data/dywang/Database/Proliferation/data/TestingData/testing_image_data/TUPAC-TE-022.svs ../../../../../../..//data/dywang/Database/Proliferation/data/TestingData/small_images-level-2-mask/TUPAC-TE-022.png
../../../../../../..//data/dywang/Database/Proliferation/data/TestingData/testing_image_data/TUPAC-TE-023.svs ../../../../../../..//data/dywang/Database/Proliferation/data/TestingData/small_images-level-2-mask/TUPAC-TE-023.png
../../../../../../..//data/dywang/Database/Proliferation/data/TestingData/testing_image_data/TUPAC-TE-024.svs ../../../../../../..//data/dywang/Database/Proliferation/data/TestingData/small_images-level-2-mask/TUPAC-TE-024.png
../../../../../../..//data/dywang/Database/Proliferation/data/TestingData/testing_image_data/TUPAC-TE-025.svs ../../../../../../..//data/dywang/Database/Proliferation/data/TestingData/small_images-level-2-mask/TUPAC-TE-025.png
../../../../../../..//data/dywang/Database/Proliferation/data/TestingData/testing_image_data/TUPAC-TE-026.svs ../../../../../../..//data/dywang/Database/Proliferation/data/TestingData/small_images-level-2-mask/TUPAC-TE-026.png
../../../../../../..//data/dywang/Database/Proliferation/data/TestingData/testing_image_data/TUPAC-TE-027.svs ../../../../../../..//data/dywang/Database/Proliferation/data/TestingData/small_images-level-2-mask/TUPAC-TE-027.png
../../../../../../..//data/dywang/Database/Proliferation/data/TestingData/testing_image_data/TUPAC-TE-028.svs ../../../../../../..//data/dywang/Database/Proliferation/data/TestingData/small_images-level-2-mask/TUPAC-TE-028.png
../../../../../../..//data/dywang/Database/Proliferation/data/TestingData/testing_image_data/TUPAC-TE-029.svs ../../../../../../..//data/dywang/Database/Proliferation/data/TestingData/small_images-level-2-mask/TUPAC-TE-029.png
../../../../../../..//data/dywang/Database/Proliferation/data/TestingData/testing_image_data/TUPAC-TE-030.svs ../../../../../../..//data/dywang/Database/Proliferation/data/TestingData/small_images-level-2-mask/TUPAC-TE-030.png
../../../../../../..//data/dywang/Database/Proliferation/data/TestingData/testing_image_data/TUPAC-TE-031.svs ../../../../../../..//data/dywang/Database/Proliferation/data/TestingData/small_images-level-2-mask/TUPAC-TE-031.png
../../../../../../..//data/dywang/Database/Proliferation/data/TestingData/testing_image_data/TUPAC-TE-032.svs ../../../../../../..//data/dywang/Database/Proliferation/data/TestingData/small_images-level-2-mask/TUPAC-TE-032.png
../../../../../../..//data/dywang/Database/Proliferation/data/TestingData/testing_image_data/TUPAC-TE-033.svs ../../../../../../..//data/dywang/Database/Proliferation/data/TestingData/small_images-level-2-mask/TUPAC-TE-033.png
../../../../../../..//data/dywang/Database/Proliferation/data/TestingData/testing_image_data/TUPAC-TE-034.svs ../../../../../../..//data/dywang/Database/Proliferation/data/TestingData/small_images-level-2-mask/TUPAC-TE-034.png
../../../../../../..//data/dywang/Database/Proliferation/data/TestingData/testing_image_data/TUPAC-TE-035.svs ../../../../../../..//data/dywang/Database/Proliferation/data/TestingData/small_images-level-2-mask/TUPAC-TE-035.png
../../../../../../..//data/dywang/Database/Proliferation/data/TestingData/testing_image_data/TUPAC-TE-036.svs ../../../../../../..//data/dywang/Database/Proliferation/data/TestingData/small_images-level-2-mask/TUPAC-TE-036.png
../../../../../../..//data/dywang/Database/Proliferation/data/TestingData/testing_image_data/TUPAC-TE-037.svs ../../../../../../..//data/dywang/Database/Proliferation/data/TestingData/small_images-level-2-mask/TUPAC-TE-037.png
../../../../../../..//data/dywang/Database/Proliferation/data/TestingData/testing_image_data/TUPAC-TE-038.svs ../../../../../../..//data/dywang/Database/Proliferation/data/TestingData/small_images-level-2-mask/TUPAC-TE-038.png
../../../../../../..//data/dywang/Database/Proliferation/data/TestingData/testing_image_data/TUPAC-TE-039.svs ../../../../../../..//data/dywang/Database/Proliferation/data/TestingData/small_images-level-2-mask/TUPAC-TE-039.png
../../../../../../..//data/dywang/Database/Proliferation/data/TestingData/testing_image_data/TUPAC-TE-040.svs ../../../../../../..//data/dywang/Database/Proliferation/data/TestingData/small_images-level-2-mask/TUPAC-TE-040.png
../../../../../../..//data/dywang/Database/Proliferation/data/TestingData/testing_image_data/TUPAC-TE-041.svs ../../../../../../..//data/dywang/Database/Proliferation/data/TestingData/small_images-level-2-mask/TUPAC-TE-041.png
../../../../../../..//data/dywang/Database/Proliferation/data/TestingData/testing_image_data/TUPAC-TE-042.svs ../../../../../../..//data/dywang/Database/Proliferation/data/TestingData/small_images-level-2-mask/TUPAC-TE-042.png
../../../../../../..//data/dywang/Database/Proliferation/data/TestingData/testing_image_data/TUPAC-TE-043.svs ../../../../../../..//data/dywang/Database/Proliferation/data/TestingData/small_images-level-2-mask/TUPAC-TE-043.png
../../../../../../..//data/dywang/Database/Proliferation/data/TestingData/testing_image_data/TUPAC-TE-044.svs ../../../../../../..//data/dywang/Database/Proliferation/data/TestingData/small_images-level-2-mask/TUPAC-TE-044.png
../../../../../../..//data/dywang/Database/Proliferation/data/TestingData/testing_image_data/TUPAC-TE-046.svs ../../../../../../..//data/dywang/Database/Proliferation/data/TestingData/small_images-level-2-mask/TUPAC-TE-046.png
../../../../../../..//data/dywang/Database/Proliferation/data/TestingData/testing_image_data/TUPAC-TE-047.svs ../../../../../../..//data/dywang/Database/Proliferation/data/TestingData/small_images-level-2-mask/TUPAC-TE-047.png
../../../../../../..//data/dywang/Database/Proliferation/data/TestingData/testing_image_data/TUPAC-TE-048.svs ../../../../../../..//data/dywang/Database/Proliferation/data/TestingData/small_images-level-2-mask/TUPAC-TE-048.png
../../../../../../..//data/dywang/Database/Proliferation/data/TestingData/testing_image_data/TUPAC-TE-049.svs ../../../../../../..//data/dywang/Database/Proliferation/data/TestingData/small_images-level-2-mask/TUPAC-TE-049.png
../../../../../../..//data/dywang/Database/Proliferation/data/TestingData/testing_image_data/TUPAC-TE-050.svs ../../../../../../..//data/dywang/Database/Proliferation/data/TestingData/small_images-level-2-mask/TUPAC-TE-050.png
../../../../../../..//data/dywang/Database/Proliferation/data/TestingData/testing_image_data/TUPAC-TE-051.svs ../../../../../../..//data/dywang/Database/Proliferation/data/TestingData/small_images-level-2-mask/TUPAC-TE-051.png
../../../../../../..//data/dywang/Database/Proliferation/data/TestingData/testing_image_data/TUPAC-TE-052.svs ../../../../../../..//data/dywang/Database/Proliferation/data/TestingData/small_images-level-2-mask/TUPAC-TE-052.png
../../../../../../..//data/dywang/Database/Proliferation/data/TestingData/testing_image_data/TUPAC-TE-053.svs ../../../../../../..//data/dywang/Database/Proliferation/data/TestingData/small_images-level-2-mask/TUPAC-TE-053.png
../../../../../../..//data/dywang/Database/Proliferation/data/TestingData/testing_image_data/TUPAC-TE-054.svs ../../../../../../..//data/dywang/Database/Proliferation/data/TestingData/small_images-level-2-mask/TUPAC-TE-054.png
../../../../../../..//data/dywang/Database/Proliferation/data/TestingData/testing_image_data/TUPAC-TE-055.svs ../../../../../../..//data/dywang/Database/Proliferation/data/TestingData/small_images-level-2-mask/TUPAC-TE-055.png
../../../../../../..//data/dywang/Database/Proliferation/data/TestingData/testing_image_data/TUPAC-TE-056.svs ../../../../../../..//data/dywang/Database/Proliferation/data/TestingData/small_images-level-2-mask/TUPAC-TE-056.png
../../../../../../..//data/dywang/Database/Proliferation/data/TestingData/testing_image_data/TUPAC-TE-057.svs ../../../../../../..//data/dywang/Database/Proliferation/data/TestingData/small_images-level-2-mask/TUPAC-TE-057.png
../../../../../../..//data/dywang/Database/Proliferation/data/TestingData/testing_image_data/TUPAC-TE-058.svs ../../../../../../..//data/dywang/Database/Proliferation/data/TestingData/small_images-level-2-mask/TUPAC-TE-058.png
../../../../../../..//data/dywang/Database/Proliferation/data/TestingData/testing_image_data/TUPAC-TE-059.svs ../../../../../../..//data/dywang/Database/Proliferation/data/TestingData/small_images-level-2-mask/TUPAC-TE-059.png
../../../../../../..//data/dywang/Database/Proliferation/data/TestingData/testing_image_data/TUPAC-TE-060.svs ../../../../../../..//data/dywang/Database/Proliferation/data/TestingData/small_images-level-2-mask/TUPAC-TE-060.png
../../../../../../..//data/dywang/Database/Proliferation/data/TestingData/testing_image_data/TUPAC-TE-061.svs ../../../../../../..//data/dywang/Database/Proliferation/data/TestingData/small_images-level-2-mask/TUPAC-TE-061.png
../../../../../../..//data/dywang/Database/Proliferation/data/TestingData/testing_image_data/TUPAC-TE-062.svs ../../../../../../..//data/dywang/Database/Proliferation/data/TestingData/small_images-level-2-mask/TUPAC-TE-062.png
../../../../../../..//data/dywang/Database/Proliferation/data/TestingData/testing_image_data/TUPAC-TE-063.svs ../../../../../../..//data/dywang/Database/Proliferation/data/TestingData/small_images-level-2-mask/TUPAC-TE-063.png
../../../../../../..//data/dywang/Database/Proliferation/data/TestingData/testing_image_data/TUPAC-TE-064.svs ../../../../../../..//data/dywang/Database/Proliferation/data/TestingData/small_images-level-2-mask/TUPAC-TE-064.png
../../../../../../..//data/dywang/Database/Proliferation/data/TestingData/testing_image_data/TUPAC-TE-065.svs ../../../../../../..//data/dywang/Database/Proliferation/data/TestingData/small_images-level-2-mask/TUPAC-TE-065.png
../../../../../../..//data/dywang/Database/Proliferation/data/TestingData/testing_image_data/TUPAC-TE-066.svs ../../../../../../..//data/dywang/Database/Proliferation/data/TestingData/small_images-level-2-mask/TUPAC-TE-066.png
../../../../../../..//data/dywang/Database/Proliferation/data/TestingData/testing_image_data/TUPAC-TE-067.svs ../../../../../../..//data/dywang/Database/Proliferation/data/TestingData/small_images-level-2-mask/TUPAC-TE-067.png
../../../../../../..//data/dywang/Database/Proliferation/data/TestingData/testing_image_data/TUPAC-TE-068.svs ../../../../../../..//data/dywang/Database/Proliferation/data/TestingData/small_images-level-2-mask/TUPAC-TE-068.png
../../../../../../..//data/dywang/Database/Proliferation/data/TestingData/testing_image_data/TUPAC-TE-069.svs ../../../../../../..//data/dywang/Database/Proliferation/data/TestingData/small_images-level-2-mask/TUPAC-TE-069.png
../../../../../../..//data/dywang/Database/Proliferation/data/TestingData/testing_image_data/TUPAC-TE-070.svs ../../../../../../..//data/dywang/Database/Proliferation/data/TestingData/small_images-level-2-mask/TUPAC-TE-070.png
../../../../../../..//data/dywang/Database/Proliferation/data/TestingData/testing_image_data/TUPAC-TE-071.svs ../../../../../../..//data/dywang/Database/Proliferation/data/TestingData/small_images-level-2-mask/TUPAC-TE-071.png
../../../../../../..//data/dywang/Database/Proliferation/data/TestingData/testing_image_data/TUPAC-TE-072.svs ../../../../../../..//data/dywang/Database/Proliferation/data/TestingData/small_images-level-2-mask/TUPAC-TE-072.png
../../../../../../..//data/dywang/Database/Proliferation/data/TestingData/testing_image_data/TUPAC-TE-073.svs ../../../../../../..//data/dywang/Database/Proliferation/data/TestingData/small_images-level-2-mask/TUPAC-TE-073.png
../../../../../../..//data/dywang/Database/Proliferation/data/TestingData/testing_image_data/TUPAC-TE-074.svs ../../../../../../..//data/dywang/Database/Proliferation/data/TestingData/small_images-level-2-mask/TUPAC-TE-074.png
../../../../../../..//data/dywang/Database/Proliferation/data/TestingData/testing_image_data/TUPAC-TE-075.svs ../../../../../../..//data/dywang/Database/Proliferation/data/TestingData/small_images-level-2-mask/TUPAC-TE-075.png
../../../../../../..//data/dywang/Database/Proliferation/data/TestingData/testing_image_data/TUPAC-TE-076.svs ../../../../../../..//data/dywang/Database/Proliferation/data/TestingData/small_images-level-2-mask/TUPAC-TE-076.png
../../../../../../..//data/dywang/Database/Proliferation/data/TestingData/testing_image_data/TUPAC-TE-077.svs ../../../../../../..//data/dywang/Database/Proliferation/data/TestingData/small_images-level-2-mask/TUPAC-TE-077.png
../../../../../../..//data/dywang/Database/Proliferation/data/TestingData/testing_image_data/TUPAC-TE-078.svs ../../../../../../..//data/dywang/Database/Proliferation/data/TestingData/small_images-level-2-mask/TUPAC-TE-078.png
../../../../../../..//data/dywang/Database/Proliferation/data/TestingData/testing_image_data/TUPAC-TE-079.svs ../../../../../../..//data/dywang/Database/Proliferation/data/TestingData/small_images-level-2-mask/TUPAC-TE-079.png
../../../../../../..//data/dywang/Database/Proliferation/data/TestingData/testing_image_data/TUPAC-TE-080.svs ../../../../../../..//data/dywang/Database/Proliferation/data/TestingData/small_images-level-2-mask/TUPAC-TE-080.png
../../../../../../..//data/dywang/Database/Proliferation/data/TestingData/testing_image_data/TUPAC-TE-081.svs ../../../../../../..//data/dywang/Database/Proliferation/data/TestingData/small_images-level-2-mask/TUPAC-TE-081.png
../../../../../../..//data/dywang/Database/Proliferation/data/TestingData/testing_image_data/TUPAC-TE-082.svs ../../../../../../..//data/dywang/Database/Proliferation/data/TestingData/small_images-level-2-mask/TUPAC-TE-082.png
../../../../../../..//data/dywang/Database/Proliferation/data/TestingData/testing_image_data/TUPAC-TE-083.svs ../../../../../../..//data/dywang/Database/Proliferation/data/TestingData/small_images-level-2-mask/TUPAC-TE-083.png
../../../../../../..//data/dywang/Database/Proliferation/data/TestingData/testing_image_data/TUPAC-TE-084.svs ../../../../../../..//data/dywang/Database/Proliferation/data/TestingData/small_images-level-2-mask/TUPAC-TE-084.png
../../../../../../..//data/dywang/Database/Proliferation/data/TestingData/testing_image_data/TUPAC-TE-085.svs ../../../../../../..//data/dywang/Database/Proliferation/data/TestingData/small_images-level-2-mask/TUPAC-TE-085.png
../../../../../../..//data/dywang/Database/Proliferation/data/TestingData/testing_image_data/TUPAC-TE-086.svs ../../../../../../..//data/dywang/Database/Proliferation/data/TestingData/small_images-level-2-mask/TUPAC-TE-086.png
../../../../../../..//data/dywang/Database/Proliferation/data/TestingData/testing_image_data/TUPAC-TE-087.svs ../../../../../../..//data/dywang/Database/Proliferation/data/TestingData/small_images-level-2-mask/TUPAC-TE-087.png
../../../../../../..//data/dywang/Database/Proliferation/data/TestingData/testing_image_data/TUPAC-TE-088.svs ../../../../../../..//data/dywang/Database/Proliferation/data/TestingData/small_images-level-2-mask/TUPAC-TE-088.png
../../../../../../..//data/dywang/Database/Proliferation/data/TestingData/testing_image_data/TUPAC-TE-089.svs ../../../../../../..//data/dywang/Database/Proliferation/data/TestingData/small_images-level-2-mask/TUPAC-TE-089.png
../../../../../../..//data/dywang/Database/Proliferation/data/TestingData/testing_image_data/TUPAC-TE-090.svs ../../../../../../..//data/dywang/Database/Proliferation/data/TestingData/small_images-level-2-mask/TUPAC-TE-090.png
../../../../../../..//data/dywang/Database/Proliferation/data/TestingData/testing_image_data/TUPAC-TE-092.svs ../../../../../../..//data/dywang/Database/Proliferation/data/TestingData/small_images-level-2-mask/TUPAC-TE-092.png
../../../../../../..//data/dywang/Database/Proliferation/data/TestingData/testing_image_data/TUPAC-TE-093.svs ../../../../../../..//data/dywang/Database/Proliferation/data/TestingData/small_images-level-2-mask/TUPAC-TE-093.png
../../../../../../..//data/dywang/Database/Proliferation/data/TestingData/testing_image_data/TUPAC-TE-094.svs ../../../../../../..//data/dywang/Database/Proliferation/data/TestingData/small_images-level-2-mask/TUPAC-TE-094.png
../../../../../../..//data/dywang/Database/Proliferation/data/TestingData/testing_image_data/TUPAC-TE-095.svs ../../../../../../..//data/dywang/Database/Proliferation/data/TestingData/small_images-level-2-mask/TUPAC-TE-095.png
../../../../../../..//data/dywang/Database/Proliferation/data/TestingData/testing_image_data/TUPAC-TE-096.svs ../../../../../../..//data/dywang/Database/Proliferation/data/TestingData/small_images-level-2-mask/TUPAC-TE-096.png
../../../../../../..//data/dywang/Database/Proliferation/data/TestingData/testing_image_data/TUPAC-TE-097.svs ../../../../../../..//data/dywang/Database/Proliferation/data/TestingData/small_images-level-2-mask/TUPAC-TE-097.png
../../../../../../..//data/dywang/Database/Proliferation/data/TestingData/testing_image_data/TUPAC-TE-098.svs ../../../../../../..//data/dywang/Database/Proliferation/data/TestingData/small_images-level-2-mask/TUPAC-TE-098.png
../../../../../../..//data/dywang/Database/Proliferation/data/TestingData/testing_image_data/TUPAC-TE-099.svs ../../../../../../..//data/dywang/Database/Proliferation/data/TestingData/small_images-level-2-mask/TUPAC-TE-099.png
../../../../../../..//data/dywang/Database/Proliferation/data/TestingData/testing_image_data/TUPAC-TE-100.svs ../../../../../../..//data/dywang/Database/Proliferation/data/TestingData/small_images-level-2-mask/TUPAC-TE-100.png
../../../../../../..//data/dywang/Database/Proliferation/data/TestingData/testing_image_data/TUPAC-TE-101.svs ../../../../../../..//data/dywang/Database/Proliferation/data/TestingData/small_images-level-2-mask/TUPAC-TE-101.png
../../../../../../..//data/dywang/Database/Proliferation/data/TestingData/testing_image_data/TUPAC-TE-102.svs ../../../../../../..//data/dywang/Database/Proliferation/data/TestingData/small_images-level-2-mask/TUPAC-TE-102.png
../../../../../../..//data/dywang/Database/Proliferation/data/TestingData/testing_image_data/TUPAC-TE-103.svs ../../../../../../..//data/dywang/Database/Proliferation/data/TestingData/small_images-level-2-mask/TUPAC-TE-103.png
../../../../../../..//data/dywang/Database/Proliferation/data/TestingData/testing_image_data/TUPAC-TE-104.svs ../../../../../../..//data/dywang/Database/Proliferation/data/TestingData/small_images-level-2-mask/TUPAC-TE-104.png
../../../../../../..//data/dywang/Database/Proliferation/data/TestingData/testing_image_data/TUPAC-TE-105.svs ../../../../../../..//data/dywang/Database/Proliferation/data/TestingData/small_images-level-2-mask/TUPAC-TE-105.png
../../../../../../..//data/dywang/Database/Proliferation/data/TestingData/testing_image_data/TUPAC-TE-106.svs ../../../../../../..//data/dywang/Database/Proliferation/data/TestingData/small_images-level-2-mask/TUPAC-TE-106.png
../../../../../../..//data/dywang/Database/Proliferation/data/TestingData/testing_image_data/TUPAC-TE-107.svs ../../../../../../..//data/dywang/Database/Proliferation/data/TestingData/small_images-level-2-mask/TUPAC-TE-107.png
../../../../../../..//data/dywang/Database/Proliferation/data/TestingData/testing_image_data/TUPAC-TE-108.svs ../../../../../../..//data/dywang/Database/Proliferation/data/TestingData/small_images-level-2-mask/TUPAC-TE-108.png
../../../../../../..//data/dywang/Database/Proliferation/data/TestingData/testing_image_data/TUPAC-TE-109.svs ../../../../../../..//data/dywang/Database/Proliferation/data/TestingData/small_images-level-2-mask/TUPAC-TE-109.png
../../../../../../..//data/dywang/Database/Proliferation/data/TestingData/testing_image_data/TUPAC-TE-110.svs ../../../../../../..//data/dywang/Database/Proliferation/data/TestingData/small_images-level-2-mask/TUPAC-TE-110.png
../../../../../../..//data/dywang/Database/Proliferation/data/TestingData/testing_image_data/TUPAC-TE-111.svs ../../../../../../..//data/dywang/Database/Proliferation/data/TestingData/small_images-level-2-mask/TUPAC-TE-111.png
../../../../../../..//data/dywang/Database/Proliferation/data/TestingData/testing_image_data/TUPAC-TE-113.svs ../../../../../../..//data/dywang/Database/Proliferation/data/TestingData/small_images-level-2-mask/TUPAC-TE-113.png
../../../../../../..//data/dywang/Database/Proliferation/data/TestingData/testing_image_data/TUPAC-TE-114.svs ../../../../../../..//data/dywang/Database/Proliferation/data/TestingData/small_images-level-2-mask/TUPAC-TE-114.png
../../../../../../..//data/dywang/Database/Proliferation/data/TestingData/testing_image_data/TUPAC-TE-115.svs ../../../../../../..//data/dywang/Database/Proliferation/data/TestingData/small_images-level-2-mask/TUPAC-TE-115.png
../../../../../../..//data/dywang/Database/Proliferation/data/TestingData/testing_image_data/TUPAC-TE-116.svs ../../../../../../..//data/dywang/Database/Proliferation/data/TestingData/small_images-level-2-mask/TUPAC-TE-116.png
../../../../../../..//data/dywang/Database/Proliferation/data/TestingData/testing_image_data/TUPAC-TE-117.svs ../../../../../../..//data/dywang/Database/Proliferation/data/TestingData/small_images-level-2-mask/TUPAC-TE-117.png
../../../../../../..//data/dywang/Database/Proliferation/data/TestingData/testing_image_data/TUPAC-TE-118.svs ../../../../../../..//data/dywang/Database/Proliferation/data/TestingData/small_images-level-2-mask/TUPAC-TE-118.png
../../../../../../..//data/dywang/Database/Proliferation/data/TestingData/testing_image_data/TUPAC-TE-119.svs ../../../../../../..//data/dywang/Database/Proliferation/data/TestingData/small_images-level-2-mask/TUPAC-TE-119.png
../../../../../../..//data/dywang/Database/Proliferation/data/TestingData/testing_image_data/TUPAC-TE-120.svs ../../../../../../..//data/dywang/Database/Proliferation/data/TestingData/small_images-level-2-mask/TUPAC-TE-120.png
../../../../../../..//data/dywang/Database/Proliferation/data/TestingData/testing_image_data/TUPAC-TE-121.svs ../../../../../../..//data/dywang/Database/Proliferation/data/TestingData/small_images-level-2-mask/TUPAC-TE-121.png
../../../../../../..//data/dywang/Database/Proliferation/data/TestingData/testing_image_data/TUPAC-TE-122.svs ../../../../../../..//data/dywang/Database/Proliferation/data/TestingData/small_images-level-2-mask/TUPAC-TE-122.png
../../../../../../..//data/dywang/Database/Proliferation/data/TestingData/testing_image_data/TUPAC-TE-123.svs ../../../../../../..//data/dywang/Database/Proliferation/data/TestingData/small_images-level-2-mask/TUPAC-TE-123.png
../../../../../../..//data/dywang/Database/Proliferation/data/TestingData/testing_image_data/TUPAC-TE-124.svs ../../../../../../..//data/dywang/Database/Proliferation/data/TestingData/small_images-level-2-mask/TUPAC-TE-124.png
../../../../../../..//data/dywang/Database/Proliferation/data/TestingData/testing_image_data/TUPAC-TE-125.svs ../../../../../../..//data/dywang/Database/Proliferation/data/TestingData/small_images-level-2-mask/TUPAC-TE-125.png
../../../../../../..//data/dywang/Database/Proliferation/data/TestingData/testing_image_data/TUPAC-TE-126.svs ../../../../../../..//data/dywang/Database/Proliferation/data/TestingData/small_images-level-2-mask/TUPAC-TE-126.png
../../../../../../..//data/dywang/Database/Proliferation/data/TestingData/testing_image_data/TUPAC-TE-127.svs ../../../../../../..//data/dywang/Database/Proliferation/data/TestingData/small_images-level-2-mask/TUPAC-TE-127.png
../../../../../../..//data/dywang/Database/Proliferation/data/TestingData/testing_image_data/TUPAC-TE-128.svs ../../../../../../..//data/dywang/Database/Proliferation/data/TestingData/small_images-level-2-mask/TUPAC-TE-128.png
../../../../../../..//data/dywang/Database/Proliferation/data/TestingData/testing_image_data/TUPAC-TE-129.svs ../../../../../../..//data/dywang/Database/Proliferation/data/TestingData/small_images-level-2-mask/TUPAC-TE-129.png
../../../../../../..//data/dywang/Database/Proliferation/data/TestingData/testing_image_data/TUPAC-TE-130.svs ../../../../../../..//data/dywang/Database/Proliferation/data/TestingData/small_images-level-2-mask/TUPAC-TE-130.png
../../../../../../..//data/dywang/Database/Proliferation/data/TestingData/testing_image_data/TUPAC-TE-131.svs ../../../../../../..//data/dywang/Database/Proliferation/data/TestingData/small_images-level-2-mask/TUPAC-TE-131.png
../../../../../../..//data/dywang/Database/Proliferation/data/TestingData/testing_image_data/TUPAC-TE-132.svs ../../../../../../..//data/dywang/Database/Proliferation/data/TestingData/small_images-level-2-mask/TUPAC-TE-132.png
../../../../../../..//data/dywang/Database/Proliferation/data/TestingData/testing_image_data/TUPAC-TE-133.svs ../../../../../../..//data/dywang/Database/Proliferation/data/TestingData/small_images-level-2-mask/TUPAC-TE-133.png
../../../../../../..//data/dywang/Database/Proliferation/data/TestingData/testing_image_data/TUPAC-TE-134.svs ../../../../../../..//data/dywang/Database/Proliferation/data/TestingData/small_images-level-2-mask/TUPAC-TE-134.png
../../../../../../..//data/dywang/Database/Proliferation/data/TestingData/testing_image_data/TUPAC-TE-135.svs ../../../../../../..//data/dywang/Database/Proliferation/data/TestingData/small_images-level-2-mask/TUPAC-TE-135.png
../../../../../../..//data/dywang/Database/Proliferation/data/TestingData/testing_image_data/TUPAC-TE-136.svs ../../../../../../..//data/dywang/Database/Proliferation/data/TestingData/small_images-level-2-mask/TUPAC-TE-136.png
../../../../../../..//data/dywang/Database/Proliferation/data/TestingData/testing_image_data/TUPAC-TE-137.svs ../../../../../../..//data/dywang/Database/Proliferation/data/TestingData/small_images-level-2-mask/TUPAC-TE-137.png
../../../../../../..//data/dywang/Database/Proliferation/data/TestingData/testing_image_data/TUPAC-TE-138.svs ../../../../../../..//data/dywang/Database/Proliferation/data/TestingData/small_images-level-2-mask/TUPAC-TE-138.png
../../../../../../..//data/dywang/Database/Proliferation/data/TestingData/testing_image_data/TUPAC-TE-139.svs ../../../../../../..//data/dywang/Database/Proliferation/data/TestingData/small_images-level-2-mask/TUPAC-TE-139.png
../../../../../../..//data/dywang/Database/Proliferation/data/TestingData/testing_image_data/TUPAC-TE-140.svs ../../../../../../..//data/dywang/Database/Proliferation/data/TestingData/small_images-level-2-mask/TUPAC-TE-140.png
../../../../../../..//data/dywang/Database/Proliferation/data/TestingData/testing_image_data/TUPAC-TE-141.svs ../../../../../../..//data/dywang/Database/Proliferation/data/TestingData/small_images-level-2-mask/TUPAC-TE-141.png
../../../../../../..//data/dywang/Database/Proliferation/data/TestingData/testing_image_data/TUPAC-TE-142.svs ../../../../../../..//data/dywang/Database/Proliferation/data/TestingData/small_images-level-2-mask/TUPAC-TE-142.png
../../../../../../..//data/dywang/Database/Proliferation/data/TestingData/testing_image_data/TUPAC-TE-143.svs ../../../../../../..//data/dywang/Database/Proliferation/data/TestingData/small_images-level-2-mask/TUPAC-TE-143.png
../../../../../../..//data/dywang/Database/Proliferation/data/TestingData/testing_image_data/TUPAC-TE-144.svs ../../../../../../..//data/dywang/Database/Proliferation/data/TestingData/small_images-level-2-mask/TUPAC-TE-144.png
../../../../../../..//data/dywang/Database/Proliferation/data/TestingData/testing_image_data/TUPAC-TE-145.svs ../../../../../../..//data/dywang/Database/Proliferation/data/TestingData/small_images-level-2-mask/TUPAC-TE-145.png
../../../../../../..//data/dywang/Database/Proliferation/data/TestingData/testing_image_data/TUPAC-TE-146.svs ../../../../../../..//data/dywang/Database/Proliferation/data/TestingData/small_images-level-2-mask/TUPAC-TE-146.png
../../../../../../..//data/dywang/Database/Proliferation/data/TestingData/testing_image_data/TUPAC-TE-147.svs ../../../../../../..//data/dywang/Database/Proliferation/data/TestingData/small_images-level-2-mask/TUPAC-TE-147.png
../../../../../../..//data/dywang/Database/Proliferation/data/TestingData/testing_image_data/TUPAC-TE-148.svs ../../../../../../..//data/dywang/Database/Proliferation/data/TestingData/small_images-level-2-mask/TUPAC-TE-148.png
../../../../../../..//data/dywang/Database/Proliferation/data/TestingData/testing_image_data/TUPAC-TE-149.svs ../../../../../../..//data/dywang/Database/Proliferation/data/TestingData/small_images-level-2-mask/TUPAC-TE-149.png
../../../../../../..//data/dywang/Database/Proliferation/data/TestingData/testing_image_data/TUPAC-TE-150.svs ../../../../../../..//data/dywang/Database/Proliferation/data/TestingData/small_images-level-2-mask/TUPAC-TE-150.png
../../../../../../..//data/dywang/Database/Proliferation/data/TestingData/testing_image_data/TUPAC-TE-151.svs ../../../../../../..//data/dywang/Database/Proliferation/data/TestingData/small_images-level-2-mask/TUPAC-TE-151.png
../../../../../../..//data/dywang/Database/Proliferation/data/TestingData/testing_image_data/TUPAC-TE-152.svs ../../../../../../..//data/dywang/Database/Proliferation/data/TestingData/small_images-level-2-mask/TUPAC-TE-152.png
../../../../../../..//data/dywang/Database/Proliferation/data/TestingData/testing_image_data/TUPAC-TE-153.svs ../../../../../../..//data/dywang/Database/Proliferation/data/TestingData/small_images-level-2-mask/TUPAC-TE-153.png
../../../../../../..//data/dywang/Database/Proliferation/data/TestingData/testing_image_data/TUPAC-TE-154.svs ../../../../../../..//data/dywang/Database/Proliferation/data/TestingData/small_images-level-2-mask/TUPAC-TE-154.png
../../../../../../..//data/dywang/Database/Proliferation/data/TestingData/testing_image_data/TUPAC-TE-155.svs ../../../../../../..//data/dywang/Database/Proliferation/data/TestingData/small_images-level-2-mask/TUPAC-TE-155.png
../../../../../../..//data/dywang/Database/Proliferation/data/TestingData/testing_image_data/TUPAC-TE-156.svs ../../../../../../..//data/dywang/Database/Proliferation/data/TestingData/small_images-level-2-mask/TUPAC-TE-156.png
../../../../../../..//data/dywang/Database/Proliferation/data/TestingData/testing_image_data/TUPAC-TE-157.svs ../../../../../../..//data/dywang/Database/Proliferation/data/TestingData/small_images-level-2-mask/TUPAC-TE-157.png
../../../../../../..//data/dywang/Database/Proliferation/data/TestingData/testing_image_data/TUPAC-TE-158.svs ../../../../../../..//data/dywang/Database/Proliferation/data/TestingData/small_images-level-2-mask/TUPAC-TE-158.png
../../../../../../..//data/dywang/Database/Proliferation/data/TestingData/testing_image_data/TUPAC-TE-159.svs ../../../../../../..//data/dywang/Database/Proliferation/data/TestingData/small_images-level-2-mask/TUPAC-TE-159.png
../../../../../../..//data/dywang/Database/Proliferation/data/TestingData/testing_image_data/TUPAC-TE-160.svs ../../../../../../..//data/dywang/Database/Proliferation/data/TestingData/small_images-level-2-mask/TUPAC-TE-160.png
../../../../../../..//data/dywang/Database/Proliferation/data/TestingData/testing_image_data/TUPAC-TE-161.svs ../../../../../../..//data/dywang/Database/Proliferation/data/TestingData/small_images-level-2-mask/TUPAC-TE-161.png
../../../../../../..//data/dywang/Database/Proliferation/data/TestingData/testing_image_data/TUPAC-TE-162.svs ../../../../../../..//data/dywang/Database/Proliferation/data/TestingData/small_images-level-2-mask/TUPAC-TE-162.png
../../../../../../..//data/dywang/Database/Proliferation/data/TestingData/testing_image_data/TUPAC-TE-163.svs ../../../../../../..//data/dywang/Database/Proliferation/data/TestingData/small_images-level-2-mask/TUPAC-TE-163.png
../../../../../../..//data/dywang/Database/Proliferation/data/TestingData/testing_image_data/TUPAC-TE-164.svs ../../../../../../..//data/dywang/Database/Proliferation/data/TestingData/small_images-level-2-mask/TUPAC-TE-164.png
../../../../../../..//data/dywang/Database/Proliferation/data/TestingData/testing_image_data/TUPAC-TE-165.svs ../../../../../../..//data/dywang/Database/Proliferation/data/TestingData/small_images-level-2-mask/TUPAC-TE-165.png
../../../../../../..//data/dywang/Database/Proliferation/data/TestingData/testing_image_data/TUPAC-TE-166.svs ../../../../../../..//data/dywang/Database/Proliferation/data/TestingData/small_images-level-2-mask/TUPAC-TE-166.png
../../../../../../..//data/dywang/Database/Proliferation/data/TestingData/testing_image_data/TUPAC-TE-167.svs ../../../../../../..//data/dywang/Database/Proliferation/data/TestingData/small_images-level-2-mask/TUPAC-TE-167.png
../../../../../../..//data/dywang/Database/Proliferation/data/TestingData/testing_image_data/TUPAC-TE-168.svs ../../../../../../..//data/dywang/Database/Proliferation/data/TestingData/small_images-level-2-mask/TUPAC-TE-168.png
../../../../../../..//data/dywang/Database/Proliferation/data/TestingData/testing_image_data/TUPAC-TE-169.svs ../../../../../../..//data/dywang/Database/Proliferation/data/TestingData/small_images-level-2-mask/TUPAC-TE-169.png
../../../../../../..//data/dywang/Database/Proliferation/data/TestingData/testing_image_data/TUPAC-TE-170.svs ../../../../../../..//data/dywang/Database/Proliferation/data/TestingData/small_images-level-2-mask/TUPAC-TE-170.png
../../../../../../..//data/dywang/Database/Proliferation/data/TestingData/testing_image_data/TUPAC-TE-171.svs ../../../../../../..//data/dywang/Database/Proliferation/data/TestingData/small_images-level-2-mask/TUPAC-TE-171.png
../../../../../../..//data/dywang/Database/Proliferation/data/TestingData/testing_image_data/TUPAC-TE-172.svs ../../../../../../..//data/dywang/Database/Proliferation/data/TestingData/small_images-level-2-mask/TUPAC-TE-172.png
../../../../../../..//data/dywang/Database/Proliferation/data/TestingData/testing_image_data/TUPAC-TE-173.svs ../../../../../../..//data/dywang/Database/Proliferation/data/TestingData/small_images-level-2-mask/TUPAC-TE-173.png
../../../../../../..//data/dywang/Database/Proliferation/data/TestingData/testing_image_data/TUPAC-TE-174.svs ../../../../../../..//data/dywang/Database/Proliferation/data/TestingData/small_images-level-2-mask/TUPAC-TE-174.png
../../../../../../..//data/dywang/Database/Proliferation/data/TestingData/testing_image_data/TUPAC-TE-175.svs ../../../../../../..//data/dywang/Database/Proliferation/data/TestingData/small_images-level-2-mask/TUPAC-TE-175.png
../../../../../../..//data/dywang/Database/Proliferation/data/TestingData/testing_image_data/TUPAC-TE-176.svs ../../../../../../..//data/dywang/Database/Proliferation/data/TestingData/small_images-level-2-mask/TUPAC-TE-176.png
../../../../../../..//data/dywang/Database/Proliferation/data/TestingData/testing_image_data/TUPAC-TE-177.svs ../../../../../../..//data/dywang/Database/Proliferation/data/TestingData/small_images-level-2-mask/TUPAC-TE-177.png
../../../../../../..//data/dywang/Database/Proliferation/data/TestingData/testing_image_data/TUPAC-TE-178.svs ../../../../../../..//data/dywang/Database/Proliferation/data/TestingData/small_images-level-2-mask/TUPAC-TE-178.png
../../../../../../..//data/dywang/Database/Proliferation/data/TestingData/testing_image_data/TUPAC-TE-179.svs ../../../../../../..//data/dywang/Database/Proliferation/data/TestingData/small_images-level-2-mask/TUPAC-TE-179.png
../../../../../../..//data/dywang/Database/Proliferation/data/TestingData/testing_image_data/TUPAC-TE-180.svs ../../../../../../..//data/dywang/Database/Proliferation/data/TestingData/small_images-level-2-mask/TUPAC-TE-180.png
../../../../../../..//data/dywang/Database/Proliferation/data/TestingData/testing_image_data/TUPAC-TE-181.svs ../../../../../../..//data/dywang/Database/Proliferation/data/TestingData/small_images-level-2-mask/TUPAC-TE-181.png
../../../../../../..//data/dywang/Database/Proliferation/data/TestingData/testing_image_data/TUPAC-TE-182.svs ../../../../../../..//data/dywang/Database/Proliferation/data/TestingData/small_images-level-2-mask/TUPAC-TE-182.png
../../../../../../..//data/dywang/Database/Proliferation/data/TestingData/testing_image_data/TUPAC-TE-183.svs ../../../../../../..//data/dywang/Database/Proliferation/data/TestingData/small_images-level-2-mask/TUPAC-TE-183.png
../../../../../../..//data/dywang/Database/Proliferation/data/TestingData/testing_image_data/TUPAC-TE-184.svs ../../../../../../..//data/dywang/Database/Proliferation/data/TestingData/small_images-level-2-mask/TUPAC-TE-184.png
../../../../../../..//data/dywang/Database/Proliferation/data/TestingData/testing_image_data/TUPAC-TE-185.svs ../../../../../../..//data/dywang/Database/Proliferation/data/TestingData/small_images-level-2-mask/TUPAC-TE-185.png
../../../../../../..//data/dywang/Database/Proliferation/data/TestingData/testing_image_data/TUPAC-TE-186.svs ../../../../../../..//data/dywang/Database/Proliferation/data/TestingData/small_images-level-2-mask/TUPAC-TE-186.png
../../../../../../..//data/dywang/Database/Proliferation/data/TestingData/testing_image_data/TUPAC-TE-187.svs ../../../../../../..//data/dywang/Database/Proliferation/data/TestingData/small_images-level-2-mask/TUPAC-TE-187.png
../../../../../../..//data/dywang/Database/Proliferation/data/TestingData/testing_image_data/TUPAC-TE-188.svs ../../../../../../..//data/dywang/Database/Proliferation/data/TestingData/small_images-level-2-mask/TUPAC-TE-188.png
../../../../../../..//data/dywang/Database/Proliferation/data/TestingData/testing_image_data/TUPAC-TE-189.svs ../../../../../../..//data/dywang/Database/Proliferation/data/TestingData/small_images-level-2-mask/TUPAC-TE-189.png
../../../../../../..//data/dywang/Database/Proliferation/data/TestingData/testing_image_data/TUPAC-TE-190.svs ../../../../../../..//data/dywang/Database/Proliferation/data/TestingData/small_images-level-2-mask/TUPAC-TE-190.png
../../../../../../..//data/dywang/Database/Proliferation/data/TestingData/testing_image_data/TUPAC-TE-191.svs ../../../../../../..//data/dywang/Database/Proliferation/data/TestingData/small_images-level-2-mask/TUPAC-TE-191.png
../../../../../../..//data/dywang/Database/Proliferation/data/TestingData/testing_image_data/TUPAC-TE-192.svs ../../../../../../..//data/dywang/Database/Proliferation/data/TestingData/small_images-level-2-mask/TUPAC-TE-192.png
../../../../../../..//data/dywang/Database/Proliferation/data/TestingData/testing_image_data/TUPAC-TE-193.svs ../../../../../../..//data/dywang/Database/Proliferation/data/TestingData/small_images-level-2-mask/TUPAC-TE-193.png
../../../../../../..//data/dywang/Database/Proliferation/data/TestingData/testing_image_data/TUPAC-TE-194.svs ../../../../../../..//data/dywang/Database/Proliferation/data/TestingData/small_images-level-2-mask/TUPAC-TE-194.png
../../../../../../..//data/dywang/Database/Proliferation/data/TestingData/testing_image_data/TUPAC-TE-195.svs ../../../../../../..//data/dywang/Database/Proliferation/data/TestingData/small_images-level-2-mask/TUPAC-TE-195.png
../../../../../../..//data/dywang/Database/Proliferation/data/TestingData/testing_image_data/TUPAC-TE-196.svs ../../../../../../..//data/dywang/Database/Proliferation/data/TestingData/small_images-level-2-mask/TUPAC-TE-196.png
../../../../../../..//data/dywang/Database/Proliferation/data/TestingData/testing_image_data/TUPAC-TE-197.svs ../../../../../../..//data/dywang/Database/Proliferation/data/TestingData/small_images-level-2-mask/TUPAC-TE-197.png
../../../../../../..//data/dywang/Database/Proliferation/data/TestingData/testing_image_data/TUPAC-TE-198.svs ../../../../../../..//data/dywang/Database/Proliferation/data/TestingData/small_images-level-2-mask/TUPAC-TE-198.png
../../../../../../..//data/dywang/Database/Proliferation/data/TestingData/testing_image_data/TUPAC-TE-199.svs ../../../../../../..//data/dywang/Database/Proliferation/data/TestingData/small_images-level-2-mask/TUPAC-TE-199.png
../../../../../../..//data/dywang/Database/Proliferation/data/TestingData/testing_image_data/TUPAC-TE-200.svs ../../../../../../..//data/dywang/Database/Proliferation/data/TestingData/small_images-level-2-mask/TUPAC-TE-200.png
../../../../../../..//data/dywang/Database/Proliferation/data/TestingData/testing_image_data/TUPAC-TE-201.svs ../../../../../../..//data/dywang/Database/Proliferation/data/TestingData/small_images-level-2-mask/TUPAC-TE-201.png
../../../../../../..//data/dywang/Database/Proliferation/data/TestingData/testing_image_data/TUPAC-TE-202.svs ../../../../../../..//data/dywang/Database/Proliferation/data/TestingData/small_images-level-2-mask/TUPAC-TE-202.png
../../../../../../..//data/dywang/Database/Proliferation/data/TestingData/testing_image_data/TUPAC-TE-203.svs ../../../../../../..//data/dywang/Database/Proliferation/data/TestingData/small_images-level-2-mask/TUPAC-TE-203.png
../../../../../../..//data/dywang/Database/Proliferation/data/TestingData/testing_image_data/TUPAC-TE-204.svs ../../../../../../..//data/dywang/Database/Proliferation/data/TestingData/small_images-level-2-mask/TUPAC-TE-204.png
../../../../../../..//data/dywang/Database/Proliferation/data/TestingData/testing_image_data/TUPAC-TE-206.svs ../../../../../../..//data/dywang/Database/Proliferation/data/TestingData/small_images-level-2-mask/TUPAC-TE-206.png
../../../../../../..//data/dywang/Database/Proliferation/data/TestingData/testing_image_data/TUPAC-TE-207.svs ../../../../../../..//data/dywang/Database/Proliferation/data/TestingData/small_images-level-2-mask/TUPAC-TE-207.png
../../../../../../..//data/dywang/Database/Proliferation/data/TestingData/testing_image_data/TUPAC-TE-208.svs ../../../../../../..//data/dywang/Database/Proliferation/data/TestingData/small_images-level-2-mask/TUPAC-TE-208.png
../../../../../../..//data/dywang/Database/Proliferation/data/TestingData/testing_image_data/TUPAC-TE-209.svs ../../../../../../..//data/dywang/Database/Proliferation/data/TestingData/small_images-level-2-mask/TUPAC-TE-209.png
../../../../../../..//data/dywang/Database/Proliferation/data/TestingData/testing_image_data/TUPAC-TE-210.svs ../../../../../../..//data/dywang/Database/Proliferation/data/TestingData/small_images-level-2-mask/TUPAC-TE-210.png
../../../../../../..//data/dywang/Database/Proliferation/data/TestingData/testing_image_data/TUPAC-TE-211.svs ../../../../../../..//data/dywang/Database/Proliferation/data/TestingData/small_images-level-2-mask/TUPAC-TE-211.png
../../../../../../..//data/dywang/Database/Proliferation/data/TestingData/testing_image_data/TUPAC-TE-212.svs ../../../../../../..//data/dywang/Database/Proliferation/data/TestingData/small_images-level-2-mask/TUPAC-TE-212.png
../../../../../../..//data/dywang/Database/Proliferation/data/TestingData/testing_image_data/TUPAC-TE-213.svs ../../../../../../..//data/dywang/Database/Proliferation/data/TestingData/small_images-level-2-mask/TUPAC-TE-213.png
../../../../../../..//data/dywang/Database/Proliferation/data/TestingData/testing_image_data/TUPAC-TE-214.svs ../../../../../../..//data/dywang/Database/Proliferation/data/TestingData/small_images-level-2-mask/TUPAC-TE-214.png
../../../../../../..//data/dywang/Database/Proliferation/data/TestingData/testing_image_data/TUPAC-TE-215.svs ../../../../../../..//data/dywang/Database/Proliferation/data/TestingData/small_images-level-2-mask/TUPAC-TE-215.png
../../../../../../..//data/dywang/Database/Proliferation/data/TestingData/testing_image_data/TUPAC-TE-216.svs ../../../../../../..//data/dywang/Database/Proliferation/data/TestingData/small_images-level-2-mask/TUPAC-TE-216.png
../../../../../../..//data/dywang/Database/Proliferation/data/TestingData/testing_image_data/TUPAC-TE-217.svs ../../../../../../..//data/dywang/Database/Proliferation/data/TestingData/small_images-level-2-mask/TUPAC-TE-217.png
../../../../../../..//data/dywang/Database/Proliferation/data/TestingData/testing_image_data/TUPAC-TE-218.svs ../../../../../../..//data/dywang/Database/Proliferation/data/TestingData/small_images-level-2-mask/TUPAC-TE-218.png
../../../../../../..//data/dywang/Database/Proliferation/data/TestingData/testing_image_data/TUPAC-TE-219.svs ../../../../../../..//data/dywang/Database/Proliferation/data/TestingData/small_images-level-2-mask/TUPAC-TE-219.png
../../../../../../..//data/dywang/Database/Proliferation/data/TestingData/testing_image_data/TUPAC-TE-220.svs ../../../../../../..//data/dywang/Database/Proliferation/data/TestingData/small_images-level-2-mask/TUPAC-TE-220.png
../../../../../../..//data/dywang/Database/Proliferation/data/TestingData/testing_image_data/TUPAC-TE-221.svs ../../../../../../..//data/dywang/Database/Proliferation/data/TestingData/small_images-level-2-mask/TUPAC-TE-221.png
../../../../../../..//data/dywang/Database/Proliferation/data/TestingData/testing_image_data/TUPAC-TE-222.svs ../../../../../../..//data/dywang/Database/Proliferation/data/TestingData/small_images-level-2-mask/TUPAC-TE-222.png
../../../../../../..//data/dywang/Database/Proliferation/data/TestingData/testing_image_data/TUPAC-TE-223.svs ../../../../../../..//data/dywang/Database/Proliferation/data/TestingData/small_images-level-2-mask/TUPAC-TE-223.png
../../../../../../..//data/dywang/Database/Proliferation/data/TestingData/testing_image_data/TUPAC-TE-224.svs ../../../../../../..//data/dywang/Database/Proliferation/data/TestingData/small_images-level-2-mask/TUPAC-TE-224.png
../../../../../../..//data/dywang/Database/Proliferation/data/TestingData/testing_image_data/TUPAC-TE-225.svs ../../../../../../..//data/dywang/Database/Proliferation/data/TestingData/small_images-level-2-mask/TUPAC-TE-225.png
../../../../../../..//data/dywang/Database/Proliferation/data/TestingData/testing_image_data/TUPAC-TE-226.svs ../../../../../../..//data/dywang/Database/Proliferation/data/TestingData/small_images-level-2-mask/TUPAC-TE-226.png
../../../../../../..//data/dywang/Database/Proliferation/data/TestingData/testing_image_data/TUPAC-TE-227.svs ../../../../../../..//data/dywang/Database/Proliferation/data/TestingData/small_images-level-2-mask/TUPAC-TE-227.png
../../../../../../..//data/dywang/Database/Proliferation/data/TestingData/testing_image_data/TUPAC-TE-228.svs ../../../../../../..//data/dywang/Database/Proliferation/data/TestingData/small_images-level-2-mask/TUPAC-TE-228.png
../../../../../../..//data/dywang/Database/Proliferation/data/TestingData/testing_image_data/TUPAC-TE-229.svs ../../../../../../..//data/dywang/Database/Proliferation/data/TestingData/small_images-level-2-mask/TUPAC-TE-229.png
../../../../../../..//data/dywang/Database/Proliferation/data/TestingData/testing_image_data/TUPAC-TE-230.svs ../../../../../../..//data/dywang/Database/Proliferation/data/TestingData/small_images-level-2-mask/TUPAC-TE-230.png
../../../../../../..//data/dywang/Database/Proliferation/data/TestingData/testing_image_data/TUPAC-TE-231.svs ../../../../../../..//data/dywang/Database/Proliferation/data/TestingData/small_images-level-2-mask/TUPAC-TE-231.png
../../../../../../..//data/dywang/Database/Proliferation/data/TestingData/testing_image_data/TUPAC-TE-232.svs ../../../../../../..//data/dywang/Database/Proliferation/data/TestingData/small_images-level-2-mask/TUPAC-TE-232.png
../../../../../../..//data/dywang/Database/Proliferation/data/TestingData/testing_image_data/TUPAC-TE-233.svs ../../../../../../..//data/dywang/Database/Proliferation/data/TestingData/small_images-level-2-mask/TUPAC-TE-233.png
../../../../../../..//data/dywang/Database/Proliferation/data/TestingData/testing_image_data/TUPAC-TE-234.svs ../../../../../../..//data/dywang/Database/Proliferation/data/TestingData/small_images-level-2-mask/TUPAC-TE-234.png
../../../../../../..//data/dywang/Database/Proliferation/data/TestingData/testing_image_data/TUPAC-TE-235.svs ../../../../../../..//data/dywang/Database/Proliferation/data/TestingData/small_images-level-2-mask/TUPAC-TE-235.png
../../../../../../..//data/dywang/Database/Proliferation/data/TestingData/testing_image_data/TUPAC-TE-236.svs ../../../../../../..//data/dywang/Database/Proliferation/data/TestingData/small_images-level-2-mask/TUPAC-TE-236.png
../../../../../../..//data/dywang/Database/Proliferation/data/TestingData/testing_image_data/TUPAC-TE-237.svs ../../../../../../..//data/dywang/Database/Proliferation/data/TestingData/small_images-level-2-mask/TUPAC-TE-237.png
../../../../../../..//data/dywang/Database/Proliferation/data/TestingData/testing_image_data/TUPAC-TE-238.svs ../../../../../../..//data/dywang/Database/Proliferation/data/TestingData/small_images-level-2-mask/TUPAC-TE-238.png
../../../../../../..//data/dywang/Database/Proliferation/data/TestingData/testing_image_data/TUPAC-TE-239.svs ../../../../../../..//data/dywang/Database/Proliferation/data/TestingData/small_images-level-2-mask/TUPAC-TE-239.png
../../../../../../..//data/dywang/Database/Proliferation/data/TestingData/testing_image_data/TUPAC-TE-240.svs ../../../../../../..//data/dywang/Database/Proliferation/data/TestingData/small_images-level-2-mask/TUPAC-TE-240.png
../../../../../../..//data/dywang/Database/Proliferation/data/TestingData/testing_image_data/TUPAC-TE-241.svs ../../../../../../..//data/dywang/Database/Proliferation/data/TestingData/small_images-level-2-mask/TUPAC-TE-241.png
../../../../../../..//data/dywang/Database/Proliferation/data/TestingData/testing_image_data/TUPAC-TE-243.svs ../../../../../../..//data/dywang/Database/Proliferation/data/TestingData/small_images-level-2-mask/TUPAC-TE-243.png
../../../../../../..//data/dywang/Database/Proliferation/data/TestingData/testing_image_data/TUPAC-TE-244.svs ../../../../../../..//data/dywang/Database/Proliferation/data/TestingData/small_images-level-2-mask/TUPAC-TE-244.png
../../../../../../..//data/dywang/Database/Proliferation/data/TestingData/testing_image_data/TUPAC-TE-245.svs ../../../../../../..//data/dywang/Database/Proliferation/data/TestingData/small_images-level-2-mask/TUPAC-TE-245.png
../../../../../../..//data/dywang/Database/Proliferation/data/TestingData/testing_image_data/TUPAC-TE-246.svs ../../../../../../..//data/dywang/Database/Proliferation/data/TestingData/small_images-level-2-mask/TUPAC-TE-246.png
../../../../../../..//data/dywang/Database/Proliferation/data/TestingData/testing_image_data/TUPAC-TE-247.svs ../../../../../../..//data/dywang/Database/Proliferation/data/TestingData/small_images-level-2-mask/TUPAC-TE-247.png
../../../../../../..//data/dywang/Database/Proliferation/data/TestingData/testing_image_data/TUPAC-TE-248.svs ../../../../../../..//data/dywang/Database/Proliferation/data/TestingData/small_images-level-2-mask/TUPAC-TE-248.png
../../../../../../..//data/dywang/Database/Proliferation/data/TestingData/testing_image_data/TUPAC-TE-249.svs ../../../../../../..//data/dywang/Database/Proliferation/data/TestingData/small_images-level-2-mask/TUPAC-TE-249.png
../../../../../../..//data/dywang/Database/Proliferation/data/TestingData/testing_image_data/TUPAC-TE-250.svs ../../../../../../..//data/dywang/Database/Proliferation/data/TestingData/small_images-level-2-mask/TUPAC-TE-250.png
../../../../../../..//data/dywang/Database/Proliferation/data/TestingData/testing_image_data/TUPAC-TE-251.svs ../../../../../../..//data/dywang/Database/Proliferation/data/TestingData/small_images-level-2-mask/TUPAC-TE-251.png
../../../../../../..//data/dywang/Database/Proliferation/data/TestingData/testing_image_data/TUPAC-TE-252.svs ../../../../../../..//data/dywang/Database/Proliferation/data/TestingData/small_images-level-2-mask/TUPAC-TE-252.png
../../../../../../..//data/dywang/Database/Proliferation/data/TestingData/testing_image_data/TUPAC-TE-253.svs ../../../../../../..//data/dywang/Database/Proliferation/data/TestingData/small_images-level-2-mask/TUPAC-TE-253.png
../../../../../../..//data/dywang/Database/Proliferation/data/TestingData/testing_image_data/TUPAC-TE-254.svs ../../../../../../..//data/dywang/Database/Proliferation/data/TestingData/small_images-level-2-mask/TUPAC-TE-254.png
../../../../../../..//data/dywang/Database/Proliferation/data/TestingData/testing_image_data/TUPAC-TE-255.svs ../../../../../../..//data/dywang/Database/Proliferation/data/TestingData/small_images-level-2-mask/TUPAC-TE-255.png
../../../../../../..//data/dywang/Database/Proliferation/data/TestingData/testing_image_data/TUPAC-TE-257.svs ../../../../../../..//data/dywang/Database/Proliferation/data/TestingData/small_images-level-2-mask/TUPAC-TE-257.png
../../../../../../..//data/dywang/Database/Proliferation/data/TestingData/testing_image_data/TUPAC-TE-258.svs ../../../../../../..//data/dywang/Database/Proliferation/data/TestingData/small_images-level-2-mask/TUPAC-TE-258.png
../../../../../../..//data/dywang/Database/Proliferation/data/TestingData/testing_image_data/TUPAC-TE-259.svs ../../../../../../..//data/dywang/Database/Proliferation/data/TestingData/small_images-level-2-mask/TUPAC-TE-259.png
../../../../../../..//data/dywang/Database/Proliferation/data/TestingData/testing_image_data/TUPAC-TE-260.svs ../../../../../../..//data/dywang/Database/Proliferation/data/TestingData/small_images-level-2-mask/TUPAC-TE-260.png
../../../../../../..//data/dywang/Database/Proliferation/data/TestingData/testing_image_data/TUPAC-TE-261.svs ../../../../../../..//data/dywang/Database/Proliferation/data/TestingData/small_images-level-2-mask/TUPAC-TE-261.png
../../../../../../..//data/dywang/Database/Proliferation/data/TestingData/testing_image_data/TUPAC-TE-262.svs ../../../../../../..//data/dywang/Database/Proliferation/data/TestingData/small_images-level-2-mask/TUPAC-TE-262.png
../../../../../../..//data/dywang/Database/Proliferation/data/TestingData/testing_image_data/TUPAC-TE-263.svs ../../../../../../..//data/dywang/Database/Proliferation/data/TestingData/small_images-level-2-mask/TUPAC-TE-263.png
../../../../../../..//data/dywang/Database/Proliferation/data/TestingData/testing_image_data/TUPAC-TE-264.svs ../../../../../../..//data/dywang/Database/Proliferation/data/TestingData/small_images-level-2-mask/TUPAC-TE-264.png
../../../../../../..//data/dywang/Database/Proliferation/data/TestingData/testing_image_data/TUPAC-TE-265.svs ../../../../../../..//data/dywang/Database/Proliferation/data/TestingData/small_images-level-2-mask/TUPAC-TE-265.png
../../../../../../..//data/dywang/Database/Proliferation/data/TestingData/testing_image_data/TUPAC-TE-266.svs ../../../../../../..//data/dywang/Database/Proliferation/data/TestingData/small_images-level-2-mask/TUPAC-TE-266.png
../../../../../../..//data/dywang/Database/Proliferation/data/TestingData/testing_image_data/TUPAC-TE-267.svs ../../../../../../..//data/dywang/Database/Proliferation/data/TestingData/small_images-level-2-mask/TUPAC-TE-267.png
../../../../../../..//data/dywang/Database/Proliferation/data/TestingData/testing_image_data/TUPAC-TE-268.svs ../../../../../../..//data/dywang/Database/Proliferation/data/TestingData/small_images-level-2-mask/TUPAC-TE-268.png
../../../../../../..//data/dywang/Database/Proliferation/data/TestingData/testing_image_data/TUPAC-TE-269.svs ../../../../../../..//data/dywang/Database/Proliferation/data/TestingData/small_images-level-2-mask/TUPAC-TE-269.png
../../../../../../..//data/dywang/Database/Proliferation/data/TestingData/testing_image_data/TUPAC-TE-270.svs ../../../../../../..//data/dywang/Database/Proliferation/data/TestingData/small_images-level-2-mask/TUPAC-TE-270.png
../../../../../../..//data/dywang/Database/Proliferation/data/TestingData/testing_image_data/TUPAC-TE-271.svs ../../../../../../..//data/dywang/Database/Proliferation/data/TestingData/small_images-level-2-mask/TUPAC-TE-271.png
../../../../../../..//data/dywang/Database/Proliferation/data/TestingData/testing_image_data/TUPAC-TE-272.svs ../../../../../../..//data/dywang/Database/Proliferation/data/TestingData/small_images-level-2-mask/TUPAC-TE-272.png
../../../../../../..//data/dywang/Database/Proliferation/data/TestingData/testing_image_data/TUPAC-TE-273.svs ../../../../../../..//data/dywang/Database/Proliferation/data/TestingData/small_images-level-2-mask/TUPAC-TE-273.png
../../../../../../..//data/dywang/Database/Proliferation/data/TestingData/testing_image_data/TUPAC-TE-274.svs ../../../../../../..//data/dywang/Database/Proliferation/data/TestingData/small_images-level-2-mask/TUPAC-TE-274.png
../../../../../../..//data/dywang/Database/Proliferation/data/TestingData/testing_image_data/TUPAC-TE-275.svs ../../../../../../..//data/dywang/Database/Proliferation/data/TestingData/small_images-level-2-mask/TUPAC-TE-275.png
../../../../../../..//data/dywang/Database/Proliferation/data/TestingData/testing_image_data/TUPAC-TE-276.svs ../../../../../../..//data/dywang/Database/Proliferation/data/TestingData/small_images-level-2-mask/TUPAC-TE-276.png
../../../../../../..//data/dywang/Database/Proliferation/data/TestingData/testing_image_data/TUPAC-TE-277.svs ../../../../../../..//data/dywang/Database/Proliferation/data/TestingData/small_images-level-2-mask/TUPAC-TE-277.png
../../../../../../..//data/dywang/Database/Proliferation/data/TestingData/testing_image_data/TUPAC-TE-278.svs ../../../../../../..//data/dywang/Database/Proliferation/data/TestingData/small_images-level-2-mask/TUPAC-TE-278.png
../../../../../../..//data/dywang/Database/Proliferation/data/TestingData/testing_image_data/TUPAC-TE-279.svs ../../../../../../..//data/dywang/Database/Proliferation/data/TestingData/small_images-level-2-mask/TUPAC-TE-279.png
../../../../../../..//data/dywang/Database/Proliferation/data/TestingData/testing_image_data/TUPAC-TE-281.svs ../../../../../../..//data/dywang/Database/Proliferation/data/TestingData/small_images-level-2-mask/TUPAC-TE-281.png
../../../../../../..//data/dywang/Database/Proliferation/data/TestingData/testing_image_data/TUPAC-TE-282.svs ../../../../../../..//data/dywang/Database/Proliferation/data/TestingData/small_images-level-2-mask/TUPAC-TE-282.png
../../../../../../..//data/dywang/Database/Proliferation/data/TestingData/testing_image_data/TUPAC-TE-283.svs ../../../../../../..//data/dywang/Database/Proliferation/data/TestingData/small_images-level-2-mask/TUPAC-TE-283.png
../../../../../../..//data/dywang/Database/Proliferation/data/TestingData/testing_image_data/TUPAC-TE-284.svs ../../../../../../..//data/dywang/Database/Proliferation/data/TestingData/small_images-level-2-mask/TUPAC-TE-284.png
../../../../../../..//data/dywang/Database/Proliferation/data/TestingData/testing_image_data/TUPAC-TE-285.svs ../../../../../../..//data/dywang/Database/Proliferation/data/TestingData/small_images-level-2-mask/TUPAC-TE-285.png
../../../../../../..//data/dywang/Database/Proliferation/data/TestingData/testing_image_data/TUPAC-TE-286.svs ../../../../../../..//data/dywang/Database/Proliferation/data/TestingData/small_images-level-2-mask/TUPAC-TE-286.png
../../../../../../..//data/dywang/Database/Proliferation/data/TestingData/testing_image_data/TUPAC-TE-287.svs ../../../../../../..//data/dywang/Database/Proliferation/data/TestingData/small_images-level-2-mask/TUPAC-TE-287.png
../../../../../../..//data/dywang/Database/Proliferation/data/TestingData/testing_image_data/TUPAC-TE-288.svs ../../../../../../..//data/dywang/Database/Proliferation/data/TestingData/small_images-level-2-mask/TUPAC-TE-288.png
../../../../../../..//data/dywang/Database/Proliferation/data/TestingData/testing_image_data/TUPAC-TE-289.svs ../../../../../../..//data/dywang/Database/Proliferation/data/TestingData/small_images-level-2-mask/TUPAC-TE-289.png
../../../../../../..//data/dywang/Database/Proliferation/data/TestingData/testing_image_data/TUPAC-TE-290.svs ../../../../../../..//data/dywang/Database/Proliferation/data/TestingData/small_images-level-2-mask/TUPAC-TE-290.png
../../../../../../..//data/dywang/Database/Proliferation/data/TestingData/testing_image_data/TUPAC-TE-291.svs ../../../../../../..//data/dywang/Database/Proliferation/data/TestingData/small_images-level-2-mask/TUPAC-TE-291.png
../../../../../../..//data/dywang/Database/Proliferation/data/TestingData/testing_image_data/TUPAC-TE-292.svs ../../../../../../..//data/dywang/Database/Proliferation/data/TestingData/small_images-level-2-mask/TUPAC-TE-292.png
../../../../../../..//data/dywang/Database/Proliferation/data/TestingData/testing_image_data/TUPAC-TE-293.svs ../../../../../../..//data/dywang/Database/Proliferation/data/TestingData/small_images-level-2-mask/TUPAC-TE-293.png
../../../../../../..//data/dywang/Database/Proliferation/data/TestingData/testing_image_data/TUPAC-TE-294.svs ../../../../../../..//data/dywang/Database/Proliferation/data/TestingData/small_images-level-2-mask/TUPAC-TE-294.png
../../../../../../..//data/dywang/Database/Proliferation/data/TestingData/testing_image_data/TUPAC-TE-295.svs ../../../../../../..//data/dywang/Database/Proliferation/data/TestingData/small_images-level-2-mask/TUPAC-TE-295.png
../../../../../../..//data/dywang/Database/Proliferation/data/TestingData/testing_image_data/TUPAC-TE-296.svs ../../../../../../..//data/dywang/Database/Proliferation/data/TestingData/small_images-level-2-mask/TUPAC-TE-296.png
../../../../../../..//data/dywang/Database/Proliferation/data/TestingData/testing_image_data/TUPAC-TE-297.svs ../../../../../../..//data/dywang/Database/Proliferation/data/TestingData/small_images-level-2-mask/TUPAC-TE-297.png
../../../../../../..//data/dywang/Database/Proliferation/data/TestingData/testing_image_data/TUPAC-TE-298.svs ../../../../../../..//data/dywang/Database/Proliferation/data/TestingData/small_images-level-2-mask/TUPAC-TE-298.png
../../../../../../..//data/dywang/Database/Proliferation/data/TestingData/testing_image_data/TUPAC-TE-299.svs ../../../../../../..//data/dywang/Database/Proliferation/data/TestingData/small_images-level-2-mask/TUPAC-TE-299.png
../../../../../../..//data/dywang/Database/Proliferation/data/TestingData/testing_image_data/TUPAC-TE-300.svs ../../../../../../..//data/dywang/Database/Proliferation/data/TestingData/small_images-level-2-mask/TUPAC-TE-300.png
../../../../../../..//data/dywang/Database/Proliferation/data/TestingData/testing_image_data/TUPAC-TE-301.svs ../../../../../../..//data/dywang/Database/Proliferation/data/TestingData/small_images-level-2-mask/TUPAC-TE-301.png
../../../../../../..//data/dywang/Database/Proliferation/data/TestingData/testing_image_data/TUPAC-TE-302.svs ../../../../../../..//data/dywang/Database/Proliferation/data/TestingData/small_images-level-2-mask/TUPAC-TE-302.png
../../../../../../..//data/dywang/Database/Proliferation/data/TestingData/testing_image_data/TUPAC-TE-303.svs ../../../../../../..//data/dywang/Database/Proliferation/data/TestingData/small_images-level-2-mask/TUPAC-TE-303.png
../../../../../../..//data/dywang/Database/Proliferation/data/TestingData/testing_image_data/TUPAC-TE-304.svs ../../../../../../..//data/dywang/Database/Proliferation/data/TestingData/small_images-level-2-mask/TUPAC-TE-304.png
../../../../../../..//data/dywang/Database/Proliferation/data/TestingData/testing_image_data/TUPAC-TE-305.svs ../../../../../../..//data/dywang/Database/Proliferation/data/TestingData/small_images-level-2-mask/TUPAC-TE-305.png
../../../../../../..//data/dywang/Database/Proliferation/data/TestingData/testing_image_data/TUPAC-TE-306.svs ../../../../../../..//data/dywang/Database/Proliferation/data/TestingData/small_images-level-2-mask/TUPAC-TE-306.png
../../../../../../..//data/dywang/Database/Proliferation/data/TestingData/testing_image_data/TUPAC-TE-307.svs ../../../../../../..//data/dywang/Database/Proliferation/data/TestingData/small_images-level-2-mask/TUPAC-TE-307.png
../../../../../../..//data/dywang/Database/Proliferation/data/TestingData/testing_image_data/TUPAC-TE-308.svs ../../../../../../..//data/dywang/Database/Proliferation/data/TestingData/small_images-level-2-mask/TUPAC-TE-308.png
../../../../../../..//data/dywang/Database/Proliferation/data/TestingData/testing_image_data/TUPAC-TE-309.svs ../../../../../../..//data/dywang/Database/Proliferation/data/TestingData/small_images-level-2-mask/TUPAC-TE-309.png
../../../../../../..//data/dywang/Database/Proliferation/data/TestingData/testing_image_data/TUPAC-TE-310.svs ../../../../../../..//data/dywang/Database/Proliferation/data/TestingData/small_images-level-2-mask/TUPAC-TE-310.png
../../../../../../..//data/dywang/Database/Proliferation/data/TestingData/testing_image_data/TUPAC-TE-311.svs ../../../../../../..//data/dywang/Database/Proliferation/data/TestingData/small_images-level-2-mask/TUPAC-TE-311.png
../../../../../../..//data/dywang/Database/Proliferation/data/TestingData/testing_image_data/TUPAC-TE-312.svs ../../../../../../..//data/dywang/Database/Proliferation/data/TestingData/small_images-level-2-mask/TUPAC-TE-312.png
../../../../../../..//data/dywang/Database/Proliferation/data/TestingData/testing_image_data/TUPAC-TE-314.svs ../../../../../../..//data/dywang/Database/Proliferation/data/TestingData/small_images-level-2-mask/TUPAC-TE-314.png
../../../../../../..//data/dywang/Database/Proliferation/data/TestingData/testing_image_data/TUPAC-TE-315.svs ../../../../../../..//data/dywang/Database/Proliferation/data/TestingData/small_images-level-2-mask/TUPAC-TE-315.png
../../../../../../..//data/dywang/Database/Proliferation/data/TestingData/testing_image_data/TUPAC-TE-316.svs ../../../../../../..//data/dywang/Database/Proliferation/data/TestingData/small_images-level-2-mask/TUPAC-TE-316.png
../../../../../../..//data/dywang/Database/Proliferation/data/TestingData/testing_image_data/TUPAC-TE-317.svs ../../../../../../..//data/dywang/Database/Proliferation/data/TestingData/small_images-level-2-mask/TUPAC-TE-317.png
../../../../../../..//data/dywang/Database/Proliferation/data/TestingData/testing_image_data/TUPAC-TE-318.svs ../../../../../../..//data/dywang/Database/Proliferation/data/TestingData/small_images-level-2-mask/TUPAC-TE-318.png
../../../../../../..//data/dywang/Database/Proliferation/data/TestingData/testing_image_data/TUPAC-TE-319.svs ../../../../../../..//data/dywang/Database/Proliferation/data/TestingData/small_images-level-2-mask/TUPAC-TE-319.png
../../../../../../..//data/dywang/Database/Proliferation/data/TestingData/testing_image_data/TUPAC-TE-320.svs ../../../../../../..//data/dywang/Database/Proliferation/data/TestingData/small_images-level-2-mask/TUPAC-TE-320.png
../../../../../../..//data/dywang/Database/Proliferation/data/TestingData/testing_image_data/TUPAC-TE-321.svs ../../../../../../..//data/dywang/Database/Proliferation/data/TestingData/small_images-level-2-mask/TUPAC-TE-321.png
