mitoses_ground_truth/02/23.csv
mitoses_ground_truth/02/19.csv
mitoses_ground_truth/02/06.csv
mitoses_ground_truth/02/28.csv
mitoses_ground_truth/02/07.csv
mitoses_ground_truth/02/14.csv
mitoses_ground_truth/02/05.csv
mitoses_ground_truth/02/04.csv
mitoses_ground_truth/02/20.csv
mitoses_ground_truth/02/18.csv
mitoses_ground_truth/02/21.csv
mitoses_ground_truth/02/27.csv
mitoses_ground_truth/02/15.csv
mitoses_ground_truth/02/24.csv
mitoses_ground_truth/02/09.csv
mitoses_ground_truth/02/10.csv
mitoses_ground_truth/02/02.csv
mitoses_ground_truth/02/03.csv
mitoses_ground_truth/02/26.csv
mitoses_ground_truth/02/08.csv
mitoses_ground_truth/02/17.csv
mitoses_ground_truth/02/01.csv
mitoses_ground_truth/02/16.csv
mitoses_ground_truth/02/12.csv
mitoses_ground_truth/02/11.csv
mitoses_ground_truth/02/13.csv
mitoses_ground_truth/02/25.csv
mitoses_ground_truth/02/22.csv
mitoses_ground_truth/12/06.csv
mitoses_ground_truth/12/07.csv
mitoses_ground_truth/12/04.csv
mitoses_ground_truth/12/02.csv
mitoses_ground_truth/12/03.csv
mitoses_ground_truth/12/08.csv
mitoses_ground_truth/12/01.csv
mitoses_ground_truth/67/01.csv
mitoses_ground_truth/40/01.csv
mitoses_ground_truth/04/42.csv
mitoses_ground_truth/04/23.csv
mitoses_ground_truth/04/19.csv
mitoses_ground_truth/04/06.csv
mitoses_ground_truth/04/43.csv
mitoses_ground_truth/04/28.csv
mitoses_ground_truth/04/07.csv
mitoses_ground_truth/04/56.csv
mitoses_ground_truth/04/51.csv
mitoses_ground_truth/04/14.csv
mitoses_ground_truth/04/57.csv
mitoses_ground_truth/04/55.csv
mitoses_ground_truth/04/36.csv
mitoses_ground_truth/04/05.csv
mitoses_ground_truth/04/40.csv
mitoses_ground_truth/04/39.csv
mitoses_ground_truth/04/04.csv
mitoses_ground_truth/04/48.csv
mitoses_ground_truth/04/59.csv
mitoses_ground_truth/04/44.csv
mitoses_ground_truth/04/20.csv
mitoses_ground_truth/04/58.csv
mitoses_ground_truth/04/18.csv
mitoses_ground_truth/04/34.csv
mitoses_ground_truth/04/53.csv
mitoses_ground_truth/04/60.csv
mitoses_ground_truth/04/30.csv
mitoses_ground_truth/04/21.csv
mitoses_ground_truth/04/50.csv
mitoses_ground_truth/04/35.csv
mitoses_ground_truth/04/33.csv
mitoses_ground_truth/04/27.csv
mitoses_ground_truth/04/15.csv
mitoses_ground_truth/04/24.csv
mitoses_ground_truth/04/54.csv
mitoses_ground_truth/04/32.csv
mitoses_ground_truth/04/09.csv
mitoses_ground_truth/04/29.csv
mitoses_ground_truth/04/41.csv
mitoses_ground_truth/04/10.csv
mitoses_ground_truth/04/47.csv
mitoses_ground_truth/04/02.csv
mitoses_ground_truth/04/03.csv
mitoses_ground_truth/04/45.csv
mitoses_ground_truth/04/26.csv
mitoses_ground_truth/04/08.csv
mitoses_ground_truth/04/31.csv
mitoses_ground_truth/04/17.csv
mitoses_ground_truth/04/49.csv
mitoses_ground_truth/04/01.csv
mitoses_ground_truth/04/16.csv
mitoses_ground_truth/04/12.csv
mitoses_ground_truth/04/46.csv
mitoses_ground_truth/04/38.csv
mitoses_ground_truth/04/52.csv
mitoses_ground_truth/04/11.csv
mitoses_ground_truth/04/37.csv
mitoses_ground_truth/04/13.csv
mitoses_ground_truth/04/61.csv
mitoses_ground_truth/04/25.csv
mitoses_ground_truth/04/22.csv
mitoses_ground_truth/07/42.csv
mitoses_ground_truth/07/23.csv
mitoses_ground_truth/07/19.csv
mitoses_ground_truth/07/06.csv
mitoses_ground_truth/07/43.csv
mitoses_ground_truth/07/28.csv
mitoses_ground_truth/07/07.csv
mitoses_ground_truth/07/14.csv
mitoses_ground_truth/07/36.csv
mitoses_ground_truth/07/05.csv
mitoses_ground_truth/07/40.csv
mitoses_ground_truth/07/39.csv
mitoses_ground_truth/07/04.csv
mitoses_ground_truth/07/20.csv
mitoses_ground_truth/07/18.csv
mitoses_ground_truth/07/34.csv
mitoses_ground_truth/07/30.csv
mitoses_ground_truth/07/21.csv
mitoses_ground_truth/07/35.csv
mitoses_ground_truth/07/33.csv
mitoses_ground_truth/07/27.csv
mitoses_ground_truth/07/15.csv
mitoses_ground_truth/07/24.csv
mitoses_ground_truth/07/32.csv
mitoses_ground_truth/07/09.csv
mitoses_ground_truth/07/29.csv
mitoses_ground_truth/07/41.csv
mitoses_ground_truth/07/10.csv
mitoses_ground_truth/07/02.csv
mitoses_ground_truth/07/03.csv
mitoses_ground_truth/07/26.csv
mitoses_ground_truth/07/08.csv
mitoses_ground_truth/07/31.csv
mitoses_ground_truth/07/17.csv
mitoses_ground_truth/07/01.csv
mitoses_ground_truth/07/16.csv
mitoses_ground_truth/07/12.csv
mitoses_ground_truth/07/38.csv
mitoses_ground_truth/07/11.csv
mitoses_ground_truth/07/37.csv
mitoses_ground_truth/07/13.csv
mitoses_ground_truth/07/25.csv
mitoses_ground_truth/07/22.csv
mitoses_ground_truth/61/01.csv
mitoses_ground_truth/16/06.csv
mitoses_ground_truth/16/07.csv
mitoses_ground_truth/16/05.csv
mitoses_ground_truth/16/04.csv
mitoses_ground_truth/16/09.csv
mitoses_ground_truth/16/10.csv
mitoses_ground_truth/16/03.csv
mitoses_ground_truth/16/08.csv
mitoses_ground_truth/16/01.csv
mitoses_ground_truth/15/42.csv
mitoses_ground_truth/15/23.csv
mitoses_ground_truth/15/19.csv
mitoses_ground_truth/15/06.csv
mitoses_ground_truth/15/43.csv
mitoses_ground_truth/15/28.csv
mitoses_ground_truth/15/07.csv
mitoses_ground_truth/15/14.csv
mitoses_ground_truth/15/36.csv
mitoses_ground_truth/15/05.csv
mitoses_ground_truth/15/40.csv
mitoses_ground_truth/15/39.csv
mitoses_ground_truth/15/04.csv
mitoses_ground_truth/15/48.csv
mitoses_ground_truth/15/44.csv
mitoses_ground_truth/15/20.csv
mitoses_ground_truth/15/18.csv
mitoses_ground_truth/15/34.csv
mitoses_ground_truth/15/30.csv
mitoses_ground_truth/15/21.csv
mitoses_ground_truth/15/35.csv
mitoses_ground_truth/15/33.csv
mitoses_ground_truth/15/27.csv
mitoses_ground_truth/15/15.csv
mitoses_ground_truth/15/24.csv
mitoses_ground_truth/15/32.csv
mitoses_ground_truth/15/09.csv
mitoses_ground_truth/15/29.csv
mitoses_ground_truth/15/41.csv
mitoses_ground_truth/15/10.csv
mitoses_ground_truth/15/47.csv
mitoses_ground_truth/15/02.csv
mitoses_ground_truth/15/03.csv
mitoses_ground_truth/15/45.csv
mitoses_ground_truth/15/26.csv
mitoses_ground_truth/15/08.csv
mitoses_ground_truth/15/31.csv
mitoses_ground_truth/15/17.csv
mitoses_ground_truth/15/49.csv
mitoses_ground_truth/15/01.csv
mitoses_ground_truth/15/16.csv
mitoses_ground_truth/15/12.csv
mitoses_ground_truth/15/46.csv
mitoses_ground_truth/15/38.csv
mitoses_ground_truth/15/11.csv
mitoses_ground_truth/15/37.csv
mitoses_ground_truth/15/13.csv
mitoses_ground_truth/15/25.csv
mitoses_ground_truth/15/22.csv
mitoses_ground_truth/59/01.csv
mitoses_ground_truth/28/01.csv
mitoses_ground_truth/11/06.csv
mitoses_ground_truth/11/07.csv
mitoses_ground_truth/11/05.csv
mitoses_ground_truth/11/04.csv
mitoses_ground_truth/11/09.csv
mitoses_ground_truth/11/10.csv
mitoses_ground_truth/11/02.csv
mitoses_ground_truth/11/03.csv
mitoses_ground_truth/11/08.csv
mitoses_ground_truth/11/01.csv
mitoses_ground_truth/11/12.csv
mitoses_ground_truth/11/11.csv
mitoses_ground_truth/11/13.csv
mitoses_ground_truth/08/06.csv
mitoses_ground_truth/08/09.csv
mitoses_ground_truth/08/03.csv
mitoses_ground_truth/47/01.csv
mitoses_ground_truth/68/01.csv
mitoses_ground_truth/25/01.csv
mitoses_ground_truth/50/01.csv
mitoses_ground_truth/69/01.csv
mitoses_ground_truth/34/01.csv
mitoses_ground_truth/39/01.csv
mitoses_ground_truth/52/01.csv
mitoses_ground_truth/55/01.csv
mitoses_ground_truth/72/01.csv
mitoses_ground_truth/30/01.csv
mitoses_ground_truth/22/42.csv
mitoses_ground_truth/22/23.csv
mitoses_ground_truth/22/19.csv
mitoses_ground_truth/22/06.csv
mitoses_ground_truth/22/43.csv
mitoses_ground_truth/22/28.csv
mitoses_ground_truth/22/07.csv
mitoses_ground_truth/22/14.csv
mitoses_ground_truth/22/36.csv
mitoses_ground_truth/22/05.csv
mitoses_ground_truth/22/40.csv
mitoses_ground_truth/22/39.csv
mitoses_ground_truth/22/04.csv
mitoses_ground_truth/22/48.csv
mitoses_ground_truth/22/44.csv
mitoses_ground_truth/22/20.csv
mitoses_ground_truth/22/18.csv
mitoses_ground_truth/22/34.csv
mitoses_ground_truth/22/30.csv
mitoses_ground_truth/22/21.csv
mitoses_ground_truth/22/35.csv
mitoses_ground_truth/22/33.csv
mitoses_ground_truth/22/27.csv
mitoses_ground_truth/22/15.csv
mitoses_ground_truth/22/24.csv
mitoses_ground_truth/22/32.csv
mitoses_ground_truth/22/09.csv
mitoses_ground_truth/22/29.csv
mitoses_ground_truth/22/41.csv
mitoses_ground_truth/22/10.csv
mitoses_ground_truth/22/47.csv
mitoses_ground_truth/22/02.csv
mitoses_ground_truth/22/03.csv
mitoses_ground_truth/22/45.csv
mitoses_ground_truth/22/26.csv
mitoses_ground_truth/22/08.csv
mitoses_ground_truth/22/31.csv
mitoses_ground_truth/22/17.csv
mitoses_ground_truth/22/01.csv
mitoses_ground_truth/22/16.csv
mitoses_ground_truth/22/12.csv
mitoses_ground_truth/22/46.csv
mitoses_ground_truth/22/38.csv
mitoses_ground_truth/22/11.csv
mitoses_ground_truth/22/37.csv
mitoses_ground_truth/22/13.csv
mitoses_ground_truth/22/25.csv
mitoses_ground_truth/22/22.csv
mitoses_ground_truth/06/42.csv
mitoses_ground_truth/06/23.csv
mitoses_ground_truth/06/19.csv
mitoses_ground_truth/06/06.csv
mitoses_ground_truth/06/43.csv
mitoses_ground_truth/06/28.csv
mitoses_ground_truth/06/07.csv
mitoses_ground_truth/06/56.csv
mitoses_ground_truth/06/51.csv
mitoses_ground_truth/06/14.csv
mitoses_ground_truth/06/57.csv
mitoses_ground_truth/06/55.csv
mitoses_ground_truth/06/36.csv
mitoses_ground_truth/06/05.csv
mitoses_ground_truth/06/40.csv
mitoses_ground_truth/06/39.csv
mitoses_ground_truth/06/04.csv
mitoses_ground_truth/06/48.csv
mitoses_ground_truth/06/59.csv
mitoses_ground_truth/06/44.csv
mitoses_ground_truth/06/20.csv
mitoses_ground_truth/06/58.csv
mitoses_ground_truth/06/18.csv
mitoses_ground_truth/06/34.csv
mitoses_ground_truth/06/53.csv
mitoses_ground_truth/06/60.csv
mitoses_ground_truth/06/30.csv
mitoses_ground_truth/06/21.csv
mitoses_ground_truth/06/50.csv
mitoses_ground_truth/06/35.csv
mitoses_ground_truth/06/33.csv
mitoses_ground_truth/06/27.csv
mitoses_ground_truth/06/15.csv
mitoses_ground_truth/06/24.csv
mitoses_ground_truth/06/54.csv
mitoses_ground_truth/06/32.csv
mitoses_ground_truth/06/09.csv
mitoses_ground_truth/06/29.csv
mitoses_ground_truth/06/41.csv
mitoses_ground_truth/06/10.csv
mitoses_ground_truth/06/47.csv
mitoses_ground_truth/06/02.csv
mitoses_ground_truth/06/03.csv
mitoses_ground_truth/06/45.csv
mitoses_ground_truth/06/26.csv
mitoses_ground_truth/06/08.csv
mitoses_ground_truth/06/31.csv
mitoses_ground_truth/06/17.csv
mitoses_ground_truth/06/49.csv
mitoses_ground_truth/06/01.csv
mitoses_ground_truth/06/16.csv
mitoses_ground_truth/06/12.csv
mitoses_ground_truth/06/46.csv
mitoses_ground_truth/06/38.csv
mitoses_ground_truth/06/52.csv
mitoses_ground_truth/06/11.csv
mitoses_ground_truth/06/37.csv
mitoses_ground_truth/06/13.csv
mitoses_ground_truth/06/61.csv
mitoses_ground_truth/06/25.csv
mitoses_ground_truth/06/22.csv
mitoses_ground_truth/31/01.csv
mitoses_ground_truth/09/06.csv
mitoses_ground_truth/09/02.csv
mitoses_ground_truth/64/01.csv
mitoses_ground_truth/54/01.csv
mitoses_ground_truth/32/01.csv
mitoses_ground_truth/37/01.csv
mitoses_ground_truth/49/01.csv
mitoses_ground_truth/03/06.csv
mitoses_ground_truth/03/07.csv
mitoses_ground_truth/03/14.csv
mitoses_ground_truth/03/05.csv
mitoses_ground_truth/03/04.csv
mitoses_ground_truth/03/15.csv
mitoses_ground_truth/03/09.csv
mitoses_ground_truth/03/10.csv
mitoses_ground_truth/03/02.csv
mitoses_ground_truth/03/03.csv
mitoses_ground_truth/03/08.csv
mitoses_ground_truth/03/01.csv
mitoses_ground_truth/03/16.csv
mitoses_ground_truth/03/12.csv
mitoses_ground_truth/03/11.csv
mitoses_ground_truth/03/13.csv
mitoses_ground_truth/65/01.csv
mitoses_ground_truth/73/01.csv
mitoses_ground_truth/57/01.csv
mitoses_ground_truth/42/01.csv
mitoses_ground_truth/41/01.csv
mitoses_ground_truth/45/01.csv
mitoses_ground_truth/70/01.csv
mitoses_ground_truth/71/01.csv
mitoses_ground_truth/14/06.csv
mitoses_ground_truth/14/07.csv
mitoses_ground_truth/14/14.csv
mitoses_ground_truth/14/05.csv
mitoses_ground_truth/14/04.csv
mitoses_ground_truth/14/15.csv
mitoses_ground_truth/14/09.csv
mitoses_ground_truth/14/10.csv
mitoses_ground_truth/14/02.csv
mitoses_ground_truth/14/03.csv
mitoses_ground_truth/14/08.csv
mitoses_ground_truth/14/01.csv
mitoses_ground_truth/14/12.csv
mitoses_ground_truth/14/11.csv
mitoses_ground_truth/14/13.csv
mitoses_ground_truth/33/01.csv
mitoses_ground_truth/21/42.csv
mitoses_ground_truth/21/23.csv
mitoses_ground_truth/21/19.csv
mitoses_ground_truth/21/06.csv
mitoses_ground_truth/21/43.csv
mitoses_ground_truth/21/28.csv
mitoses_ground_truth/21/07.csv
mitoses_ground_truth/21/14.csv
mitoses_ground_truth/21/36.csv
mitoses_ground_truth/21/05.csv
mitoses_ground_truth/21/40.csv
mitoses_ground_truth/21/39.csv
mitoses_ground_truth/21/04.csv
mitoses_ground_truth/21/44.csv
mitoses_ground_truth/21/20.csv
mitoses_ground_truth/21/18.csv
mitoses_ground_truth/21/34.csv
mitoses_ground_truth/21/30.csv
mitoses_ground_truth/21/21.csv
mitoses_ground_truth/21/35.csv
mitoses_ground_truth/21/33.csv
mitoses_ground_truth/21/27.csv
mitoses_ground_truth/21/15.csv
mitoses_ground_truth/21/24.csv
mitoses_ground_truth/21/32.csv
mitoses_ground_truth/21/09.csv
mitoses_ground_truth/21/29.csv
mitoses_ground_truth/21/41.csv
mitoses_ground_truth/21/10.csv
mitoses_ground_truth/21/02.csv
mitoses_ground_truth/21/03.csv
mitoses_ground_truth/21/26.csv
mitoses_ground_truth/21/08.csv
mitoses_ground_truth/21/31.csv
mitoses_ground_truth/21/17.csv
mitoses_ground_truth/21/01.csv
mitoses_ground_truth/21/16.csv
mitoses_ground_truth/21/12.csv
mitoses_ground_truth/21/38.csv
mitoses_ground_truth/21/11.csv
mitoses_ground_truth/21/37.csv
mitoses_ground_truth/21/13.csv
mitoses_ground_truth/21/25.csv
mitoses_ground_truth/21/22.csv
mitoses_ground_truth/62/01.csv
mitoses_ground_truth/13/06.csv
mitoses_ground_truth/13/09.csv
mitoses_ground_truth/43/01.csv
mitoses_ground_truth/05/04.csv
mitoses_ground_truth/05/09.csv
mitoses_ground_truth/05/02.csv
mitoses_ground_truth/05/03.csv
mitoses_ground_truth/05/08.csv
mitoses_ground_truth/05/01.csv
mitoses_ground_truth/58/01.csv
mitoses_ground_truth/24/01.csv
mitoses_ground_truth/36/01.csv
mitoses_ground_truth/29/01.csv
mitoses_ground_truth/19/05.csv
mitoses_ground_truth/19/01.csv
mitoses_ground_truth/46/01.csv
mitoses_ground_truth/56/01.csv
mitoses_ground_truth/27/01.csv
mitoses_ground_truth/63/01.csv
mitoses_ground_truth/23/19.csv
mitoses_ground_truth/23/06.csv
mitoses_ground_truth/23/07.csv
mitoses_ground_truth/23/14.csv
mitoses_ground_truth/23/05.csv
mitoses_ground_truth/23/04.csv
mitoses_ground_truth/23/20.csv
mitoses_ground_truth/23/18.csv
mitoses_ground_truth/23/21.csv
mitoses_ground_truth/23/15.csv
mitoses_ground_truth/23/09.csv
mitoses_ground_truth/23/10.csv
mitoses_ground_truth/23/02.csv
mitoses_ground_truth/23/03.csv
mitoses_ground_truth/23/08.csv
mitoses_ground_truth/23/17.csv
mitoses_ground_truth/23/01.csv
mitoses_ground_truth/23/16.csv
mitoses_ground_truth/23/12.csv
mitoses_ground_truth/23/11.csv
mitoses_ground_truth/23/13.csv
mitoses_ground_truth/23/22.csv
mitoses_ground_truth/18/65.csv
mitoses_ground_truth/18/67.csv
mitoses_ground_truth/18/42.csv
mitoses_ground_truth/18/23.csv
mitoses_ground_truth/18/19.csv
mitoses_ground_truth/18/06.csv
mitoses_ground_truth/18/43.csv
mitoses_ground_truth/18/28.csv
mitoses_ground_truth/18/07.csv
mitoses_ground_truth/18/56.csv
mitoses_ground_truth/18/51.csv
mitoses_ground_truth/18/14.csv
mitoses_ground_truth/18/57.csv
mitoses_ground_truth/18/55.csv
mitoses_ground_truth/18/36.csv
mitoses_ground_truth/18/05.csv
mitoses_ground_truth/18/40.csv
mitoses_ground_truth/18/39.csv
mitoses_ground_truth/18/04.csv
mitoses_ground_truth/18/48.csv
mitoses_ground_truth/18/59.csv
mitoses_ground_truth/18/44.csv
mitoses_ground_truth/18/20.csv
mitoses_ground_truth/18/58.csv
mitoses_ground_truth/18/18.csv
mitoses_ground_truth/18/34.csv
mitoses_ground_truth/18/53.csv
mitoses_ground_truth/18/60.csv
mitoses_ground_truth/18/30.csv
mitoses_ground_truth/18/21.csv
mitoses_ground_truth/18/50.csv
mitoses_ground_truth/18/35.csv
mitoses_ground_truth/18/33.csv
mitoses_ground_truth/18/27.csv
mitoses_ground_truth/18/15.csv
mitoses_ground_truth/18/24.csv
mitoses_ground_truth/18/54.csv
mitoses_ground_truth/18/32.csv
mitoses_ground_truth/18/09.csv
mitoses_ground_truth/18/66.csv
mitoses_ground_truth/18/63.csv
mitoses_ground_truth/18/29.csv
mitoses_ground_truth/18/41.csv
mitoses_ground_truth/18/10.csv
mitoses_ground_truth/18/64.csv
mitoses_ground_truth/18/47.csv
mitoses_ground_truth/18/02.csv
mitoses_ground_truth/18/03.csv
mitoses_ground_truth/18/45.csv
mitoses_ground_truth/18/62.csv
mitoses_ground_truth/18/26.csv
mitoses_ground_truth/18/08.csv
mitoses_ground_truth/18/31.csv
mitoses_ground_truth/18/17.csv
mitoses_ground_truth/18/49.csv
mitoses_ground_truth/18/01.csv
mitoses_ground_truth/18/16.csv
mitoses_ground_truth/18/12.csv
mitoses_ground_truth/18/46.csv
mitoses_ground_truth/18/38.csv
mitoses_ground_truth/18/52.csv
mitoses_ground_truth/18/11.csv
mitoses_ground_truth/18/37.csv
mitoses_ground_truth/18/13.csv
mitoses_ground_truth/18/61.csv
mitoses_ground_truth/18/25.csv
mitoses_ground_truth/18/22.csv
mitoses_ground_truth/17/06.csv
mitoses_ground_truth/17/07.csv
mitoses_ground_truth/17/05.csv
mitoses_ground_truth/17/09.csv
mitoses_ground_truth/17/01.csv
mitoses_ground_truth/60/01.csv
mitoses_ground_truth/44/01.csv
mitoses_ground_truth/66/01.csv
mitoses_ground_truth/51/01.csv
mitoses_ground_truth/01/23.csv
mitoses_ground_truth/01/19.csv
mitoses_ground_truth/01/06.csv
mitoses_ground_truth/01/28.csv
mitoses_ground_truth/01/07.csv
mitoses_ground_truth/01/14.csv
mitoses_ground_truth/01/36.csv
mitoses_ground_truth/01/05.csv
mitoses_ground_truth/01/39.csv
mitoses_ground_truth/01/04.csv
mitoses_ground_truth/01/20.csv
mitoses_ground_truth/01/18.csv
mitoses_ground_truth/01/34.csv
mitoses_ground_truth/01/30.csv
mitoses_ground_truth/01/21.csv
mitoses_ground_truth/01/35.csv
mitoses_ground_truth/01/33.csv
mitoses_ground_truth/01/27.csv
mitoses_ground_truth/01/15.csv
mitoses_ground_truth/01/24.csv
mitoses_ground_truth/01/32.csv
mitoses_ground_truth/01/09.csv
mitoses_ground_truth/01/29.csv
mitoses_ground_truth/01/10.csv
mitoses_ground_truth/01/02.csv
mitoses_ground_truth/01/03.csv
mitoses_ground_truth/01/26.csv
mitoses_ground_truth/01/08.csv
mitoses_ground_truth/01/31.csv
mitoses_ground_truth/01/17.csv
mitoses_ground_truth/01/01.csv
mitoses_ground_truth/01/16.csv
mitoses_ground_truth/01/12.csv
mitoses_ground_truth/01/38.csv
mitoses_ground_truth/01/11.csv
mitoses_ground_truth/01/37.csv
mitoses_ground_truth/01/13.csv
mitoses_ground_truth/01/25.csv
mitoses_ground_truth/01/22.csv
