../../data/mitoses/mitoses_image_data/02/20.tif
../../data/mitoses/mitoses_image_data/02/06.tif
../../data/mitoses/mitoses_image_data/02/10.tif
../../data/mitoses/mitoses_image_data/02/23.tif
../../data/mitoses/mitoses_image_data/02/14.tif
../../data/mitoses/mitoses_image_data/02/11.tif
../../data/mitoses/mitoses_image_data/02/07.tif
../../data/mitoses/mitoses_image_data/02/04.tif
../../data/mitoses/mitoses_image_data/02/22.tif
../../data/mitoses/mitoses_image_data/02/13.tif
../../data/mitoses/mitoses_image_data/02/19.tif
../../data/mitoses/mitoses_image_data/02/02.tif
../../data/mitoses/mitoses_image_data/02/17.tif
../../data/mitoses/mitoses_image_data/02/21.tif
../../data/mitoses/mitoses_image_data/02/16.tif
../../data/mitoses/mitoses_image_data/02/27.tif
../../data/mitoses/mitoses_image_data/02/15.tif
../../data/mitoses/mitoses_image_data/02/05.tif
../../data/mitoses/mitoses_image_data/02/12.tif
../../data/mitoses/mitoses_image_data/02/18.tif
../../data/mitoses/mitoses_image_data/02/09.tif
../../data/mitoses/mitoses_image_data/02/28.tif
../../data/mitoses/mitoses_image_data/02/08.tif
../../data/mitoses/mitoses_image_data/02/01.tif
../../data/mitoses/mitoses_image_data/02/24.tif
../../data/mitoses/mitoses_image_data/02/25.tif
../../data/mitoses/mitoses_image_data/02/26.tif
../../data/mitoses/mitoses_image_data/02/03.tif
../../data/mitoses/mitoses_image_data/12/06.tif
../../data/mitoses/mitoses_image_data/12/10.tif
../../data/mitoses/mitoses_image_data/12/07.tif
../../data/mitoses/mitoses_image_data/12/04.tif
../../data/mitoses/mitoses_image_data/12/02.tif
../../data/mitoses/mitoses_image_data/12/05.tif
../../data/mitoses/mitoses_image_data/12/09.tif
../../data/mitoses/mitoses_image_data/12/08.tif
../../data/mitoses/mitoses_image_data/12/01.tif
../../data/mitoses/mitoses_image_data/12/03.tif
../../data/mitoses/mitoses_image_data/67/01.tif
../../data/mitoses/mitoses_image_data/40/01.tif
../../data/mitoses/mitoses_image_data/04/20.tif
../../data/mitoses/mitoses_image_data/04/54.tif
../../data/mitoses/mitoses_image_data/04/50.tif
../../data/mitoses/mitoses_image_data/04/06.tif
../../data/mitoses/mitoses_image_data/04/58.tif
../../data/mitoses/mitoses_image_data/04/10.tif
../../data/mitoses/mitoses_image_data/04/35.tif
../../data/mitoses/mitoses_image_data/04/23.tif
../../data/mitoses/mitoses_image_data/04/14.tif
../../data/mitoses/mitoses_image_data/04/59.tif
../../data/mitoses/mitoses_image_data/04/45.tif
../../data/mitoses/mitoses_image_data/04/11.tif
../../data/mitoses/mitoses_image_data/04/55.tif
../../data/mitoses/mitoses_image_data/04/44.tif
../../data/mitoses/mitoses_image_data/04/33.tif
../../data/mitoses/mitoses_image_data/04/07.tif
../../data/mitoses/mitoses_image_data/04/37.tif
../../data/mitoses/mitoses_image_data/04/04.tif
../../data/mitoses/mitoses_image_data/04/39.tif
../../data/mitoses/mitoses_image_data/04/60.tif
../../data/mitoses/mitoses_image_data/04/22.tif
../../data/mitoses/mitoses_image_data/04/13.tif
../../data/mitoses/mitoses_image_data/04/31.tif
../../data/mitoses/mitoses_image_data/04/46.tif
../../data/mitoses/mitoses_image_data/04/19.tif
../../data/mitoses/mitoses_image_data/04/02.tif
../../data/mitoses/mitoses_image_data/04/52.tif
../../data/mitoses/mitoses_image_data/04/57.tif
../../data/mitoses/mitoses_image_data/04/17.tif
../../data/mitoses/mitoses_image_data/04/53.tif
../../data/mitoses/mitoses_image_data/04/42.tif
../../data/mitoses/mitoses_image_data/04/21.tif
../../data/mitoses/mitoses_image_data/04/34.tif
../../data/mitoses/mitoses_image_data/04/40.tif
../../data/mitoses/mitoses_image_data/04/16.tif
../../data/mitoses/mitoses_image_data/04/30.tif
../../data/mitoses/mitoses_image_data/04/27.tif
../../data/mitoses/mitoses_image_data/04/15.tif
../../data/mitoses/mitoses_image_data/04/05.tif
../../data/mitoses/mitoses_image_data/04/12.tif
../../data/mitoses/mitoses_image_data/04/56.tif
../../data/mitoses/mitoses_image_data/04/49.tif
../../data/mitoses/mitoses_image_data/04/18.tif
../../data/mitoses/mitoses_image_data/04/29.tif
../../data/mitoses/mitoses_image_data/04/38.tif
../../data/mitoses/mitoses_image_data/04/09.tif
../../data/mitoses/mitoses_image_data/04/47.tif
../../data/mitoses/mitoses_image_data/04/28.tif
../../data/mitoses/mitoses_image_data/04/36.tif
../../data/mitoses/mitoses_image_data/04/08.tif
../../data/mitoses/mitoses_image_data/04/01.tif
../../data/mitoses/mitoses_image_data/04/24.tif
../../data/mitoses/mitoses_image_data/04/51.tif
../../data/mitoses/mitoses_image_data/04/25.tif
../../data/mitoses/mitoses_image_data/04/32.tif
../../data/mitoses/mitoses_image_data/04/61.tif
../../data/mitoses/mitoses_image_data/04/48.tif
../../data/mitoses/mitoses_image_data/04/26.tif
../../data/mitoses/mitoses_image_data/04/03.tif
../../data/mitoses/mitoses_image_data/04/43.tif
../../data/mitoses/mitoses_image_data/04/41.tif
../../data/mitoses/mitoses_image_data/07/20.tif
../../data/mitoses/mitoses_image_data/07/06.tif
../../data/mitoses/mitoses_image_data/07/10.tif
../../data/mitoses/mitoses_image_data/07/35.tif
../../data/mitoses/mitoses_image_data/07/23.tif
../../data/mitoses/mitoses_image_data/07/14.tif
../../data/mitoses/mitoses_image_data/07/11.tif
../../data/mitoses/mitoses_image_data/07/33.tif
../../data/mitoses/mitoses_image_data/07/07.tif
../../data/mitoses/mitoses_image_data/07/37.tif
../../data/mitoses/mitoses_image_data/07/04.tif
../../data/mitoses/mitoses_image_data/07/39.tif
../../data/mitoses/mitoses_image_data/07/22.tif
../../data/mitoses/mitoses_image_data/07/13.tif
../../data/mitoses/mitoses_image_data/07/31.tif
../../data/mitoses/mitoses_image_data/07/19.tif
../../data/mitoses/mitoses_image_data/07/02.tif
../../data/mitoses/mitoses_image_data/07/17.tif
../../data/mitoses/mitoses_image_data/07/42.tif
../../data/mitoses/mitoses_image_data/07/21.tif
../../data/mitoses/mitoses_image_data/07/34.tif
../../data/mitoses/mitoses_image_data/07/40.tif
../../data/mitoses/mitoses_image_data/07/16.tif
../../data/mitoses/mitoses_image_data/07/30.tif
../../data/mitoses/mitoses_image_data/07/27.tif
../../data/mitoses/mitoses_image_data/07/15.tif
../../data/mitoses/mitoses_image_data/07/05.tif
../../data/mitoses/mitoses_image_data/07/12.tif
../../data/mitoses/mitoses_image_data/07/18.tif
../../data/mitoses/mitoses_image_data/07/29.tif
../../data/mitoses/mitoses_image_data/07/38.tif
../../data/mitoses/mitoses_image_data/07/09.tif
../../data/mitoses/mitoses_image_data/07/28.tif
../../data/mitoses/mitoses_image_data/07/36.tif
../../data/mitoses/mitoses_image_data/07/08.tif
../../data/mitoses/mitoses_image_data/07/01.tif
../../data/mitoses/mitoses_image_data/07/24.tif
../../data/mitoses/mitoses_image_data/07/25.tif
../../data/mitoses/mitoses_image_data/07/32.tif
../../data/mitoses/mitoses_image_data/07/26.tif
../../data/mitoses/mitoses_image_data/07/03.tif
../../data/mitoses/mitoses_image_data/07/43.tif
../../data/mitoses/mitoses_image_data/07/41.tif
../../data/mitoses/mitoses_image_data/61/01.tif
../../data/mitoses/mitoses_image_data/16/06.tif
../../data/mitoses/mitoses_image_data/16/10.tif
../../data/mitoses/mitoses_image_data/16/07.tif
../../data/mitoses/mitoses_image_data/16/04.tif
../../data/mitoses/mitoses_image_data/16/02.tif
../../data/mitoses/mitoses_image_data/16/05.tif
../../data/mitoses/mitoses_image_data/16/09.tif
../../data/mitoses/mitoses_image_data/16/08.tif
../../data/mitoses/mitoses_image_data/16/01.tif
../../data/mitoses/mitoses_image_data/16/03.tif
../../data/mitoses/mitoses_image_data/15/20.tif
../../data/mitoses/mitoses_image_data/15/06.tif
../../data/mitoses/mitoses_image_data/15/10.tif
../../data/mitoses/mitoses_image_data/15/35.tif
../../data/mitoses/mitoses_image_data/15/23.tif
../../data/mitoses/mitoses_image_data/15/14.tif
../../data/mitoses/mitoses_image_data/15/45.tif
../../data/mitoses/mitoses_image_data/15/11.tif
../../data/mitoses/mitoses_image_data/15/44.tif
../../data/mitoses/mitoses_image_data/15/33.tif
../../data/mitoses/mitoses_image_data/15/07.tif
../../data/mitoses/mitoses_image_data/15/37.tif
../../data/mitoses/mitoses_image_data/15/04.tif
../../data/mitoses/mitoses_image_data/15/39.tif
../../data/mitoses/mitoses_image_data/15/22.tif
../../data/mitoses/mitoses_image_data/15/13.tif
../../data/mitoses/mitoses_image_data/15/31.tif
../../data/mitoses/mitoses_image_data/15/46.tif
../../data/mitoses/mitoses_image_data/15/19.tif
../../data/mitoses/mitoses_image_data/15/02.tif
../../data/mitoses/mitoses_image_data/15/17.tif
../../data/mitoses/mitoses_image_data/15/42.tif
../../data/mitoses/mitoses_image_data/15/21.tif
../../data/mitoses/mitoses_image_data/15/34.tif
../../data/mitoses/mitoses_image_data/15/40.tif
../../data/mitoses/mitoses_image_data/15/16.tif
../../data/mitoses/mitoses_image_data/15/30.tif
../../data/mitoses/mitoses_image_data/15/27.tif
../../data/mitoses/mitoses_image_data/15/15.tif
../../data/mitoses/mitoses_image_data/15/05.tif
../../data/mitoses/mitoses_image_data/15/12.tif
../../data/mitoses/mitoses_image_data/15/49.tif
../../data/mitoses/mitoses_image_data/15/18.tif
../../data/mitoses/mitoses_image_data/15/29.tif
../../data/mitoses/mitoses_image_data/15/38.tif
../../data/mitoses/mitoses_image_data/15/09.tif
../../data/mitoses/mitoses_image_data/15/47.tif
../../data/mitoses/mitoses_image_data/15/28.tif
../../data/mitoses/mitoses_image_data/15/36.tif
../../data/mitoses/mitoses_image_data/15/08.tif
../../data/mitoses/mitoses_image_data/15/01.tif
../../data/mitoses/mitoses_image_data/15/24.tif
../../data/mitoses/mitoses_image_data/15/25.tif
../../data/mitoses/mitoses_image_data/15/32.tif
../../data/mitoses/mitoses_image_data/15/48.tif
../../data/mitoses/mitoses_image_data/15/26.tif
../../data/mitoses/mitoses_image_data/15/03.tif
../../data/mitoses/mitoses_image_data/15/43.tif
../../data/mitoses/mitoses_image_data/15/41.tif
../../data/mitoses/mitoses_image_data/59/01.tif
../../data/mitoses/mitoses_image_data/28/01.tif
../../data/mitoses/mitoses_image_data/11/06.tif
../../data/mitoses/mitoses_image_data/11/10.tif
../../data/mitoses/mitoses_image_data/11/11.tif
../../data/mitoses/mitoses_image_data/11/07.tif
../../data/mitoses/mitoses_image_data/11/04.tif
../../data/mitoses/mitoses_image_data/11/13.tif
../../data/mitoses/mitoses_image_data/11/02.tif
../../data/mitoses/mitoses_image_data/11/05.tif
../../data/mitoses/mitoses_image_data/11/12.tif
../../data/mitoses/mitoses_image_data/11/09.tif
../../data/mitoses/mitoses_image_data/11/08.tif
../../data/mitoses/mitoses_image_data/11/01.tif
../../data/mitoses/mitoses_image_data/11/03.tif
../../data/mitoses/mitoses_image_data/26/01.tif
../../data/mitoses/mitoses_image_data/10/06.tif
../../data/mitoses/mitoses_image_data/10/10.tif
../../data/mitoses/mitoses_image_data/10/07.tif
../../data/mitoses/mitoses_image_data/10/04.tif
../../data/mitoses/mitoses_image_data/10/02.tif
../../data/mitoses/mitoses_image_data/10/05.tif
../../data/mitoses/mitoses_image_data/10/09.tif
../../data/mitoses/mitoses_image_data/10/08.tif
../../data/mitoses/mitoses_image_data/10/01.tif
../../data/mitoses/mitoses_image_data/10/03.tif
../../data/mitoses/mitoses_image_data/08/06.tif
../../data/mitoses/mitoses_image_data/08/10.tif
../../data/mitoses/mitoses_image_data/08/07.tif
../../data/mitoses/mitoses_image_data/08/04.tif
../../data/mitoses/mitoses_image_data/08/02.tif
../../data/mitoses/mitoses_image_data/08/05.tif
../../data/mitoses/mitoses_image_data/08/09.tif
../../data/mitoses/mitoses_image_data/08/08.tif
../../data/mitoses/mitoses_image_data/08/01.tif
../../data/mitoses/mitoses_image_data/08/03.tif
../../data/mitoses/mitoses_image_data/47/01.tif
../../data/mitoses/mitoses_image_data/68/01.tif
../../data/mitoses/mitoses_image_data/25/01.tif
../../data/mitoses/mitoses_image_data/50/01.tif
../../data/mitoses/mitoses_image_data/69/01.tif
../../data/mitoses/mitoses_image_data/34/01.tif
../../data/mitoses/mitoses_image_data/39/01.tif
../../data/mitoses/mitoses_image_data/52/01.tif
../../data/mitoses/mitoses_image_data/55/01.tif
../../data/mitoses/mitoses_image_data/72/01.tif
../../data/mitoses/mitoses_image_data/30/01.tif
../../data/mitoses/mitoses_image_data/22/20.tif
../../data/mitoses/mitoses_image_data/22/06.tif
../../data/mitoses/mitoses_image_data/22/10.tif
../../data/mitoses/mitoses_image_data/22/35.tif
../../data/mitoses/mitoses_image_data/22/23.tif
../../data/mitoses/mitoses_image_data/22/14.tif
../../data/mitoses/mitoses_image_data/22/45.tif
../../data/mitoses/mitoses_image_data/22/11.tif
../../data/mitoses/mitoses_image_data/22/44.tif
../../data/mitoses/mitoses_image_data/22/33.tif
../../data/mitoses/mitoses_image_data/22/07.tif
../../data/mitoses/mitoses_image_data/22/37.tif
../../data/mitoses/mitoses_image_data/22/04.tif
../../data/mitoses/mitoses_image_data/22/39.tif
../../data/mitoses/mitoses_image_data/22/22.tif
../../data/mitoses/mitoses_image_data/22/13.tif
../../data/mitoses/mitoses_image_data/22/31.tif
../../data/mitoses/mitoses_image_data/22/46.tif
../../data/mitoses/mitoses_image_data/22/19.tif
../../data/mitoses/mitoses_image_data/22/02.tif
../../data/mitoses/mitoses_image_data/22/17.tif
../../data/mitoses/mitoses_image_data/22/42.tif
../../data/mitoses/mitoses_image_data/22/21.tif
../../data/mitoses/mitoses_image_data/22/34.tif
../../data/mitoses/mitoses_image_data/22/40.tif
../../data/mitoses/mitoses_image_data/22/16.tif
../../data/mitoses/mitoses_image_data/22/30.tif
../../data/mitoses/mitoses_image_data/22/27.tif
../../data/mitoses/mitoses_image_data/22/15.tif
../../data/mitoses/mitoses_image_data/22/05.tif
../../data/mitoses/mitoses_image_data/22/12.tif
../../data/mitoses/mitoses_image_data/22/18.tif
../../data/mitoses/mitoses_image_data/22/29.tif
../../data/mitoses/mitoses_image_data/22/38.tif
../../data/mitoses/mitoses_image_data/22/09.tif
../../data/mitoses/mitoses_image_data/22/47.tif
../../data/mitoses/mitoses_image_data/22/28.tif
../../data/mitoses/mitoses_image_data/22/36.tif
../../data/mitoses/mitoses_image_data/22/08.tif
../../data/mitoses/mitoses_image_data/22/01.tif
../../data/mitoses/mitoses_image_data/22/24.tif
../../data/mitoses/mitoses_image_data/22/25.tif
../../data/mitoses/mitoses_image_data/22/32.tif
../../data/mitoses/mitoses_image_data/22/48.tif
../../data/mitoses/mitoses_image_data/22/26.tif
../../data/mitoses/mitoses_image_data/22/03.tif
../../data/mitoses/mitoses_image_data/22/43.tif
../../data/mitoses/mitoses_image_data/22/41.tif
../../data/mitoses/mitoses_image_data/06/20.tif
../../data/mitoses/mitoses_image_data/06/54.tif
../../data/mitoses/mitoses_image_data/06/50.tif
../../data/mitoses/mitoses_image_data/06/06.tif
../../data/mitoses/mitoses_image_data/06/58.tif
../../data/mitoses/mitoses_image_data/06/10.tif
../../data/mitoses/mitoses_image_data/06/35.tif
../../data/mitoses/mitoses_image_data/06/23.tif
../../data/mitoses/mitoses_image_data/06/14.tif
../../data/mitoses/mitoses_image_data/06/59.tif
../../data/mitoses/mitoses_image_data/06/45.tif
../../data/mitoses/mitoses_image_data/06/11.tif
../../data/mitoses/mitoses_image_data/06/55.tif
../../data/mitoses/mitoses_image_data/06/44.tif
../../data/mitoses/mitoses_image_data/06/33.tif
../../data/mitoses/mitoses_image_data/06/07.tif
../../data/mitoses/mitoses_image_data/06/37.tif
../../data/mitoses/mitoses_image_data/06/04.tif
../../data/mitoses/mitoses_image_data/06/39.tif
../../data/mitoses/mitoses_image_data/06/60.tif
../../data/mitoses/mitoses_image_data/06/22.tif
../../data/mitoses/mitoses_image_data/06/13.tif
../../data/mitoses/mitoses_image_data/06/31.tif
../../data/mitoses/mitoses_image_data/06/46.tif
../../data/mitoses/mitoses_image_data/06/19.tif
../../data/mitoses/mitoses_image_data/06/02.tif
../../data/mitoses/mitoses_image_data/06/52.tif
../../data/mitoses/mitoses_image_data/06/57.tif
../../data/mitoses/mitoses_image_data/06/17.tif
../../data/mitoses/mitoses_image_data/06/53.tif
../../data/mitoses/mitoses_image_data/06/42.tif
../../data/mitoses/mitoses_image_data/06/21.tif
../../data/mitoses/mitoses_image_data/06/34.tif
../../data/mitoses/mitoses_image_data/06/40.tif
../../data/mitoses/mitoses_image_data/06/16.tif
../../data/mitoses/mitoses_image_data/06/30.tif
../../data/mitoses/mitoses_image_data/06/27.tif
../../data/mitoses/mitoses_image_data/06/15.tif
../../data/mitoses/mitoses_image_data/06/05.tif
../../data/mitoses/mitoses_image_data/06/12.tif
../../data/mitoses/mitoses_image_data/06/56.tif
../../data/mitoses/mitoses_image_data/06/49.tif
../../data/mitoses/mitoses_image_data/06/18.tif
../../data/mitoses/mitoses_image_data/06/29.tif
../../data/mitoses/mitoses_image_data/06/38.tif
../../data/mitoses/mitoses_image_data/06/09.tif
../../data/mitoses/mitoses_image_data/06/47.tif
../../data/mitoses/mitoses_image_data/06/28.tif
../../data/mitoses/mitoses_image_data/06/36.tif
../../data/mitoses/mitoses_image_data/06/08.tif
../../data/mitoses/mitoses_image_data/06/01.tif
../../data/mitoses/mitoses_image_data/06/24.tif
../../data/mitoses/mitoses_image_data/06/51.tif
../../data/mitoses/mitoses_image_data/06/25.tif
../../data/mitoses/mitoses_image_data/06/32.tif
../../data/mitoses/mitoses_image_data/06/61.tif
../../data/mitoses/mitoses_image_data/06/48.tif
../../data/mitoses/mitoses_image_data/06/26.tif
../../data/mitoses/mitoses_image_data/06/03.tif
../../data/mitoses/mitoses_image_data/06/43.tif
../../data/mitoses/mitoses_image_data/06/41.tif
../../data/mitoses/mitoses_image_data/31/01.tif
../../data/mitoses/mitoses_image_data/09/06.tif
../../data/mitoses/mitoses_image_data/09/10.tif
../../data/mitoses/mitoses_image_data/09/07.tif
../../data/mitoses/mitoses_image_data/09/04.tif
../../data/mitoses/mitoses_image_data/09/02.tif
../../data/mitoses/mitoses_image_data/09/05.tif
../../data/mitoses/mitoses_image_data/09/09.tif
../../data/mitoses/mitoses_image_data/09/08.tif
../../data/mitoses/mitoses_image_data/09/01.tif
../../data/mitoses/mitoses_image_data/09/03.tif
../../data/mitoses/mitoses_image_data/64/01.tif
../../data/mitoses/mitoses_image_data/54/01.tif
../../data/mitoses/mitoses_image_data/32/01.tif
../../data/mitoses/mitoses_image_data/48/01.tif
../../data/mitoses/mitoses_image_data/37/01.tif
../../data/mitoses/mitoses_image_data/49/01.tif
../../data/mitoses/mitoses_image_data/03/06.tif
../../data/mitoses/mitoses_image_data/03/10.tif
../../data/mitoses/mitoses_image_data/03/14.tif
../../data/mitoses/mitoses_image_data/03/11.tif
../../data/mitoses/mitoses_image_data/03/07.tif
../../data/mitoses/mitoses_image_data/03/04.tif
../../data/mitoses/mitoses_image_data/03/13.tif
../../data/mitoses/mitoses_image_data/03/02.tif
../../data/mitoses/mitoses_image_data/03/16.tif
../../data/mitoses/mitoses_image_data/03/15.tif
../../data/mitoses/mitoses_image_data/03/05.tif
../../data/mitoses/mitoses_image_data/03/12.tif
../../data/mitoses/mitoses_image_data/03/09.tif
../../data/mitoses/mitoses_image_data/03/08.tif
../../data/mitoses/mitoses_image_data/03/01.tif
../../data/mitoses/mitoses_image_data/03/03.tif
../../data/mitoses/mitoses_image_data/20/06.tif
../../data/mitoses/mitoses_image_data/20/10.tif
../../data/mitoses/mitoses_image_data/20/07.tif
../../data/mitoses/mitoses_image_data/20/04.tif
../../data/mitoses/mitoses_image_data/20/02.tif
../../data/mitoses/mitoses_image_data/20/05.tif
../../data/mitoses/mitoses_image_data/20/09.tif
../../data/mitoses/mitoses_image_data/20/08.tif
../../data/mitoses/mitoses_image_data/20/01.tif
../../data/mitoses/mitoses_image_data/20/03.tif
../../data/mitoses/mitoses_image_data/38/01.tif
../../data/mitoses/mitoses_image_data/65/01.tif
../../data/mitoses/mitoses_image_data/73/01.tif
../../data/mitoses/mitoses_image_data/57/01.tif
../../data/mitoses/mitoses_image_data/42/01.tif
../../data/mitoses/mitoses_image_data/41/01.tif
../../data/mitoses/mitoses_image_data/45/01.tif
../../data/mitoses/mitoses_image_data/70/01.tif
../../data/mitoses/mitoses_image_data/71/01.tif
../../data/mitoses/mitoses_image_data/14/06.tif
../../data/mitoses/mitoses_image_data/14/10.tif
../../data/mitoses/mitoses_image_data/14/14.tif
../../data/mitoses/mitoses_image_data/14/11.tif
../../data/mitoses/mitoses_image_data/14/07.tif
../../data/mitoses/mitoses_image_data/14/04.tif
../../data/mitoses/mitoses_image_data/14/13.tif
../../data/mitoses/mitoses_image_data/14/02.tif
../../data/mitoses/mitoses_image_data/14/15.tif
../../data/mitoses/mitoses_image_data/14/05.tif
../../data/mitoses/mitoses_image_data/14/12.tif
../../data/mitoses/mitoses_image_data/14/09.tif
../../data/mitoses/mitoses_image_data/14/08.tif
../../data/mitoses/mitoses_image_data/14/01.tif
../../data/mitoses/mitoses_image_data/14/03.tif
../../data/mitoses/mitoses_image_data/33/01.tif
../../data/mitoses/mitoses_image_data/21/20.tif
../../data/mitoses/mitoses_image_data/21/06.tif
../../data/mitoses/mitoses_image_data/21/10.tif
../../data/mitoses/mitoses_image_data/21/35.tif
../../data/mitoses/mitoses_image_data/21/23.tif
../../data/mitoses/mitoses_image_data/21/14.tif
../../data/mitoses/mitoses_image_data/21/11.tif
../../data/mitoses/mitoses_image_data/21/44.tif
../../data/mitoses/mitoses_image_data/21/33.tif
../../data/mitoses/mitoses_image_data/21/07.tif
../../data/mitoses/mitoses_image_data/21/37.tif
../../data/mitoses/mitoses_image_data/21/04.tif
../../data/mitoses/mitoses_image_data/21/39.tif
../../data/mitoses/mitoses_image_data/21/22.tif
../../data/mitoses/mitoses_image_data/21/13.tif
../../data/mitoses/mitoses_image_data/21/31.tif
../../data/mitoses/mitoses_image_data/21/19.tif
../../data/mitoses/mitoses_image_data/21/02.tif
../../data/mitoses/mitoses_image_data/21/17.tif
../../data/mitoses/mitoses_image_data/21/42.tif
../../data/mitoses/mitoses_image_data/21/21.tif
../../data/mitoses/mitoses_image_data/21/34.tif
../../data/mitoses/mitoses_image_data/21/40.tif
../../data/mitoses/mitoses_image_data/21/16.tif
../../data/mitoses/mitoses_image_data/21/30.tif
../../data/mitoses/mitoses_image_data/21/27.tif
../../data/mitoses/mitoses_image_data/21/15.tif
../../data/mitoses/mitoses_image_data/21/05.tif
../../data/mitoses/mitoses_image_data/21/12.tif
../../data/mitoses/mitoses_image_data/21/18.tif
../../data/mitoses/mitoses_image_data/21/29.tif
../../data/mitoses/mitoses_image_data/21/38.tif
../../data/mitoses/mitoses_image_data/21/09.tif
../../data/mitoses/mitoses_image_data/21/28.tif
../../data/mitoses/mitoses_image_data/21/36.tif
../../data/mitoses/mitoses_image_data/21/08.tif
../../data/mitoses/mitoses_image_data/21/01.tif
../../data/mitoses/mitoses_image_data/21/24.tif
../../data/mitoses/mitoses_image_data/21/25.tif
../../data/mitoses/mitoses_image_data/21/32.tif
../../data/mitoses/mitoses_image_data/21/26.tif
../../data/mitoses/mitoses_image_data/21/03.tif
../../data/mitoses/mitoses_image_data/21/43.tif
../../data/mitoses/mitoses_image_data/21/41.tif
../../data/mitoses/mitoses_image_data/62/01.tif
../../data/mitoses/mitoses_image_data/53/01.tif
../../data/mitoses/mitoses_image_data/13/06.tif
../../data/mitoses/mitoses_image_data/13/10.tif
../../data/mitoses/mitoses_image_data/13/07.tif
../../data/mitoses/mitoses_image_data/13/04.tif
../../data/mitoses/mitoses_image_data/13/02.tif
../../data/mitoses/mitoses_image_data/13/05.tif
../../data/mitoses/mitoses_image_data/13/09.tif
../../data/mitoses/mitoses_image_data/13/08.tif
../../data/mitoses/mitoses_image_data/13/01.tif
../../data/mitoses/mitoses_image_data/13/03.tif
../../data/mitoses/mitoses_image_data/43/01.tif
../../data/mitoses/mitoses_image_data/05/06.tif
../../data/mitoses/mitoses_image_data/05/10.tif
../../data/mitoses/mitoses_image_data/05/07.tif
../../data/mitoses/mitoses_image_data/05/04.tif
../../data/mitoses/mitoses_image_data/05/02.tif
../../data/mitoses/mitoses_image_data/05/05.tif
../../data/mitoses/mitoses_image_data/05/09.tif
../../data/mitoses/mitoses_image_data/05/08.tif
../../data/mitoses/mitoses_image_data/05/01.tif
../../data/mitoses/mitoses_image_data/05/03.tif
../../data/mitoses/mitoses_image_data/58/01.tif
../../data/mitoses/mitoses_image_data/24/01.tif
../../data/mitoses/mitoses_image_data/36/01.tif
../../data/mitoses/mitoses_image_data/29/01.tif
../../data/mitoses/mitoses_image_data/19/06.tif
../../data/mitoses/mitoses_image_data/19/10.tif
../../data/mitoses/mitoses_image_data/19/07.tif
../../data/mitoses/mitoses_image_data/19/04.tif
../../data/mitoses/mitoses_image_data/19/02.tif
../../data/mitoses/mitoses_image_data/19/05.tif
../../data/mitoses/mitoses_image_data/19/09.tif
../../data/mitoses/mitoses_image_data/19/08.tif
../../data/mitoses/mitoses_image_data/19/01.tif
../../data/mitoses/mitoses_image_data/19/03.tif
../../data/mitoses/mitoses_image_data/46/01.tif
../../data/mitoses/mitoses_image_data/56/01.tif
../../data/mitoses/mitoses_image_data/27/01.tif
../../data/mitoses/mitoses_image_data/35/01.tif
../../data/mitoses/mitoses_image_data/63/01.tif
../../data/mitoses/mitoses_image_data/23/20.tif
../../data/mitoses/mitoses_image_data/23/06.tif
../../data/mitoses/mitoses_image_data/23/10.tif
../../data/mitoses/mitoses_image_data/23/14.tif
../../data/mitoses/mitoses_image_data/23/11.tif
../../data/mitoses/mitoses_image_data/23/07.tif
../../data/mitoses/mitoses_image_data/23/04.tif
../../data/mitoses/mitoses_image_data/23/22.tif
../../data/mitoses/mitoses_image_data/23/13.tif
../../data/mitoses/mitoses_image_data/23/19.tif
../../data/mitoses/mitoses_image_data/23/02.tif
../../data/mitoses/mitoses_image_data/23/17.tif
../../data/mitoses/mitoses_image_data/23/21.tif
../../data/mitoses/mitoses_image_data/23/16.tif
../../data/mitoses/mitoses_image_data/23/15.tif
../../data/mitoses/mitoses_image_data/23/05.tif
../../data/mitoses/mitoses_image_data/23/12.tif
../../data/mitoses/mitoses_image_data/23/18.tif
../../data/mitoses/mitoses_image_data/23/09.tif
../../data/mitoses/mitoses_image_data/23/08.tif
../../data/mitoses/mitoses_image_data/23/01.tif
../../data/mitoses/mitoses_image_data/23/03.tif
../../data/mitoses/mitoses_image_data/18/20.tif
../../data/mitoses/mitoses_image_data/18/54.tif
../../data/mitoses/mitoses_image_data/18/63.tif
../../data/mitoses/mitoses_image_data/18/50.tif
../../data/mitoses/mitoses_image_data/18/06.tif
../../data/mitoses/mitoses_image_data/18/58.tif
../../data/mitoses/mitoses_image_data/18/10.tif
../../data/mitoses/mitoses_image_data/18/35.tif
../../data/mitoses/mitoses_image_data/18/23.tif
../../data/mitoses/mitoses_image_data/18/14.tif
../../data/mitoses/mitoses_image_data/18/65.tif
../../data/mitoses/mitoses_image_data/18/59.tif
../../data/mitoses/mitoses_image_data/18/45.tif
../../data/mitoses/mitoses_image_data/18/11.tif
../../data/mitoses/mitoses_image_data/18/55.tif
../../data/mitoses/mitoses_image_data/18/44.tif
../../data/mitoses/mitoses_image_data/18/33.tif
../../data/mitoses/mitoses_image_data/18/07.tif
../../data/mitoses/mitoses_image_data/18/37.tif
../../data/mitoses/mitoses_image_data/18/04.tif
../../data/mitoses/mitoses_image_data/18/39.tif
../../data/mitoses/mitoses_image_data/18/60.tif
../../data/mitoses/mitoses_image_data/18/22.tif
../../data/mitoses/mitoses_image_data/18/13.tif
../../data/mitoses/mitoses_image_data/18/31.tif
../../data/mitoses/mitoses_image_data/18/46.tif
../../data/mitoses/mitoses_image_data/18/19.tif
../../data/mitoses/mitoses_image_data/18/02.tif
../../data/mitoses/mitoses_image_data/18/52.tif
../../data/mitoses/mitoses_image_data/18/66.tif
../../data/mitoses/mitoses_image_data/18/67.tif
../../data/mitoses/mitoses_image_data/18/57.tif
../../data/mitoses/mitoses_image_data/18/17.tif
../../data/mitoses/mitoses_image_data/18/53.tif
../../data/mitoses/mitoses_image_data/18/42.tif
../../data/mitoses/mitoses_image_data/18/21.tif
../../data/mitoses/mitoses_image_data/18/34.tif
../../data/mitoses/mitoses_image_data/18/40.tif
../../data/mitoses/mitoses_image_data/18/16.tif
../../data/mitoses/mitoses_image_data/18/30.tif
../../data/mitoses/mitoses_image_data/18/27.tif
../../data/mitoses/mitoses_image_data/18/15.tif
../../data/mitoses/mitoses_image_data/18/05.tif
../../data/mitoses/mitoses_image_data/18/12.tif
../../data/mitoses/mitoses_image_data/18/56.tif
../../data/mitoses/mitoses_image_data/18/49.tif
../../data/mitoses/mitoses_image_data/18/18.tif
../../data/mitoses/mitoses_image_data/18/29.tif
../../data/mitoses/mitoses_image_data/18/38.tif
../../data/mitoses/mitoses_image_data/18/09.tif
../../data/mitoses/mitoses_image_data/18/47.tif
../../data/mitoses/mitoses_image_data/18/62.tif
../../data/mitoses/mitoses_image_data/18/28.tif
../../data/mitoses/mitoses_image_data/18/36.tif
../../data/mitoses/mitoses_image_data/18/08.tif
../../data/mitoses/mitoses_image_data/18/01.tif
../../data/mitoses/mitoses_image_data/18/24.tif
../../data/mitoses/mitoses_image_data/18/51.tif
../../data/mitoses/mitoses_image_data/18/25.tif
../../data/mitoses/mitoses_image_data/18/32.tif
../../data/mitoses/mitoses_image_data/18/61.tif
../../data/mitoses/mitoses_image_data/18/48.tif
../../data/mitoses/mitoses_image_data/18/26.tif
../../data/mitoses/mitoses_image_data/18/03.tif
../../data/mitoses/mitoses_image_data/18/64.tif
../../data/mitoses/mitoses_image_data/18/43.tif
../../data/mitoses/mitoses_image_data/18/41.tif
../../data/mitoses/mitoses_image_data/17/06.tif
../../data/mitoses/mitoses_image_data/17/10.tif
../../data/mitoses/mitoses_image_data/17/07.tif
../../data/mitoses/mitoses_image_data/17/04.tif
../../data/mitoses/mitoses_image_data/17/02.tif
../../data/mitoses/mitoses_image_data/17/05.tif
../../data/mitoses/mitoses_image_data/17/09.tif
../../data/mitoses/mitoses_image_data/17/08.tif
../../data/mitoses/mitoses_image_data/17/01.tif
../../data/mitoses/mitoses_image_data/17/03.tif
../../data/mitoses/mitoses_image_data/60/01.tif
../../data/mitoses/mitoses_image_data/44/01.tif
../../data/mitoses/mitoses_image_data/66/01.tif
../../data/mitoses/mitoses_image_data/51/01.tif
../../data/mitoses/mitoses_image_data/01/20.tif
../../data/mitoses/mitoses_image_data/01/06.tif
../../data/mitoses/mitoses_image_data/01/10.tif
../../data/mitoses/mitoses_image_data/01/35.tif
../../data/mitoses/mitoses_image_data/01/23.tif
../../data/mitoses/mitoses_image_data/01/14.tif
../../data/mitoses/mitoses_image_data/01/11.tif
../../data/mitoses/mitoses_image_data/01/33.tif
../../data/mitoses/mitoses_image_data/01/07.tif
../../data/mitoses/mitoses_image_data/01/37.tif
../../data/mitoses/mitoses_image_data/01/04.tif
../../data/mitoses/mitoses_image_data/01/39.tif
../../data/mitoses/mitoses_image_data/01/22.tif
../../data/mitoses/mitoses_image_data/01/13.tif
../../data/mitoses/mitoses_image_data/01/31.tif
../../data/mitoses/mitoses_image_data/01/19.tif
../../data/mitoses/mitoses_image_data/01/02.tif
../../data/mitoses/mitoses_image_data/01/17.tif
../../data/mitoses/mitoses_image_data/01/21.tif
../../data/mitoses/mitoses_image_data/01/34.tif
../../data/mitoses/mitoses_image_data/01/16.tif
../../data/mitoses/mitoses_image_data/01/30.tif
../../data/mitoses/mitoses_image_data/01/27.tif
../../data/mitoses/mitoses_image_data/01/15.tif
../../data/mitoses/mitoses_image_data/01/05.tif
../../data/mitoses/mitoses_image_data/01/12.tif
../../data/mitoses/mitoses_image_data/01/18.tif
../../data/mitoses/mitoses_image_data/01/29.tif
../../data/mitoses/mitoses_image_data/01/38.tif
../../data/mitoses/mitoses_image_data/01/09.tif
../../data/mitoses/mitoses_image_data/01/28.tif
../../data/mitoses/mitoses_image_data/01/36.tif
../../data/mitoses/mitoses_image_data/01/08.tif
../../data/mitoses/mitoses_image_data/01/01.tif
../../data/mitoses/mitoses_image_data/01/24.tif
../../data/mitoses/mitoses_image_data/01/25.tif
../../data/mitoses/mitoses_image_data/01/32.tif
../../data/mitoses/mitoses_image_data/01/26.tif
../../data/mitoses/mitoses_image_data/01/03.tif
