01/01.tif 01/01_mask_nuclei.png
01/02.tif 01/02_mask_nuclei.png
01/03.tif 01/03_mask_nuclei.png
01/04.tif 01/04_mask_nuclei.png
01/05.tif 01/05_mask_nuclei.png
01/06.tif 01/06_mask_nuclei.png
01/07.tif 01/07_mask_nuclei.png
01/08.tif 01/08_mask_nuclei.png
01/09.tif 01/09_mask_nuclei.png
01/10.tif 01/10_mask_nuclei.png
01/11.tif 01/11_mask_nuclei.png
01/12.tif 01/12_mask_nuclei.png
01/13.tif 01/13_mask_nuclei.png
01/14.tif 01/14_mask_nuclei.png
01/15.tif 01/15_mask_nuclei.png
01/16.tif 01/16_mask_nuclei.png
01/17.tif 01/17_mask_nuclei.png
01/18.tif 01/18_mask_nuclei.png
01/19.tif 01/19_mask_nuclei.png
01/20.tif 01/20_mask_nuclei.png
01/21.tif 01/21_mask_nuclei.png
01/22.tif 01/22_mask_nuclei.png
01/23.tif 01/23_mask_nuclei.png
01/24.tif 01/24_mask_nuclei.png
01/25.tif 01/25_mask_nuclei.png
01/26.tif 01/26_mask_nuclei.png
01/27.tif 01/27_mask_nuclei.png
01/28.tif 01/28_mask_nuclei.png
01/29.tif 01/29_mask_nuclei.png
01/30.tif 01/30_mask_nuclei.png
01/31.tif 01/31_mask_nuclei.png
01/32.tif 01/32_mask_nuclei.png
01/33.tif 01/33_mask_nuclei.png
01/34.tif 01/34_mask_nuclei.png
01/35.tif 01/35_mask_nuclei.png
01/36.tif 01/36_mask_nuclei.png
01/37.tif 01/37_mask_nuclei.png
01/38.tif 01/38_mask_nuclei.png
01/39.tif 01/39_mask_nuclei.png
02/01.tif 02/01_mask_nuclei.png
02/02.tif 02/02_mask_nuclei.png
02/03.tif 02/03_mask_nuclei.png
02/04.tif 02/04_mask_nuclei.png
02/05.tif 02/05_mask_nuclei.png
02/06.tif 02/06_mask_nuclei.png
02/07.tif 02/07_mask_nuclei.png
02/08.tif 02/08_mask_nuclei.png
02/09.tif 02/09_mask_nuclei.png
02/10.tif 02/10_mask_nuclei.png
02/11.tif 02/11_mask_nuclei.png
02/12.tif 02/12_mask_nuclei.png
02/13.tif 02/13_mask_nuclei.png
02/14.tif 02/14_mask_nuclei.png
02/15.tif 02/15_mask_nuclei.png
02/16.tif 02/16_mask_nuclei.png
02/17.tif 02/17_mask_nuclei.png
02/18.tif 02/18_mask_nuclei.png
02/19.tif 02/19_mask_nuclei.png
02/20.tif 02/20_mask_nuclei.png
02/21.tif 02/21_mask_nuclei.png
02/22.tif 02/22_mask_nuclei.png
02/23.tif 02/23_mask_nuclei.png
02/24.tif 02/24_mask_nuclei.png
02/25.tif 02/25_mask_nuclei.png
02/26.tif 02/26_mask_nuclei.png
02/27.tif 02/27_mask_nuclei.png
02/28.tif 02/28_mask_nuclei.png
03/01.tif 03/01_mask_nuclei.png
03/02.tif 03/02_mask_nuclei.png
03/03.tif 03/03_mask_nuclei.png
03/04.tif 03/04_mask_nuclei.png
03/05.tif 03/05_mask_nuclei.png
03/06.tif 03/06_mask_nuclei.png
03/07.tif 03/07_mask_nuclei.png
03/08.tif 03/08_mask_nuclei.png
03/09.tif 03/09_mask_nuclei.png
03/10.tif 03/10_mask_nuclei.png
03/11.tif 03/11_mask_nuclei.png
03/12.tif 03/12_mask_nuclei.png
03/13.tif 03/13_mask_nuclei.png
03/14.tif 03/14_mask_nuclei.png
03/15.tif 03/15_mask_nuclei.png
03/16.tif 03/16_mask_nuclei.png
04/01.tif 04/01_mask_nuclei.png
04/02.tif 04/02_mask_nuclei.png
04/03.tif 04/03_mask_nuclei.png
04/04.tif 04/04_mask_nuclei.png
04/05.tif 04/05_mask_nuclei.png
04/06.tif 04/06_mask_nuclei.png
04/07.tif 04/07_mask_nuclei.png
04/08.tif 04/08_mask_nuclei.png
04/09.tif 04/09_mask_nuclei.png
04/10.tif 04/10_mask_nuclei.png
04/11.tif 04/11_mask_nuclei.png
04/12.tif 04/12_mask_nuclei.png
04/13.tif 04/13_mask_nuclei.png
04/14.tif 04/14_mask_nuclei.png
04/15.tif 04/15_mask_nuclei.png
04/16.tif 04/16_mask_nuclei.png
04/17.tif 04/17_mask_nuclei.png
04/18.tif 04/18_mask_nuclei.png
04/19.tif 04/19_mask_nuclei.png
04/20.tif 04/20_mask_nuclei.png
04/21.tif 04/21_mask_nuclei.png
04/22.tif 04/22_mask_nuclei.png
04/23.tif 04/23_mask_nuclei.png
04/24.tif 04/24_mask_nuclei.png
04/25.tif 04/25_mask_nuclei.png
04/26.tif 04/26_mask_nuclei.png
04/27.tif 04/27_mask_nuclei.png
04/28.tif 04/28_mask_nuclei.png
04/29.tif 04/29_mask_nuclei.png
04/30.tif 04/30_mask_nuclei.png
04/31.tif 04/31_mask_nuclei.png
04/32.tif 04/32_mask_nuclei.png
04/33.tif 04/33_mask_nuclei.png
04/34.tif 04/34_mask_nuclei.png
04/35.tif 04/35_mask_nuclei.png
04/36.tif 04/36_mask_nuclei.png
04/37.tif 04/37_mask_nuclei.png
04/38.tif 04/38_mask_nuclei.png
04/39.tif 04/39_mask_nuclei.png
04/40.tif 04/40_mask_nuclei.png
04/41.tif 04/41_mask_nuclei.png
04/42.tif 04/42_mask_nuclei.png
04/43.tif 04/43_mask_nuclei.png
04/44.tif 04/44_mask_nuclei.png
04/45.tif 04/45_mask_nuclei.png
04/46.tif 04/46_mask_nuclei.png
04/47.tif 04/47_mask_nuclei.png
04/48.tif 04/48_mask_nuclei.png
04/49.tif 04/49_mask_nuclei.png
04/50.tif 04/50_mask_nuclei.png
04/51.tif 04/51_mask_nuclei.png
04/52.tif 04/52_mask_nuclei.png
04/53.tif 04/53_mask_nuclei.png
04/54.tif 04/54_mask_nuclei.png
04/55.tif 04/55_mask_nuclei.png
04/56.tif 04/56_mask_nuclei.png
04/57.tif 04/57_mask_nuclei.png
04/58.tif 04/58_mask_nuclei.png
04/59.tif 04/59_mask_nuclei.png
04/60.tif 04/60_mask_nuclei.png
04/61.tif 04/61_mask_nuclei.png
05/01.tif 05/01_mask_nuclei.png
05/02.tif 05/02_mask_nuclei.png
05/03.tif 05/03_mask_nuclei.png
05/04.tif 05/04_mask_nuclei.png
05/08.tif 05/08_mask_nuclei.png
05/09.tif 05/09_mask_nuclei.png
06/01.tif 06/01_mask_nuclei.png
06/02.tif 06/02_mask_nuclei.png
06/03.tif 06/03_mask_nuclei.png
06/04.tif 06/04_mask_nuclei.png
06/05.tif 06/05_mask_nuclei.png
06/06.tif 06/06_mask_nuclei.png
06/07.tif 06/07_mask_nuclei.png
06/08.tif 06/08_mask_nuclei.png
06/09.tif 06/09_mask_nuclei.png
06/10.tif 06/10_mask_nuclei.png
06/11.tif 06/11_mask_nuclei.png
06/12.tif 06/12_mask_nuclei.png
06/13.tif 06/13_mask_nuclei.png
06/14.tif 06/14_mask_nuclei.png
06/15.tif 06/15_mask_nuclei.png
06/16.tif 06/16_mask_nuclei.png
06/17.tif 06/17_mask_nuclei.png
06/18.tif 06/18_mask_nuclei.png
06/19.tif 06/19_mask_nuclei.png
06/20.tif 06/20_mask_nuclei.png
06/21.tif 06/21_mask_nuclei.png
06/22.tif 06/22_mask_nuclei.png
06/23.tif 06/23_mask_nuclei.png
06/24.tif 06/24_mask_nuclei.png
06/25.tif 06/25_mask_nuclei.png
06/26.tif 06/26_mask_nuclei.png
06/27.tif 06/27_mask_nuclei.png
06/28.tif 06/28_mask_nuclei.png
06/29.tif 06/29_mask_nuclei.png
06/30.tif 06/30_mask_nuclei.png
06/31.tif 06/31_mask_nuclei.png
06/32.tif 06/32_mask_nuclei.png
06/33.tif 06/33_mask_nuclei.png
06/34.tif 06/34_mask_nuclei.png
06/35.tif 06/35_mask_nuclei.png
06/36.tif 06/36_mask_nuclei.png
06/37.tif 06/37_mask_nuclei.png
06/38.tif 06/38_mask_nuclei.png
06/39.tif 06/39_mask_nuclei.png
06/40.tif 06/40_mask_nuclei.png
06/41.tif 06/41_mask_nuclei.png
06/42.tif 06/42_mask_nuclei.png
06/43.tif 06/43_mask_nuclei.png
06/44.tif 06/44_mask_nuclei.png
06/45.tif 06/45_mask_nuclei.png
06/46.tif 06/46_mask_nuclei.png
06/47.tif 06/47_mask_nuclei.png
06/48.tif 06/48_mask_nuclei.png
06/49.tif 06/49_mask_nuclei.png
06/50.tif 06/50_mask_nuclei.png
06/51.tif 06/51_mask_nuclei.png
06/52.tif 06/52_mask_nuclei.png
06/53.tif 06/53_mask_nuclei.png
06/54.tif 06/54_mask_nuclei.png
06/55.tif 06/55_mask_nuclei.png
06/56.tif 06/56_mask_nuclei.png
06/57.tif 06/57_mask_nuclei.png
06/58.tif 06/58_mask_nuclei.png
06/59.tif 06/59_mask_nuclei.png
06/60.tif 06/60_mask_nuclei.png
06/61.tif 06/61_mask_nuclei.png
07/01.tif 07/01_mask_nuclei.png
07/02.tif 07/02_mask_nuclei.png
07/03.tif 07/03_mask_nuclei.png
07/04.tif 07/04_mask_nuclei.png
07/05.tif 07/05_mask_nuclei.png
07/06.tif 07/06_mask_nuclei.png
07/07.tif 07/07_mask_nuclei.png
07/08.tif 07/08_mask_nuclei.png
07/09.tif 07/09_mask_nuclei.png
07/10.tif 07/10_mask_nuclei.png
07/11.tif 07/11_mask_nuclei.png
07/12.tif 07/12_mask_nuclei.png
07/13.tif 07/13_mask_nuclei.png
07/14.tif 07/14_mask_nuclei.png
07/15.tif 07/15_mask_nuclei.png
07/16.tif 07/16_mask_nuclei.png
07/17.tif 07/17_mask_nuclei.png
07/18.tif 07/18_mask_nuclei.png
07/19.tif 07/19_mask_nuclei.png
07/20.tif 07/20_mask_nuclei.png
07/21.tif 07/21_mask_nuclei.png
07/22.tif 07/22_mask_nuclei.png
07/23.tif 07/23_mask_nuclei.png
07/24.tif 07/24_mask_nuclei.png
07/25.tif 07/25_mask_nuclei.png
07/26.tif 07/26_mask_nuclei.png
07/27.tif 07/27_mask_nuclei.png
07/28.tif 07/28_mask_nuclei.png
07/29.tif 07/29_mask_nuclei.png
07/30.tif 07/30_mask_nuclei.png
07/31.tif 07/31_mask_nuclei.png
07/32.tif 07/32_mask_nuclei.png
07/33.tif 07/33_mask_nuclei.png
07/34.tif 07/34_mask_nuclei.png
07/35.tif 07/35_mask_nuclei.png
07/36.tif 07/36_mask_nuclei.png
07/37.tif 07/37_mask_nuclei.png
07/38.tif 07/38_mask_nuclei.png
07/39.tif 07/39_mask_nuclei.png
07/40.tif 07/40_mask_nuclei.png
07/41.tif 07/41_mask_nuclei.png
07/42.tif 07/42_mask_nuclei.png
07/43.tif 07/43_mask_nuclei.png
08/03.tif 08/03_mask_nuclei.png
08/06.tif 08/06_mask_nuclei.png
08/09.tif 08/09_mask_nuclei.png
09/02.tif 09/02_mask_nuclei.png
09/06.tif 09/06_mask_nuclei.png
11/01.tif 11/01_mask_nuclei.png
11/02.tif 11/02_mask_nuclei.png
11/03.tif 11/03_mask_nuclei.png
11/04.tif 11/04_mask_nuclei.png
11/05.tif 11/05_mask_nuclei.png
11/06.tif 11/06_mask_nuclei.png
11/07.tif 11/07_mask_nuclei.png
11/08.tif 11/08_mask_nuclei.png
11/09.tif 11/09_mask_nuclei.png
11/10.tif 11/10_mask_nuclei.png
11/11.tif 11/11_mask_nuclei.png
11/12.tif 11/12_mask_nuclei.png
11/13.tif 11/13_mask_nuclei.png
12/01.tif 12/01_mask_nuclei.png
12/02.tif 12/02_mask_nuclei.png
12/03.tif 12/03_mask_nuclei.png
12/04.tif 12/04_mask_nuclei.png
12/06.tif 12/06_mask_nuclei.png
12/07.tif 12/07_mask_nuclei.png
12/08.tif 12/08_mask_nuclei.png
13/06.tif 13/06_mask_nuclei.png
13/09.tif 13/09_mask_nuclei.png
14/01.tif 14/01_mask_nuclei.png
14/02.tif 14/02_mask_nuclei.png
14/03.tif 14/03_mask_nuclei.png
14/04.tif 14/04_mask_nuclei.png
14/05.tif 14/05_mask_nuclei.png
14/06.tif 14/06_mask_nuclei.png
14/07.tif 14/07_mask_nuclei.png
14/08.tif 14/08_mask_nuclei.png
14/09.tif 14/09_mask_nuclei.png
14/10.tif 14/10_mask_nuclei.png
14/11.tif 14/11_mask_nuclei.png
14/12.tif 14/12_mask_nuclei.png
14/13.tif 14/13_mask_nuclei.png
14/14.tif 14/14_mask_nuclei.png
14/15.tif 14/15_mask_nuclei.png
15/01.tif 15/01_mask_nuclei.png
15/02.tif 15/02_mask_nuclei.png
15/03.tif 15/03_mask_nuclei.png
15/04.tif 15/04_mask_nuclei.png
15/05.tif 15/05_mask_nuclei.png
15/06.tif 15/06_mask_nuclei.png
15/07.tif 15/07_mask_nuclei.png
15/08.tif 15/08_mask_nuclei.png
15/09.tif 15/09_mask_nuclei.png
15/10.tif 15/10_mask_nuclei.png
15/11.tif 15/11_mask_nuclei.png
15/12.tif 15/12_mask_nuclei.png
15/13.tif 15/13_mask_nuclei.png
15/14.tif 15/14_mask_nuclei.png
15/15.tif 15/15_mask_nuclei.png
15/16.tif 15/16_mask_nuclei.png
15/17.tif 15/17_mask_nuclei.png
15/18.tif 15/18_mask_nuclei.png
15/19.tif 15/19_mask_nuclei.png
15/20.tif 15/20_mask_nuclei.png
15/21.tif 15/21_mask_nuclei.png
15/22.tif 15/22_mask_nuclei.png
15/23.tif 15/23_mask_nuclei.png
15/24.tif 15/24_mask_nuclei.png
15/25.tif 15/25_mask_nuclei.png
15/26.tif 15/26_mask_nuclei.png
15/27.tif 15/27_mask_nuclei.png
15/28.tif 15/28_mask_nuclei.png
15/29.tif 15/29_mask_nuclei.png
15/30.tif 15/30_mask_nuclei.png
15/31.tif 15/31_mask_nuclei.png
15/32.tif 15/32_mask_nuclei.png
15/33.tif 15/33_mask_nuclei.png
15/34.tif 15/34_mask_nuclei.png
15/35.tif 15/35_mask_nuclei.png
15/36.tif 15/36_mask_nuclei.png
15/37.tif 15/37_mask_nuclei.png
15/38.tif 15/38_mask_nuclei.png
15/39.tif 15/39_mask_nuclei.png
15/40.tif 15/40_mask_nuclei.png
15/41.tif 15/41_mask_nuclei.png
15/42.tif 15/42_mask_nuclei.png
15/43.tif 15/43_mask_nuclei.png
15/44.tif 15/44_mask_nuclei.png
15/45.tif 15/45_mask_nuclei.png
15/46.tif 15/46_mask_nuclei.png
15/47.tif 15/47_mask_nuclei.png
15/48.tif 15/48_mask_nuclei.png
15/49.tif 15/49_mask_nuclei.png
16/01.tif 16/01_mask_nuclei.png
16/03.tif 16/03_mask_nuclei.png
16/04.tif 16/04_mask_nuclei.png
16/05.tif 16/05_mask_nuclei.png
16/06.tif 16/06_mask_nuclei.png
16/07.tif 16/07_mask_nuclei.png
16/08.tif 16/08_mask_nuclei.png
16/09.tif 16/09_mask_nuclei.png
16/10.tif 16/10_mask_nuclei.png
17/01.tif 17/01_mask_nuclei.png
17/05.tif 17/05_mask_nuclei.png
17/06.tif 17/06_mask_nuclei.png
17/07.tif 17/07_mask_nuclei.png
17/09.tif 17/09_mask_nuclei.png
18/01.tif 18/01_mask_nuclei.png
18/02.tif 18/02_mask_nuclei.png
18/03.tif 18/03_mask_nuclei.png
18/04.tif 18/04_mask_nuclei.png
18/05.tif 18/05_mask_nuclei.png
18/06.tif 18/06_mask_nuclei.png
18/07.tif 18/07_mask_nuclei.png
18/08.tif 18/08_mask_nuclei.png
18/09.tif 18/09_mask_nuclei.png
18/10.tif 18/10_mask_nuclei.png
18/11.tif 18/11_mask_nuclei.png
18/12.tif 18/12_mask_nuclei.png
18/13.tif 18/13_mask_nuclei.png
18/14.tif 18/14_mask_nuclei.png
18/15.tif 18/15_mask_nuclei.png
18/16.tif 18/16_mask_nuclei.png
18/17.tif 18/17_mask_nuclei.png
18/18.tif 18/18_mask_nuclei.png
18/19.tif 18/19_mask_nuclei.png
18/20.tif 18/20_mask_nuclei.png
18/21.tif 18/21_mask_nuclei.png
18/22.tif 18/22_mask_nuclei.png
18/23.tif 18/23_mask_nuclei.png
18/24.tif 18/24_mask_nuclei.png
18/25.tif 18/25_mask_nuclei.png
18/26.tif 18/26_mask_nuclei.png
18/27.tif 18/27_mask_nuclei.png
18/28.tif 18/28_mask_nuclei.png
18/29.tif 18/29_mask_nuclei.png
18/30.tif 18/30_mask_nuclei.png
18/31.tif 18/31_mask_nuclei.png
18/32.tif 18/32_mask_nuclei.png
18/33.tif 18/33_mask_nuclei.png
18/34.tif 18/34_mask_nuclei.png
18/35.tif 18/35_mask_nuclei.png
18/36.tif 18/36_mask_nuclei.png
18/37.tif 18/37_mask_nuclei.png
18/38.tif 18/38_mask_nuclei.png
18/39.tif 18/39_mask_nuclei.png
18/40.tif 18/40_mask_nuclei.png
18/41.tif 18/41_mask_nuclei.png
18/42.tif 18/42_mask_nuclei.png
18/43.tif 18/43_mask_nuclei.png
18/44.tif 18/44_mask_nuclei.png
18/45.tif 18/45_mask_nuclei.png
18/46.tif 18/46_mask_nuclei.png
18/47.tif 18/47_mask_nuclei.png
18/48.tif 18/48_mask_nuclei.png
18/49.tif 18/49_mask_nuclei.png
18/50.tif 18/50_mask_nuclei.png
18/51.tif 18/51_mask_nuclei.png
18/52.tif 18/52_mask_nuclei.png
18/53.tif 18/53_mask_nuclei.png
18/54.tif 18/54_mask_nuclei.png
18/55.tif 18/55_mask_nuclei.png
18/56.tif 18/56_mask_nuclei.png
18/57.tif 18/57_mask_nuclei.png
18/58.tif 18/58_mask_nuclei.png
18/59.tif 18/59_mask_nuclei.png
18/60.tif 18/60_mask_nuclei.png
18/61.tif 18/61_mask_nuclei.png
18/62.tif 18/62_mask_nuclei.png
18/63.tif 18/63_mask_nuclei.png
18/64.tif 18/64_mask_nuclei.png
18/65.tif 18/65_mask_nuclei.png
18/66.tif 18/66_mask_nuclei.png
18/67.tif 18/67_mask_nuclei.png
19/01.tif 19/01_mask_nuclei.png
19/05.tif 19/05_mask_nuclei.png
21/01.tif 21/01_mask_nuclei.png
21/02.tif 21/02_mask_nuclei.png
21/03.tif 21/03_mask_nuclei.png
21/04.tif 21/04_mask_nuclei.png
21/05.tif 21/05_mask_nuclei.png
21/06.tif 21/06_mask_nuclei.png
21/07.tif 21/07_mask_nuclei.png
21/08.tif 21/08_mask_nuclei.png
21/09.tif 21/09_mask_nuclei.png
21/10.tif 21/10_mask_nuclei.png
21/11.tif 21/11_mask_nuclei.png
21/12.tif 21/12_mask_nuclei.png
21/13.tif 21/13_mask_nuclei.png
21/14.tif 21/14_mask_nuclei.png
21/15.tif 21/15_mask_nuclei.png
21/16.tif 21/16_mask_nuclei.png
21/17.tif 21/17_mask_nuclei.png
21/18.tif 21/18_mask_nuclei.png
21/19.tif 21/19_mask_nuclei.png
21/20.tif 21/20_mask_nuclei.png
21/21.tif 21/21_mask_nuclei.png
21/22.tif 21/22_mask_nuclei.png
21/23.tif 21/23_mask_nuclei.png
21/24.tif 21/24_mask_nuclei.png
21/25.tif 21/25_mask_nuclei.png
21/26.tif 21/26_mask_nuclei.png
21/27.tif 21/27_mask_nuclei.png
21/28.tif 21/28_mask_nuclei.png
21/29.tif 21/29_mask_nuclei.png
21/30.tif 21/30_mask_nuclei.png
21/31.tif 21/31_mask_nuclei.png
21/32.tif 21/32_mask_nuclei.png
21/33.tif 21/33_mask_nuclei.png
21/34.tif 21/34_mask_nuclei.png
21/35.tif 21/35_mask_nuclei.png
21/36.tif 21/36_mask_nuclei.png
21/37.tif 21/37_mask_nuclei.png
21/38.tif 21/38_mask_nuclei.png
21/39.tif 21/39_mask_nuclei.png
21/40.tif 21/40_mask_nuclei.png
21/41.tif 21/41_mask_nuclei.png
21/42.tif 21/42_mask_nuclei.png
21/43.tif 21/43_mask_nuclei.png
21/44.tif 21/44_mask_nuclei.png
22/01.tif 22/01_mask_nuclei.png
22/02.tif 22/02_mask_nuclei.png
22/03.tif 22/03_mask_nuclei.png
22/04.tif 22/04_mask_nuclei.png
22/05.tif 22/05_mask_nuclei.png
22/06.tif 22/06_mask_nuclei.png
22/07.tif 22/07_mask_nuclei.png
22/08.tif 22/08_mask_nuclei.png
22/09.tif 22/09_mask_nuclei.png
22/10.tif 22/10_mask_nuclei.png
22/11.tif 22/11_mask_nuclei.png
22/12.tif 22/12_mask_nuclei.png
22/13.tif 22/13_mask_nuclei.png
22/14.tif 22/14_mask_nuclei.png
22/15.tif 22/15_mask_nuclei.png
22/16.tif 22/16_mask_nuclei.png
22/17.tif 22/17_mask_nuclei.png
22/18.tif 22/18_mask_nuclei.png
22/19.tif 22/19_mask_nuclei.png
22/20.tif 22/20_mask_nuclei.png
22/21.tif 22/21_mask_nuclei.png
22/22.tif 22/22_mask_nuclei.png
22/23.tif 22/23_mask_nuclei.png
22/24.tif 22/24_mask_nuclei.png
22/25.tif 22/25_mask_nuclei.png
22/26.tif 22/26_mask_nuclei.png
22/27.tif 22/27_mask_nuclei.png
22/28.tif 22/28_mask_nuclei.png
22/29.tif 22/29_mask_nuclei.png
22/30.tif 22/30_mask_nuclei.png
22/31.tif 22/31_mask_nuclei.png
22/32.tif 22/32_mask_nuclei.png
22/33.tif 22/33_mask_nuclei.png
22/34.tif 22/34_mask_nuclei.png
22/35.tif 22/35_mask_nuclei.png
22/36.tif 22/36_mask_nuclei.png
22/37.tif 22/37_mask_nuclei.png
22/38.tif 22/38_mask_nuclei.png
22/39.tif 22/39_mask_nuclei.png
22/40.tif 22/40_mask_nuclei.png
22/41.tif 22/41_mask_nuclei.png
22/42.tif 22/42_mask_nuclei.png
22/43.tif 22/43_mask_nuclei.png
22/44.tif 22/44_mask_nuclei.png
22/45.tif 22/45_mask_nuclei.png
22/46.tif 22/46_mask_nuclei.png
22/47.tif 22/47_mask_nuclei.png
22/48.tif 22/48_mask_nuclei.png
23/01.tif 23/01_mask_nuclei.png
23/02.tif 23/02_mask_nuclei.png
23/03.tif 23/03_mask_nuclei.png
23/04.tif 23/04_mask_nuclei.png
23/05.tif 23/05_mask_nuclei.png
23/06.tif 23/06_mask_nuclei.png
23/07.tif 23/07_mask_nuclei.png
23/08.tif 23/08_mask_nuclei.png
23/09.tif 23/09_mask_nuclei.png
23/10.tif 23/10_mask_nuclei.png
23/11.tif 23/11_mask_nuclei.png
23/12.tif 23/12_mask_nuclei.png
23/13.tif 23/13_mask_nuclei.png
23/14.tif 23/14_mask_nuclei.png
23/15.tif 23/15_mask_nuclei.png
23/16.tif 23/16_mask_nuclei.png
23/17.tif 23/17_mask_nuclei.png
23/18.tif 23/18_mask_nuclei.png
23/19.tif 23/19_mask_nuclei.png
23/20.tif 23/20_mask_nuclei.png
23/21.tif 23/21_mask_nuclei.png
23/22.tif 23/22_mask_nuclei.png
24/01.tif 24/01_mask_nuclei.png
25/01.tif 25/01_mask_nuclei.png
27/01.tif 27/01_mask_nuclei.png
28/01.tif 28/01_mask_nuclei.png
29/01.tif 29/01_mask_nuclei.png
30/01.tif 30/01_mask_nuclei.png
31/01.tif 31/01_mask_nuclei.png
32/01.tif 32/01_mask_nuclei.png
33/01.tif 33/01_mask_nuclei.png
34/01.tif 34/01_mask_nuclei.png
36/01.tif 36/01_mask_nuclei.png
37/01.tif 37/01_mask_nuclei.png
39/01.tif 39/01_mask_nuclei.png
40/01.tif 40/01_mask_nuclei.png
41/01.tif 41/01_mask_nuclei.png
42/01.tif 42/01_mask_nuclei.png
43/01.tif 43/01_mask_nuclei.png
44/01.tif 44/01_mask_nuclei.png
45/01.tif 45/01_mask_nuclei.png
46/01.tif 46/01_mask_nuclei.png
47/01.tif 47/01_mask_nuclei.png
49/01.tif 49/01_mask_nuclei.png
50/01.tif 50/01_mask_nuclei.png
51/01.tif 51/01_mask_nuclei.png
52/01.tif 52/01_mask_nuclei.png
54/01.tif 54/01_mask_nuclei.png
55/01.tif 55/01_mask_nuclei.png
56/01.tif 56/01_mask_nuclei.png
57/01.tif 57/01_mask_nuclei.png
58/01.tif 58/01_mask_nuclei.png
59/01.tif 59/01_mask_nuclei.png
60/01.tif 60/01_mask_nuclei.png
61/01.tif 61/01_mask_nuclei.png
62/01.tif 62/01_mask_nuclei.png
63/01.tif 63/01_mask_nuclei.png
64/01.tif 64/01_mask_nuclei.png
65/01.tif 65/01_mask_nuclei.png
66/01.tif 66/01_mask_nuclei.png
67/01.tif 67/01_mask_nuclei.png
68/01.tif 68/01_mask_nuclei.png
69/01.tif 69/01_mask_nuclei.png
70/01.tif 70/01_mask_nuclei.png
71/01.tif 71/01_mask_nuclei.png
72/01.tif 72/01_mask_nuclei.png
73/01.tif 73/01_mask_nuclei.png
