mitoses_image_data_cn/01/01.tif_nc.png /home/dywang/Proliferation/libs/00exp_wdy/stage04_mitosisDetection/step02_train_mitosis_detecotor/heatmap_mc13_tr/heatmap/mitoses_image_data_cn/01/01_label.png
mitoses_image_data_cn/01/02.tif_nc.png /home/dywang/Proliferation/libs/00exp_wdy/stage04_mitosisDetection/step02_train_mitosis_detecotor/heatmap_mc13_tr/heatmap/mitoses_image_data_cn/01/02_label.png
mitoses_image_data_cn/01/03.tif_nc.png /home/dywang/Proliferation/libs/00exp_wdy/stage04_mitosisDetection/step02_train_mitosis_detecotor/heatmap_mc13_tr/heatmap/mitoses_image_data_cn/01/03_label.png
mitoses_image_data_cn/01/04.tif_nc.png /home/dywang/Proliferation/libs/00exp_wdy/stage04_mitosisDetection/step02_train_mitosis_detecotor/heatmap_mc13_tr/heatmap/mitoses_image_data_cn/01/04_label.png
mitoses_image_data_cn/01/05.tif_nc.png /home/dywang/Proliferation/libs/00exp_wdy/stage04_mitosisDetection/step02_train_mitosis_detecotor/heatmap_mc13_tr/heatmap/mitoses_image_data_cn/01/05_label.png
mitoses_image_data_cn/01/06.tif_nc.png /home/dywang/Proliferation/libs/00exp_wdy/stage04_mitosisDetection/step02_train_mitosis_detecotor/heatmap_mc13_tr/heatmap/mitoses_image_data_cn/01/06_label.png
mitoses_image_data_cn/01/07.tif_nc.png /home/dywang/Proliferation/libs/00exp_wdy/stage04_mitosisDetection/step02_train_mitosis_detecotor/heatmap_mc13_tr/heatmap/mitoses_image_data_cn/01/07_label.png
mitoses_image_data_cn/01/08.tif_nc.png /home/dywang/Proliferation/libs/00exp_wdy/stage04_mitosisDetection/step02_train_mitosis_detecotor/heatmap_mc13_tr/heatmap/mitoses_image_data_cn/01/08_label.png
mitoses_image_data_cn/01/09.tif_nc.png /home/dywang/Proliferation/libs/00exp_wdy/stage04_mitosisDetection/step02_train_mitosis_detecotor/heatmap_mc13_tr/heatmap/mitoses_image_data_cn/01/09_label.png
mitoses_image_data_cn/01/10.tif_nc.png /home/dywang/Proliferation/libs/00exp_wdy/stage04_mitosisDetection/step02_train_mitosis_detecotor/heatmap_mc13_tr/heatmap/mitoses_image_data_cn/01/10_label.png
mitoses_image_data_cn/01/11.tif_nc.png /home/dywang/Proliferation/libs/00exp_wdy/stage04_mitosisDetection/step02_train_mitosis_detecotor/heatmap_mc13_tr/heatmap/mitoses_image_data_cn/01/11_label.png
mitoses_image_data_cn/01/12.tif_nc.png /home/dywang/Proliferation/libs/00exp_wdy/stage04_mitosisDetection/step02_train_mitosis_detecotor/heatmap_mc13_tr/heatmap/mitoses_image_data_cn/01/12_label.png
mitoses_image_data_cn/01/13.tif_nc.png /home/dywang/Proliferation/libs/00exp_wdy/stage04_mitosisDetection/step02_train_mitosis_detecotor/heatmap_mc13_tr/heatmap/mitoses_image_data_cn/01/13_label.png
mitoses_image_data_cn/01/14.tif_nc.png /home/dywang/Proliferation/libs/00exp_wdy/stage04_mitosisDetection/step02_train_mitosis_detecotor/heatmap_mc13_tr/heatmap/mitoses_image_data_cn/01/14_label.png
mitoses_image_data_cn/01/15.tif_nc.png /home/dywang/Proliferation/libs/00exp_wdy/stage04_mitosisDetection/step02_train_mitosis_detecotor/heatmap_mc13_tr/heatmap/mitoses_image_data_cn/01/15_label.png
mitoses_image_data_cn/01/16.tif_nc.png /home/dywang/Proliferation/libs/00exp_wdy/stage04_mitosisDetection/step02_train_mitosis_detecotor/heatmap_mc13_tr/heatmap/mitoses_image_data_cn/01/16_label.png
mitoses_image_data_cn/01/17.tif_nc.png /home/dywang/Proliferation/libs/00exp_wdy/stage04_mitosisDetection/step02_train_mitosis_detecotor/heatmap_mc13_tr/heatmap/mitoses_image_data_cn/01/17_label.png
mitoses_image_data_cn/01/18.tif_nc.png /home/dywang/Proliferation/libs/00exp_wdy/stage04_mitosisDetection/step02_train_mitosis_detecotor/heatmap_mc13_tr/heatmap/mitoses_image_data_cn/01/18_label.png
mitoses_image_data_cn/01/19.tif_nc.png /home/dywang/Proliferation/libs/00exp_wdy/stage04_mitosisDetection/step02_train_mitosis_detecotor/heatmap_mc13_tr/heatmap/mitoses_image_data_cn/01/19_label.png
mitoses_image_data_cn/01/20.tif_nc.png /home/dywang/Proliferation/libs/00exp_wdy/stage04_mitosisDetection/step02_train_mitosis_detecotor/heatmap_mc13_tr/heatmap/mitoses_image_data_cn/01/20_label.png
mitoses_image_data_cn/01/21.tif_nc.png /home/dywang/Proliferation/libs/00exp_wdy/stage04_mitosisDetection/step02_train_mitosis_detecotor/heatmap_mc13_tr/heatmap/mitoses_image_data_cn/01/21_label.png
mitoses_image_data_cn/01/22.tif_nc.png /home/dywang/Proliferation/libs/00exp_wdy/stage04_mitosisDetection/step02_train_mitosis_detecotor/heatmap_mc13_tr/heatmap/mitoses_image_data_cn/01/22_label.png
mitoses_image_data_cn/01/23.tif_nc.png /home/dywang/Proliferation/libs/00exp_wdy/stage04_mitosisDetection/step02_train_mitosis_detecotor/heatmap_mc13_tr/heatmap/mitoses_image_data_cn/01/23_label.png
mitoses_image_data_cn/01/24.tif_nc.png /home/dywang/Proliferation/libs/00exp_wdy/stage04_mitosisDetection/step02_train_mitosis_detecotor/heatmap_mc13_tr/heatmap/mitoses_image_data_cn/01/24_label.png
mitoses_image_data_cn/01/25.tif_nc.png /home/dywang/Proliferation/libs/00exp_wdy/stage04_mitosisDetection/step02_train_mitosis_detecotor/heatmap_mc13_tr/heatmap/mitoses_image_data_cn/01/25_label.png
mitoses_image_data_cn/01/26.tif_nc.png /home/dywang/Proliferation/libs/00exp_wdy/stage04_mitosisDetection/step02_train_mitosis_detecotor/heatmap_mc13_tr/heatmap/mitoses_image_data_cn/01/26_label.png
mitoses_image_data_cn/01/27.tif_nc.png /home/dywang/Proliferation/libs/00exp_wdy/stage04_mitosisDetection/step02_train_mitosis_detecotor/heatmap_mc13_tr/heatmap/mitoses_image_data_cn/01/27_label.png
mitoses_image_data_cn/01/28.tif_nc.png /home/dywang/Proliferation/libs/00exp_wdy/stage04_mitosisDetection/step02_train_mitosis_detecotor/heatmap_mc13_tr/heatmap/mitoses_image_data_cn/01/28_label.png
mitoses_image_data_cn/01/29.tif_nc.png /home/dywang/Proliferation/libs/00exp_wdy/stage04_mitosisDetection/step02_train_mitosis_detecotor/heatmap_mc13_tr/heatmap/mitoses_image_data_cn/01/29_label.png
mitoses_image_data_cn/01/30.tif_nc.png /home/dywang/Proliferation/libs/00exp_wdy/stage04_mitosisDetection/step02_train_mitosis_detecotor/heatmap_mc13_tr/heatmap/mitoses_image_data_cn/01/30_label.png
mitoses_image_data_cn/01/31.tif_nc.png /home/dywang/Proliferation/libs/00exp_wdy/stage04_mitosisDetection/step02_train_mitosis_detecotor/heatmap_mc13_tr/heatmap/mitoses_image_data_cn/01/31_label.png
mitoses_image_data_cn/01/32.tif_nc.png /home/dywang/Proliferation/libs/00exp_wdy/stage04_mitosisDetection/step02_train_mitosis_detecotor/heatmap_mc13_tr/heatmap/mitoses_image_data_cn/01/32_label.png
mitoses_image_data_cn/01/33.tif_nc.png /home/dywang/Proliferation/libs/00exp_wdy/stage04_mitosisDetection/step02_train_mitosis_detecotor/heatmap_mc13_tr/heatmap/mitoses_image_data_cn/01/33_label.png
mitoses_image_data_cn/01/34.tif_nc.png /home/dywang/Proliferation/libs/00exp_wdy/stage04_mitosisDetection/step02_train_mitosis_detecotor/heatmap_mc13_tr/heatmap/mitoses_image_data_cn/01/34_label.png
mitoses_image_data_cn/01/35.tif_nc.png /home/dywang/Proliferation/libs/00exp_wdy/stage04_mitosisDetection/step02_train_mitosis_detecotor/heatmap_mc13_tr/heatmap/mitoses_image_data_cn/01/35_label.png
mitoses_image_data_cn/01/36.tif_nc.png /home/dywang/Proliferation/libs/00exp_wdy/stage04_mitosisDetection/step02_train_mitosis_detecotor/heatmap_mc13_tr/heatmap/mitoses_image_data_cn/01/36_label.png
mitoses_image_data_cn/01/37.tif_nc.png /home/dywang/Proliferation/libs/00exp_wdy/stage04_mitosisDetection/step02_train_mitosis_detecotor/heatmap_mc13_tr/heatmap/mitoses_image_data_cn/01/37_label.png
mitoses_image_data_cn/01/38.tif_nc.png /home/dywang/Proliferation/libs/00exp_wdy/stage04_mitosisDetection/step02_train_mitosis_detecotor/heatmap_mc13_tr/heatmap/mitoses_image_data_cn/01/38_label.png
mitoses_image_data_cn/01/39.tif_nc.png /home/dywang/Proliferation/libs/00exp_wdy/stage04_mitosisDetection/step02_train_mitosis_detecotor/heatmap_mc13_tr/heatmap/mitoses_image_data_cn/01/39_label.png
mitoses_image_data_cn/02/01.tif_nc.png /home/dywang/Proliferation/libs/00exp_wdy/stage04_mitosisDetection/step02_train_mitosis_detecotor/heatmap_mc13_tr/heatmap/mitoses_image_data_cn/02/01_label.png
mitoses_image_data_cn/02/02.tif_nc.png /home/dywang/Proliferation/libs/00exp_wdy/stage04_mitosisDetection/step02_train_mitosis_detecotor/heatmap_mc13_tr/heatmap/mitoses_image_data_cn/02/02_label.png
mitoses_image_data_cn/02/03.tif_nc.png /home/dywang/Proliferation/libs/00exp_wdy/stage04_mitosisDetection/step02_train_mitosis_detecotor/heatmap_mc13_tr/heatmap/mitoses_image_data_cn/02/03_label.png
mitoses_image_data_cn/02/04.tif_nc.png /home/dywang/Proliferation/libs/00exp_wdy/stage04_mitosisDetection/step02_train_mitosis_detecotor/heatmap_mc13_tr/heatmap/mitoses_image_data_cn/02/04_label.png
mitoses_image_data_cn/02/05.tif_nc.png /home/dywang/Proliferation/libs/00exp_wdy/stage04_mitosisDetection/step02_train_mitosis_detecotor/heatmap_mc13_tr/heatmap/mitoses_image_data_cn/02/05_label.png
mitoses_image_data_cn/02/06.tif_nc.png /home/dywang/Proliferation/libs/00exp_wdy/stage04_mitosisDetection/step02_train_mitosis_detecotor/heatmap_mc13_tr/heatmap/mitoses_image_data_cn/02/06_label.png
mitoses_image_data_cn/02/07.tif_nc.png /home/dywang/Proliferation/libs/00exp_wdy/stage04_mitosisDetection/step02_train_mitosis_detecotor/heatmap_mc13_tr/heatmap/mitoses_image_data_cn/02/07_label.png
mitoses_image_data_cn/02/08.tif_nc.png /home/dywang/Proliferation/libs/00exp_wdy/stage04_mitosisDetection/step02_train_mitosis_detecotor/heatmap_mc13_tr/heatmap/mitoses_image_data_cn/02/08_label.png
mitoses_image_data_cn/02/09.tif_nc.png /home/dywang/Proliferation/libs/00exp_wdy/stage04_mitosisDetection/step02_train_mitosis_detecotor/heatmap_mc13_tr/heatmap/mitoses_image_data_cn/02/09_label.png
mitoses_image_data_cn/02/10.tif_nc.png /home/dywang/Proliferation/libs/00exp_wdy/stage04_mitosisDetection/step02_train_mitosis_detecotor/heatmap_mc13_tr/heatmap/mitoses_image_data_cn/02/10_label.png
mitoses_image_data_cn/02/11.tif_nc.png /home/dywang/Proliferation/libs/00exp_wdy/stage04_mitosisDetection/step02_train_mitosis_detecotor/heatmap_mc13_tr/heatmap/mitoses_image_data_cn/02/11_label.png
mitoses_image_data_cn/02/12.tif_nc.png /home/dywang/Proliferation/libs/00exp_wdy/stage04_mitosisDetection/step02_train_mitosis_detecotor/heatmap_mc13_tr/heatmap/mitoses_image_data_cn/02/12_label.png
mitoses_image_data_cn/02/13.tif_nc.png /home/dywang/Proliferation/libs/00exp_wdy/stage04_mitosisDetection/step02_train_mitosis_detecotor/heatmap_mc13_tr/heatmap/mitoses_image_data_cn/02/13_label.png
mitoses_image_data_cn/02/14.tif_nc.png /home/dywang/Proliferation/libs/00exp_wdy/stage04_mitosisDetection/step02_train_mitosis_detecotor/heatmap_mc13_tr/heatmap/mitoses_image_data_cn/02/14_label.png
mitoses_image_data_cn/02/15.tif_nc.png /home/dywang/Proliferation/libs/00exp_wdy/stage04_mitosisDetection/step02_train_mitosis_detecotor/heatmap_mc13_tr/heatmap/mitoses_image_data_cn/02/15_label.png
mitoses_image_data_cn/02/16.tif_nc.png /home/dywang/Proliferation/libs/00exp_wdy/stage04_mitosisDetection/step02_train_mitosis_detecotor/heatmap_mc13_tr/heatmap/mitoses_image_data_cn/02/16_label.png
mitoses_image_data_cn/02/17.tif_nc.png /home/dywang/Proliferation/libs/00exp_wdy/stage04_mitosisDetection/step02_train_mitosis_detecotor/heatmap_mc13_tr/heatmap/mitoses_image_data_cn/02/17_label.png
mitoses_image_data_cn/02/18.tif_nc.png /home/dywang/Proliferation/libs/00exp_wdy/stage04_mitosisDetection/step02_train_mitosis_detecotor/heatmap_mc13_tr/heatmap/mitoses_image_data_cn/02/18_label.png
mitoses_image_data_cn/02/19.tif_nc.png /home/dywang/Proliferation/libs/00exp_wdy/stage04_mitosisDetection/step02_train_mitosis_detecotor/heatmap_mc13_tr/heatmap/mitoses_image_data_cn/02/19_label.png
mitoses_image_data_cn/02/20.tif_nc.png /home/dywang/Proliferation/libs/00exp_wdy/stage04_mitosisDetection/step02_train_mitosis_detecotor/heatmap_mc13_tr/heatmap/mitoses_image_data_cn/02/20_label.png
mitoses_image_data_cn/02/21.tif_nc.png /home/dywang/Proliferation/libs/00exp_wdy/stage04_mitosisDetection/step02_train_mitosis_detecotor/heatmap_mc13_tr/heatmap/mitoses_image_data_cn/02/21_label.png
mitoses_image_data_cn/02/22.tif_nc.png /home/dywang/Proliferation/libs/00exp_wdy/stage04_mitosisDetection/step02_train_mitosis_detecotor/heatmap_mc13_tr/heatmap/mitoses_image_data_cn/02/22_label.png
mitoses_image_data_cn/02/23.tif_nc.png /home/dywang/Proliferation/libs/00exp_wdy/stage04_mitosisDetection/step02_train_mitosis_detecotor/heatmap_mc13_tr/heatmap/mitoses_image_data_cn/02/23_label.png
mitoses_image_data_cn/02/24.tif_nc.png /home/dywang/Proliferation/libs/00exp_wdy/stage04_mitosisDetection/step02_train_mitosis_detecotor/heatmap_mc13_tr/heatmap/mitoses_image_data_cn/02/24_label.png
mitoses_image_data_cn/02/25.tif_nc.png /home/dywang/Proliferation/libs/00exp_wdy/stage04_mitosisDetection/step02_train_mitosis_detecotor/heatmap_mc13_tr/heatmap/mitoses_image_data_cn/02/25_label.png
mitoses_image_data_cn/02/26.tif_nc.png /home/dywang/Proliferation/libs/00exp_wdy/stage04_mitosisDetection/step02_train_mitosis_detecotor/heatmap_mc13_tr/heatmap/mitoses_image_data_cn/02/26_label.png
mitoses_image_data_cn/02/27.tif_nc.png /home/dywang/Proliferation/libs/00exp_wdy/stage04_mitosisDetection/step02_train_mitosis_detecotor/heatmap_mc13_tr/heatmap/mitoses_image_data_cn/02/27_label.png
mitoses_image_data_cn/02/28.tif_nc.png /home/dywang/Proliferation/libs/00exp_wdy/stage04_mitosisDetection/step02_train_mitosis_detecotor/heatmap_mc13_tr/heatmap/mitoses_image_data_cn/02/28_label.png
mitoses_image_data_cn/03/01.tif_nc.png /home/dywang/Proliferation/libs/00exp_wdy/stage04_mitosisDetection/step02_train_mitosis_detecotor/heatmap_mc13_tr/heatmap/mitoses_image_data_cn/03/01_label.png
mitoses_image_data_cn/03/02.tif_nc.png /home/dywang/Proliferation/libs/00exp_wdy/stage04_mitosisDetection/step02_train_mitosis_detecotor/heatmap_mc13_tr/heatmap/mitoses_image_data_cn/03/02_label.png
mitoses_image_data_cn/03/03.tif_nc.png /home/dywang/Proliferation/libs/00exp_wdy/stage04_mitosisDetection/step02_train_mitosis_detecotor/heatmap_mc13_tr/heatmap/mitoses_image_data_cn/03/03_label.png
mitoses_image_data_cn/03/04.tif_nc.png /home/dywang/Proliferation/libs/00exp_wdy/stage04_mitosisDetection/step02_train_mitosis_detecotor/heatmap_mc13_tr/heatmap/mitoses_image_data_cn/03/04_label.png
mitoses_image_data_cn/03/05.tif_nc.png /home/dywang/Proliferation/libs/00exp_wdy/stage04_mitosisDetection/step02_train_mitosis_detecotor/heatmap_mc13_tr/heatmap/mitoses_image_data_cn/03/05_label.png
mitoses_image_data_cn/03/06.tif_nc.png /home/dywang/Proliferation/libs/00exp_wdy/stage04_mitosisDetection/step02_train_mitosis_detecotor/heatmap_mc13_tr/heatmap/mitoses_image_data_cn/03/06_label.png
mitoses_image_data_cn/03/07.tif_nc.png /home/dywang/Proliferation/libs/00exp_wdy/stage04_mitosisDetection/step02_train_mitosis_detecotor/heatmap_mc13_tr/heatmap/mitoses_image_data_cn/03/07_label.png
mitoses_image_data_cn/03/08.tif_nc.png /home/dywang/Proliferation/libs/00exp_wdy/stage04_mitosisDetection/step02_train_mitosis_detecotor/heatmap_mc13_tr/heatmap/mitoses_image_data_cn/03/08_label.png
mitoses_image_data_cn/03/09.tif_nc.png /home/dywang/Proliferation/libs/00exp_wdy/stage04_mitosisDetection/step02_train_mitosis_detecotor/heatmap_mc13_tr/heatmap/mitoses_image_data_cn/03/09_label.png
mitoses_image_data_cn/03/10.tif_nc.png /home/dywang/Proliferation/libs/00exp_wdy/stage04_mitosisDetection/step02_train_mitosis_detecotor/heatmap_mc13_tr/heatmap/mitoses_image_data_cn/03/10_label.png
mitoses_image_data_cn/03/11.tif_nc.png /home/dywang/Proliferation/libs/00exp_wdy/stage04_mitosisDetection/step02_train_mitosis_detecotor/heatmap_mc13_tr/heatmap/mitoses_image_data_cn/03/11_label.png
mitoses_image_data_cn/03/12.tif_nc.png /home/dywang/Proliferation/libs/00exp_wdy/stage04_mitosisDetection/step02_train_mitosis_detecotor/heatmap_mc13_tr/heatmap/mitoses_image_data_cn/03/12_label.png
mitoses_image_data_cn/03/13.tif_nc.png /home/dywang/Proliferation/libs/00exp_wdy/stage04_mitosisDetection/step02_train_mitosis_detecotor/heatmap_mc13_tr/heatmap/mitoses_image_data_cn/03/13_label.png
mitoses_image_data_cn/03/14.tif_nc.png /home/dywang/Proliferation/libs/00exp_wdy/stage04_mitosisDetection/step02_train_mitosis_detecotor/heatmap_mc13_tr/heatmap/mitoses_image_data_cn/03/14_label.png
mitoses_image_data_cn/03/15.tif_nc.png /home/dywang/Proliferation/libs/00exp_wdy/stage04_mitosisDetection/step02_train_mitosis_detecotor/heatmap_mc13_tr/heatmap/mitoses_image_data_cn/03/15_label.png
mitoses_image_data_cn/03/16.tif_nc.png /home/dywang/Proliferation/libs/00exp_wdy/stage04_mitosisDetection/step02_train_mitosis_detecotor/heatmap_mc13_tr/heatmap/mitoses_image_data_cn/03/16_label.png
mitoses_image_data_cn/04/01.tif_nc.png /home/dywang/Proliferation/libs/00exp_wdy/stage04_mitosisDetection/step02_train_mitosis_detecotor/heatmap_mc13_tr/heatmap/mitoses_image_data_cn/04/01_label.png
mitoses_image_data_cn/04/02.tif_nc.png /home/dywang/Proliferation/libs/00exp_wdy/stage04_mitosisDetection/step02_train_mitosis_detecotor/heatmap_mc13_tr/heatmap/mitoses_image_data_cn/04/02_label.png
mitoses_image_data_cn/04/03.tif_nc.png /home/dywang/Proliferation/libs/00exp_wdy/stage04_mitosisDetection/step02_train_mitosis_detecotor/heatmap_mc13_tr/heatmap/mitoses_image_data_cn/04/03_label.png
mitoses_image_data_cn/04/04.tif_nc.png /home/dywang/Proliferation/libs/00exp_wdy/stage04_mitosisDetection/step02_train_mitosis_detecotor/heatmap_mc13_tr/heatmap/mitoses_image_data_cn/04/04_label.png
mitoses_image_data_cn/04/05.tif_nc.png /home/dywang/Proliferation/libs/00exp_wdy/stage04_mitosisDetection/step02_train_mitosis_detecotor/heatmap_mc13_tr/heatmap/mitoses_image_data_cn/04/05_label.png
mitoses_image_data_cn/04/06.tif_nc.png /home/dywang/Proliferation/libs/00exp_wdy/stage04_mitosisDetection/step02_train_mitosis_detecotor/heatmap_mc13_tr/heatmap/mitoses_image_data_cn/04/06_label.png
mitoses_image_data_cn/04/07.tif_nc.png /home/dywang/Proliferation/libs/00exp_wdy/stage04_mitosisDetection/step02_train_mitosis_detecotor/heatmap_mc13_tr/heatmap/mitoses_image_data_cn/04/07_label.png
mitoses_image_data_cn/04/08.tif_nc.png /home/dywang/Proliferation/libs/00exp_wdy/stage04_mitosisDetection/step02_train_mitosis_detecotor/heatmap_mc13_tr/heatmap/mitoses_image_data_cn/04/08_label.png
mitoses_image_data_cn/04/09.tif_nc.png /home/dywang/Proliferation/libs/00exp_wdy/stage04_mitosisDetection/step02_train_mitosis_detecotor/heatmap_mc13_tr/heatmap/mitoses_image_data_cn/04/09_label.png
mitoses_image_data_cn/04/10.tif_nc.png /home/dywang/Proliferation/libs/00exp_wdy/stage04_mitosisDetection/step02_train_mitosis_detecotor/heatmap_mc13_tr/heatmap/mitoses_image_data_cn/04/10_label.png
mitoses_image_data_cn/04/11.tif_nc.png /home/dywang/Proliferation/libs/00exp_wdy/stage04_mitosisDetection/step02_train_mitosis_detecotor/heatmap_mc13_tr/heatmap/mitoses_image_data_cn/04/11_label.png
mitoses_image_data_cn/04/12.tif_nc.png /home/dywang/Proliferation/libs/00exp_wdy/stage04_mitosisDetection/step02_train_mitosis_detecotor/heatmap_mc13_tr/heatmap/mitoses_image_data_cn/04/12_label.png
mitoses_image_data_cn/04/13.tif_nc.png /home/dywang/Proliferation/libs/00exp_wdy/stage04_mitosisDetection/step02_train_mitosis_detecotor/heatmap_mc13_tr/heatmap/mitoses_image_data_cn/04/13_label.png
mitoses_image_data_cn/04/14.tif_nc.png /home/dywang/Proliferation/libs/00exp_wdy/stage04_mitosisDetection/step02_train_mitosis_detecotor/heatmap_mc13_tr/heatmap/mitoses_image_data_cn/04/14_label.png
mitoses_image_data_cn/04/15.tif_nc.png /home/dywang/Proliferation/libs/00exp_wdy/stage04_mitosisDetection/step02_train_mitosis_detecotor/heatmap_mc13_tr/heatmap/mitoses_image_data_cn/04/15_label.png
mitoses_image_data_cn/04/16.tif_nc.png /home/dywang/Proliferation/libs/00exp_wdy/stage04_mitosisDetection/step02_train_mitosis_detecotor/heatmap_mc13_tr/heatmap/mitoses_image_data_cn/04/16_label.png
mitoses_image_data_cn/04/17.tif_nc.png /home/dywang/Proliferation/libs/00exp_wdy/stage04_mitosisDetection/step02_train_mitosis_detecotor/heatmap_mc13_tr/heatmap/mitoses_image_data_cn/04/17_label.png
mitoses_image_data_cn/04/18.tif_nc.png /home/dywang/Proliferation/libs/00exp_wdy/stage04_mitosisDetection/step02_train_mitosis_detecotor/heatmap_mc13_tr/heatmap/mitoses_image_data_cn/04/18_label.png
mitoses_image_data_cn/04/19.tif_nc.png /home/dywang/Proliferation/libs/00exp_wdy/stage04_mitosisDetection/step02_train_mitosis_detecotor/heatmap_mc13_tr/heatmap/mitoses_image_data_cn/04/19_label.png
mitoses_image_data_cn/04/20.tif_nc.png /home/dywang/Proliferation/libs/00exp_wdy/stage04_mitosisDetection/step02_train_mitosis_detecotor/heatmap_mc13_tr/heatmap/mitoses_image_data_cn/04/20_label.png
mitoses_image_data_cn/04/21.tif_nc.png /home/dywang/Proliferation/libs/00exp_wdy/stage04_mitosisDetection/step02_train_mitosis_detecotor/heatmap_mc13_tr/heatmap/mitoses_image_data_cn/04/21_label.png
mitoses_image_data_cn/04/22.tif_nc.png /home/dywang/Proliferation/libs/00exp_wdy/stage04_mitosisDetection/step02_train_mitosis_detecotor/heatmap_mc13_tr/heatmap/mitoses_image_data_cn/04/22_label.png
mitoses_image_data_cn/04/23.tif_nc.png /home/dywang/Proliferation/libs/00exp_wdy/stage04_mitosisDetection/step02_train_mitosis_detecotor/heatmap_mc13_tr/heatmap/mitoses_image_data_cn/04/23_label.png
mitoses_image_data_cn/04/24.tif_nc.png /home/dywang/Proliferation/libs/00exp_wdy/stage04_mitosisDetection/step02_train_mitosis_detecotor/heatmap_mc13_tr/heatmap/mitoses_image_data_cn/04/24_label.png
mitoses_image_data_cn/04/25.tif_nc.png /home/dywang/Proliferation/libs/00exp_wdy/stage04_mitosisDetection/step02_train_mitosis_detecotor/heatmap_mc13_tr/heatmap/mitoses_image_data_cn/04/25_label.png
mitoses_image_data_cn/04/26.tif_nc.png /home/dywang/Proliferation/libs/00exp_wdy/stage04_mitosisDetection/step02_train_mitosis_detecotor/heatmap_mc13_tr/heatmap/mitoses_image_data_cn/04/26_label.png
mitoses_image_data_cn/04/27.tif_nc.png /home/dywang/Proliferation/libs/00exp_wdy/stage04_mitosisDetection/step02_train_mitosis_detecotor/heatmap_mc13_tr/heatmap/mitoses_image_data_cn/04/27_label.png
mitoses_image_data_cn/04/28.tif_nc.png /home/dywang/Proliferation/libs/00exp_wdy/stage04_mitosisDetection/step02_train_mitosis_detecotor/heatmap_mc13_tr/heatmap/mitoses_image_data_cn/04/28_label.png
mitoses_image_data_cn/04/29.tif_nc.png /home/dywang/Proliferation/libs/00exp_wdy/stage04_mitosisDetection/step02_train_mitosis_detecotor/heatmap_mc13_tr/heatmap/mitoses_image_data_cn/04/29_label.png
mitoses_image_data_cn/04/30.tif_nc.png /home/dywang/Proliferation/libs/00exp_wdy/stage04_mitosisDetection/step02_train_mitosis_detecotor/heatmap_mc13_tr/heatmap/mitoses_image_data_cn/04/30_label.png
mitoses_image_data_cn/04/31.tif_nc.png /home/dywang/Proliferation/libs/00exp_wdy/stage04_mitosisDetection/step02_train_mitosis_detecotor/heatmap_mc13_tr/heatmap/mitoses_image_data_cn/04/31_label.png
mitoses_image_data_cn/04/32.tif_nc.png /home/dywang/Proliferation/libs/00exp_wdy/stage04_mitosisDetection/step02_train_mitosis_detecotor/heatmap_mc13_tr/heatmap/mitoses_image_data_cn/04/32_label.png
mitoses_image_data_cn/04/33.tif_nc.png /home/dywang/Proliferation/libs/00exp_wdy/stage04_mitosisDetection/step02_train_mitosis_detecotor/heatmap_mc13_tr/heatmap/mitoses_image_data_cn/04/33_label.png
mitoses_image_data_cn/04/34.tif_nc.png /home/dywang/Proliferation/libs/00exp_wdy/stage04_mitosisDetection/step02_train_mitosis_detecotor/heatmap_mc13_tr/heatmap/mitoses_image_data_cn/04/34_label.png
mitoses_image_data_cn/04/35.tif_nc.png /home/dywang/Proliferation/libs/00exp_wdy/stage04_mitosisDetection/step02_train_mitosis_detecotor/heatmap_mc13_tr/heatmap/mitoses_image_data_cn/04/35_label.png
mitoses_image_data_cn/04/36.tif_nc.png /home/dywang/Proliferation/libs/00exp_wdy/stage04_mitosisDetection/step02_train_mitosis_detecotor/heatmap_mc13_tr/heatmap/mitoses_image_data_cn/04/36_label.png
mitoses_image_data_cn/04/37.tif_nc.png /home/dywang/Proliferation/libs/00exp_wdy/stage04_mitosisDetection/step02_train_mitosis_detecotor/heatmap_mc13_tr/heatmap/mitoses_image_data_cn/04/37_label.png
mitoses_image_data_cn/04/38.tif_nc.png /home/dywang/Proliferation/libs/00exp_wdy/stage04_mitosisDetection/step02_train_mitosis_detecotor/heatmap_mc13_tr/heatmap/mitoses_image_data_cn/04/38_label.png
mitoses_image_data_cn/04/39.tif_nc.png /home/dywang/Proliferation/libs/00exp_wdy/stage04_mitosisDetection/step02_train_mitosis_detecotor/heatmap_mc13_tr/heatmap/mitoses_image_data_cn/04/39_label.png
mitoses_image_data_cn/04/40.tif_nc.png /home/dywang/Proliferation/libs/00exp_wdy/stage04_mitosisDetection/step02_train_mitosis_detecotor/heatmap_mc13_tr/heatmap/mitoses_image_data_cn/04/40_label.png
mitoses_image_data_cn/04/41.tif_nc.png /home/dywang/Proliferation/libs/00exp_wdy/stage04_mitosisDetection/step02_train_mitosis_detecotor/heatmap_mc13_tr/heatmap/mitoses_image_data_cn/04/41_label.png
mitoses_image_data_cn/04/42.tif_nc.png /home/dywang/Proliferation/libs/00exp_wdy/stage04_mitosisDetection/step02_train_mitosis_detecotor/heatmap_mc13_tr/heatmap/mitoses_image_data_cn/04/42_label.png
mitoses_image_data_cn/04/43.tif_nc.png /home/dywang/Proliferation/libs/00exp_wdy/stage04_mitosisDetection/step02_train_mitosis_detecotor/heatmap_mc13_tr/heatmap/mitoses_image_data_cn/04/43_label.png
mitoses_image_data_cn/04/44.tif_nc.png /home/dywang/Proliferation/libs/00exp_wdy/stage04_mitosisDetection/step02_train_mitosis_detecotor/heatmap_mc13_tr/heatmap/mitoses_image_data_cn/04/44_label.png
mitoses_image_data_cn/04/45.tif_nc.png /home/dywang/Proliferation/libs/00exp_wdy/stage04_mitosisDetection/step02_train_mitosis_detecotor/heatmap_mc13_tr/heatmap/mitoses_image_data_cn/04/45_label.png
mitoses_image_data_cn/04/46.tif_nc.png /home/dywang/Proliferation/libs/00exp_wdy/stage04_mitosisDetection/step02_train_mitosis_detecotor/heatmap_mc13_tr/heatmap/mitoses_image_data_cn/04/46_label.png
mitoses_image_data_cn/04/47.tif_nc.png /home/dywang/Proliferation/libs/00exp_wdy/stage04_mitosisDetection/step02_train_mitosis_detecotor/heatmap_mc13_tr/heatmap/mitoses_image_data_cn/04/47_label.png
mitoses_image_data_cn/04/48.tif_nc.png /home/dywang/Proliferation/libs/00exp_wdy/stage04_mitosisDetection/step02_train_mitosis_detecotor/heatmap_mc13_tr/heatmap/mitoses_image_data_cn/04/48_label.png
mitoses_image_data_cn/04/49.tif_nc.png /home/dywang/Proliferation/libs/00exp_wdy/stage04_mitosisDetection/step02_train_mitosis_detecotor/heatmap_mc13_tr/heatmap/mitoses_image_data_cn/04/49_label.png
mitoses_image_data_cn/04/50.tif_nc.png /home/dywang/Proliferation/libs/00exp_wdy/stage04_mitosisDetection/step02_train_mitosis_detecotor/heatmap_mc13_tr/heatmap/mitoses_image_data_cn/04/50_label.png
mitoses_image_data_cn/04/51.tif_nc.png /home/dywang/Proliferation/libs/00exp_wdy/stage04_mitosisDetection/step02_train_mitosis_detecotor/heatmap_mc13_tr/heatmap/mitoses_image_data_cn/04/51_label.png
mitoses_image_data_cn/04/52.tif_nc.png /home/dywang/Proliferation/libs/00exp_wdy/stage04_mitosisDetection/step02_train_mitosis_detecotor/heatmap_mc13_tr/heatmap/mitoses_image_data_cn/04/52_label.png
mitoses_image_data_cn/04/53.tif_nc.png /home/dywang/Proliferation/libs/00exp_wdy/stage04_mitosisDetection/step02_train_mitosis_detecotor/heatmap_mc13_tr/heatmap/mitoses_image_data_cn/04/53_label.png
mitoses_image_data_cn/04/54.tif_nc.png /home/dywang/Proliferation/libs/00exp_wdy/stage04_mitosisDetection/step02_train_mitosis_detecotor/heatmap_mc13_tr/heatmap/mitoses_image_data_cn/04/54_label.png
mitoses_image_data_cn/04/55.tif_nc.png /home/dywang/Proliferation/libs/00exp_wdy/stage04_mitosisDetection/step02_train_mitosis_detecotor/heatmap_mc13_tr/heatmap/mitoses_image_data_cn/04/55_label.png
mitoses_image_data_cn/04/56.tif_nc.png /home/dywang/Proliferation/libs/00exp_wdy/stage04_mitosisDetection/step02_train_mitosis_detecotor/heatmap_mc13_tr/heatmap/mitoses_image_data_cn/04/56_label.png
mitoses_image_data_cn/04/57.tif_nc.png /home/dywang/Proliferation/libs/00exp_wdy/stage04_mitosisDetection/step02_train_mitosis_detecotor/heatmap_mc13_tr/heatmap/mitoses_image_data_cn/04/57_label.png
mitoses_image_data_cn/04/58.tif_nc.png /home/dywang/Proliferation/libs/00exp_wdy/stage04_mitosisDetection/step02_train_mitosis_detecotor/heatmap_mc13_tr/heatmap/mitoses_image_data_cn/04/58_label.png
mitoses_image_data_cn/04/59.tif_nc.png /home/dywang/Proliferation/libs/00exp_wdy/stage04_mitosisDetection/step02_train_mitosis_detecotor/heatmap_mc13_tr/heatmap/mitoses_image_data_cn/04/59_label.png
mitoses_image_data_cn/04/60.tif_nc.png /home/dywang/Proliferation/libs/00exp_wdy/stage04_mitosisDetection/step02_train_mitosis_detecotor/heatmap_mc13_tr/heatmap/mitoses_image_data_cn/04/60_label.png
mitoses_image_data_cn/04/61.tif_nc.png /home/dywang/Proliferation/libs/00exp_wdy/stage04_mitosisDetection/step02_train_mitosis_detecotor/heatmap_mc13_tr/heatmap/mitoses_image_data_cn/04/61_label.png
mitoses_image_data_cn/05/01.tif_nc.png /home/dywang/Proliferation/libs/00exp_wdy/stage04_mitosisDetection/step02_train_mitosis_detecotor/heatmap_mc13_tr/heatmap/mitoses_image_data_cn/05/01_label.png
mitoses_image_data_cn/05/02.tif_nc.png /home/dywang/Proliferation/libs/00exp_wdy/stage04_mitosisDetection/step02_train_mitosis_detecotor/heatmap_mc13_tr/heatmap/mitoses_image_data_cn/05/02_label.png
mitoses_image_data_cn/05/03.tif_nc.png /home/dywang/Proliferation/libs/00exp_wdy/stage04_mitosisDetection/step02_train_mitosis_detecotor/heatmap_mc13_tr/heatmap/mitoses_image_data_cn/05/03_label.png
mitoses_image_data_cn/05/04.tif_nc.png /home/dywang/Proliferation/libs/00exp_wdy/stage04_mitosisDetection/step02_train_mitosis_detecotor/heatmap_mc13_tr/heatmap/mitoses_image_data_cn/05/04_label.png
mitoses_image_data_cn/05/05.tif_nc.png /home/dywang/Proliferation/libs/00exp_wdy/stage04_mitosisDetection/step02_train_mitosis_detecotor/heatmap_mc13_tr/heatmap/mitoses_image_data_cn/05/05_label.png
mitoses_image_data_cn/05/06.tif_nc.png /home/dywang/Proliferation/libs/00exp_wdy/stage04_mitosisDetection/step02_train_mitosis_detecotor/heatmap_mc13_tr/heatmap/mitoses_image_data_cn/05/06_label.png
mitoses_image_data_cn/05/07.tif_nc.png /home/dywang/Proliferation/libs/00exp_wdy/stage04_mitosisDetection/step02_train_mitosis_detecotor/heatmap_mc13_tr/heatmap/mitoses_image_data_cn/05/07_label.png
mitoses_image_data_cn/05/08.tif_nc.png /home/dywang/Proliferation/libs/00exp_wdy/stage04_mitosisDetection/step02_train_mitosis_detecotor/heatmap_mc13_tr/heatmap/mitoses_image_data_cn/05/08_label.png
mitoses_image_data_cn/05/09.tif_nc.png /home/dywang/Proliferation/libs/00exp_wdy/stage04_mitosisDetection/step02_train_mitosis_detecotor/heatmap_mc13_tr/heatmap/mitoses_image_data_cn/05/09_label.png
mitoses_image_data_cn/05/10.tif_nc.png /home/dywang/Proliferation/libs/00exp_wdy/stage04_mitosisDetection/step02_train_mitosis_detecotor/heatmap_mc13_tr/heatmap/mitoses_image_data_cn/05/10_label.png
mitoses_image_data_cn/06/01.tif_nc.png /home/dywang/Proliferation/libs/00exp_wdy/stage04_mitosisDetection/step02_train_mitosis_detecotor/heatmap_mc13_tr/heatmap/mitoses_image_data_cn/06/01_label.png
mitoses_image_data_cn/06/02.tif_nc.png /home/dywang/Proliferation/libs/00exp_wdy/stage04_mitosisDetection/step02_train_mitosis_detecotor/heatmap_mc13_tr/heatmap/mitoses_image_data_cn/06/02_label.png
mitoses_image_data_cn/06/03.tif_nc.png /home/dywang/Proliferation/libs/00exp_wdy/stage04_mitosisDetection/step02_train_mitosis_detecotor/heatmap_mc13_tr/heatmap/mitoses_image_data_cn/06/03_label.png
mitoses_image_data_cn/06/04.tif_nc.png /home/dywang/Proliferation/libs/00exp_wdy/stage04_mitosisDetection/step02_train_mitosis_detecotor/heatmap_mc13_tr/heatmap/mitoses_image_data_cn/06/04_label.png
mitoses_image_data_cn/06/05.tif_nc.png /home/dywang/Proliferation/libs/00exp_wdy/stage04_mitosisDetection/step02_train_mitosis_detecotor/heatmap_mc13_tr/heatmap/mitoses_image_data_cn/06/05_label.png
mitoses_image_data_cn/06/06.tif_nc.png /home/dywang/Proliferation/libs/00exp_wdy/stage04_mitosisDetection/step02_train_mitosis_detecotor/heatmap_mc13_tr/heatmap/mitoses_image_data_cn/06/06_label.png
mitoses_image_data_cn/06/07.tif_nc.png /home/dywang/Proliferation/libs/00exp_wdy/stage04_mitosisDetection/step02_train_mitosis_detecotor/heatmap_mc13_tr/heatmap/mitoses_image_data_cn/06/07_label.png
mitoses_image_data_cn/06/08.tif_nc.png /home/dywang/Proliferation/libs/00exp_wdy/stage04_mitosisDetection/step02_train_mitosis_detecotor/heatmap_mc13_tr/heatmap/mitoses_image_data_cn/06/08_label.png
mitoses_image_data_cn/06/09.tif_nc.png /home/dywang/Proliferation/libs/00exp_wdy/stage04_mitosisDetection/step02_train_mitosis_detecotor/heatmap_mc13_tr/heatmap/mitoses_image_data_cn/06/09_label.png
mitoses_image_data_cn/06/10.tif_nc.png /home/dywang/Proliferation/libs/00exp_wdy/stage04_mitosisDetection/step02_train_mitosis_detecotor/heatmap_mc13_tr/heatmap/mitoses_image_data_cn/06/10_label.png
mitoses_image_data_cn/06/11.tif_nc.png /home/dywang/Proliferation/libs/00exp_wdy/stage04_mitosisDetection/step02_train_mitosis_detecotor/heatmap_mc13_tr/heatmap/mitoses_image_data_cn/06/11_label.png
mitoses_image_data_cn/06/12.tif_nc.png /home/dywang/Proliferation/libs/00exp_wdy/stage04_mitosisDetection/step02_train_mitosis_detecotor/heatmap_mc13_tr/heatmap/mitoses_image_data_cn/06/12_label.png
mitoses_image_data_cn/06/13.tif_nc.png /home/dywang/Proliferation/libs/00exp_wdy/stage04_mitosisDetection/step02_train_mitosis_detecotor/heatmap_mc13_tr/heatmap/mitoses_image_data_cn/06/13_label.png
mitoses_image_data_cn/06/14.tif_nc.png /home/dywang/Proliferation/libs/00exp_wdy/stage04_mitosisDetection/step02_train_mitosis_detecotor/heatmap_mc13_tr/heatmap/mitoses_image_data_cn/06/14_label.png
mitoses_image_data_cn/06/15.tif_nc.png /home/dywang/Proliferation/libs/00exp_wdy/stage04_mitosisDetection/step02_train_mitosis_detecotor/heatmap_mc13_tr/heatmap/mitoses_image_data_cn/06/15_label.png
mitoses_image_data_cn/06/16.tif_nc.png /home/dywang/Proliferation/libs/00exp_wdy/stage04_mitosisDetection/step02_train_mitosis_detecotor/heatmap_mc13_tr/heatmap/mitoses_image_data_cn/06/16_label.png
mitoses_image_data_cn/06/17.tif_nc.png /home/dywang/Proliferation/libs/00exp_wdy/stage04_mitosisDetection/step02_train_mitosis_detecotor/heatmap_mc13_tr/heatmap/mitoses_image_data_cn/06/17_label.png
mitoses_image_data_cn/06/18.tif_nc.png /home/dywang/Proliferation/libs/00exp_wdy/stage04_mitosisDetection/step02_train_mitosis_detecotor/heatmap_mc13_tr/heatmap/mitoses_image_data_cn/06/18_label.png
mitoses_image_data_cn/06/19.tif_nc.png /home/dywang/Proliferation/libs/00exp_wdy/stage04_mitosisDetection/step02_train_mitosis_detecotor/heatmap_mc13_tr/heatmap/mitoses_image_data_cn/06/19_label.png
mitoses_image_data_cn/06/20.tif_nc.png /home/dywang/Proliferation/libs/00exp_wdy/stage04_mitosisDetection/step02_train_mitosis_detecotor/heatmap_mc13_tr/heatmap/mitoses_image_data_cn/06/20_label.png
mitoses_image_data_cn/06/21.tif_nc.png /home/dywang/Proliferation/libs/00exp_wdy/stage04_mitosisDetection/step02_train_mitosis_detecotor/heatmap_mc13_tr/heatmap/mitoses_image_data_cn/06/21_label.png
mitoses_image_data_cn/06/22.tif_nc.png /home/dywang/Proliferation/libs/00exp_wdy/stage04_mitosisDetection/step02_train_mitosis_detecotor/heatmap_mc13_tr/heatmap/mitoses_image_data_cn/06/22_label.png
mitoses_image_data_cn/06/23.tif_nc.png /home/dywang/Proliferation/libs/00exp_wdy/stage04_mitosisDetection/step02_train_mitosis_detecotor/heatmap_mc13_tr/heatmap/mitoses_image_data_cn/06/23_label.png
mitoses_image_data_cn/06/24.tif_nc.png /home/dywang/Proliferation/libs/00exp_wdy/stage04_mitosisDetection/step02_train_mitosis_detecotor/heatmap_mc13_tr/heatmap/mitoses_image_data_cn/06/24_label.png
mitoses_image_data_cn/06/25.tif_nc.png /home/dywang/Proliferation/libs/00exp_wdy/stage04_mitosisDetection/step02_train_mitosis_detecotor/heatmap_mc13_tr/heatmap/mitoses_image_data_cn/06/25_label.png
mitoses_image_data_cn/06/26.tif_nc.png /home/dywang/Proliferation/libs/00exp_wdy/stage04_mitosisDetection/step02_train_mitosis_detecotor/heatmap_mc13_tr/heatmap/mitoses_image_data_cn/06/26_label.png
mitoses_image_data_cn/06/27.tif_nc.png /home/dywang/Proliferation/libs/00exp_wdy/stage04_mitosisDetection/step02_train_mitosis_detecotor/heatmap_mc13_tr/heatmap/mitoses_image_data_cn/06/27_label.png
mitoses_image_data_cn/06/28.tif_nc.png /home/dywang/Proliferation/libs/00exp_wdy/stage04_mitosisDetection/step02_train_mitosis_detecotor/heatmap_mc13_tr/heatmap/mitoses_image_data_cn/06/28_label.png
mitoses_image_data_cn/06/29.tif_nc.png /home/dywang/Proliferation/libs/00exp_wdy/stage04_mitosisDetection/step02_train_mitosis_detecotor/heatmap_mc13_tr/heatmap/mitoses_image_data_cn/06/29_label.png
mitoses_image_data_cn/06/30.tif_nc.png /home/dywang/Proliferation/libs/00exp_wdy/stage04_mitosisDetection/step02_train_mitosis_detecotor/heatmap_mc13_tr/heatmap/mitoses_image_data_cn/06/30_label.png
mitoses_image_data_cn/06/31.tif_nc.png /home/dywang/Proliferation/libs/00exp_wdy/stage04_mitosisDetection/step02_train_mitosis_detecotor/heatmap_mc13_tr/heatmap/mitoses_image_data_cn/06/31_label.png
mitoses_image_data_cn/06/32.tif_nc.png /home/dywang/Proliferation/libs/00exp_wdy/stage04_mitosisDetection/step02_train_mitosis_detecotor/heatmap_mc13_tr/heatmap/mitoses_image_data_cn/06/32_label.png
mitoses_image_data_cn/06/33.tif_nc.png /home/dywang/Proliferation/libs/00exp_wdy/stage04_mitosisDetection/step02_train_mitosis_detecotor/heatmap_mc13_tr/heatmap/mitoses_image_data_cn/06/33_label.png
mitoses_image_data_cn/06/34.tif_nc.png /home/dywang/Proliferation/libs/00exp_wdy/stage04_mitosisDetection/step02_train_mitosis_detecotor/heatmap_mc13_tr/heatmap/mitoses_image_data_cn/06/34_label.png
mitoses_image_data_cn/06/35.tif_nc.png /home/dywang/Proliferation/libs/00exp_wdy/stage04_mitosisDetection/step02_train_mitosis_detecotor/heatmap_mc13_tr/heatmap/mitoses_image_data_cn/06/35_label.png
mitoses_image_data_cn/06/36.tif_nc.png /home/dywang/Proliferation/libs/00exp_wdy/stage04_mitosisDetection/step02_train_mitosis_detecotor/heatmap_mc13_tr/heatmap/mitoses_image_data_cn/06/36_label.png
mitoses_image_data_cn/06/37.tif_nc.png /home/dywang/Proliferation/libs/00exp_wdy/stage04_mitosisDetection/step02_train_mitosis_detecotor/heatmap_mc13_tr/heatmap/mitoses_image_data_cn/06/37_label.png
mitoses_image_data_cn/06/38.tif_nc.png /home/dywang/Proliferation/libs/00exp_wdy/stage04_mitosisDetection/step02_train_mitosis_detecotor/heatmap_mc13_tr/heatmap/mitoses_image_data_cn/06/38_label.png
mitoses_image_data_cn/06/39.tif_nc.png /home/dywang/Proliferation/libs/00exp_wdy/stage04_mitosisDetection/step02_train_mitosis_detecotor/heatmap_mc13_tr/heatmap/mitoses_image_data_cn/06/39_label.png
mitoses_image_data_cn/06/40.tif_nc.png /home/dywang/Proliferation/libs/00exp_wdy/stage04_mitosisDetection/step02_train_mitosis_detecotor/heatmap_mc13_tr/heatmap/mitoses_image_data_cn/06/40_label.png
mitoses_image_data_cn/06/41.tif_nc.png /home/dywang/Proliferation/libs/00exp_wdy/stage04_mitosisDetection/step02_train_mitosis_detecotor/heatmap_mc13_tr/heatmap/mitoses_image_data_cn/06/41_label.png
mitoses_image_data_cn/06/42.tif_nc.png /home/dywang/Proliferation/libs/00exp_wdy/stage04_mitosisDetection/step02_train_mitosis_detecotor/heatmap_mc13_tr/heatmap/mitoses_image_data_cn/06/42_label.png
mitoses_image_data_cn/06/43.tif_nc.png /home/dywang/Proliferation/libs/00exp_wdy/stage04_mitosisDetection/step02_train_mitosis_detecotor/heatmap_mc13_tr/heatmap/mitoses_image_data_cn/06/43_label.png
mitoses_image_data_cn/06/44.tif_nc.png /home/dywang/Proliferation/libs/00exp_wdy/stage04_mitosisDetection/step02_train_mitosis_detecotor/heatmap_mc13_tr/heatmap/mitoses_image_data_cn/06/44_label.png
mitoses_image_data_cn/06/45.tif_nc.png /home/dywang/Proliferation/libs/00exp_wdy/stage04_mitosisDetection/step02_train_mitosis_detecotor/heatmap_mc13_tr/heatmap/mitoses_image_data_cn/06/45_label.png
mitoses_image_data_cn/06/46.tif_nc.png /home/dywang/Proliferation/libs/00exp_wdy/stage04_mitosisDetection/step02_train_mitosis_detecotor/heatmap_mc13_tr/heatmap/mitoses_image_data_cn/06/46_label.png
mitoses_image_data_cn/06/47.tif_nc.png /home/dywang/Proliferation/libs/00exp_wdy/stage04_mitosisDetection/step02_train_mitosis_detecotor/heatmap_mc13_tr/heatmap/mitoses_image_data_cn/06/47_label.png
mitoses_image_data_cn/06/48.tif_nc.png /home/dywang/Proliferation/libs/00exp_wdy/stage04_mitosisDetection/step02_train_mitosis_detecotor/heatmap_mc13_tr/heatmap/mitoses_image_data_cn/06/48_label.png
mitoses_image_data_cn/06/49.tif_nc.png /home/dywang/Proliferation/libs/00exp_wdy/stage04_mitosisDetection/step02_train_mitosis_detecotor/heatmap_mc13_tr/heatmap/mitoses_image_data_cn/06/49_label.png
mitoses_image_data_cn/06/50.tif_nc.png /home/dywang/Proliferation/libs/00exp_wdy/stage04_mitosisDetection/step02_train_mitosis_detecotor/heatmap_mc13_tr/heatmap/mitoses_image_data_cn/06/50_label.png
mitoses_image_data_cn/06/51.tif_nc.png /home/dywang/Proliferation/libs/00exp_wdy/stage04_mitosisDetection/step02_train_mitosis_detecotor/heatmap_mc13_tr/heatmap/mitoses_image_data_cn/06/51_label.png
mitoses_image_data_cn/06/52.tif_nc.png /home/dywang/Proliferation/libs/00exp_wdy/stage04_mitosisDetection/step02_train_mitosis_detecotor/heatmap_mc13_tr/heatmap/mitoses_image_data_cn/06/52_label.png
mitoses_image_data_cn/06/53.tif_nc.png /home/dywang/Proliferation/libs/00exp_wdy/stage04_mitosisDetection/step02_train_mitosis_detecotor/heatmap_mc13_tr/heatmap/mitoses_image_data_cn/06/53_label.png
mitoses_image_data_cn/06/54.tif_nc.png /home/dywang/Proliferation/libs/00exp_wdy/stage04_mitosisDetection/step02_train_mitosis_detecotor/heatmap_mc13_tr/heatmap/mitoses_image_data_cn/06/54_label.png
mitoses_image_data_cn/06/55.tif_nc.png /home/dywang/Proliferation/libs/00exp_wdy/stage04_mitosisDetection/step02_train_mitosis_detecotor/heatmap_mc13_tr/heatmap/mitoses_image_data_cn/06/55_label.png
mitoses_image_data_cn/06/56.tif_nc.png /home/dywang/Proliferation/libs/00exp_wdy/stage04_mitosisDetection/step02_train_mitosis_detecotor/heatmap_mc13_tr/heatmap/mitoses_image_data_cn/06/56_label.png
mitoses_image_data_cn/06/57.tif_nc.png /home/dywang/Proliferation/libs/00exp_wdy/stage04_mitosisDetection/step02_train_mitosis_detecotor/heatmap_mc13_tr/heatmap/mitoses_image_data_cn/06/57_label.png
mitoses_image_data_cn/06/58.tif_nc.png /home/dywang/Proliferation/libs/00exp_wdy/stage04_mitosisDetection/step02_train_mitosis_detecotor/heatmap_mc13_tr/heatmap/mitoses_image_data_cn/06/58_label.png
mitoses_image_data_cn/06/59.tif_nc.png /home/dywang/Proliferation/libs/00exp_wdy/stage04_mitosisDetection/step02_train_mitosis_detecotor/heatmap_mc13_tr/heatmap/mitoses_image_data_cn/06/59_label.png
mitoses_image_data_cn/06/60.tif_nc.png /home/dywang/Proliferation/libs/00exp_wdy/stage04_mitosisDetection/step02_train_mitosis_detecotor/heatmap_mc13_tr/heatmap/mitoses_image_data_cn/06/60_label.png
mitoses_image_data_cn/06/61.tif_nc.png /home/dywang/Proliferation/libs/00exp_wdy/stage04_mitosisDetection/step02_train_mitosis_detecotor/heatmap_mc13_tr/heatmap/mitoses_image_data_cn/06/61_label.png
mitoses_image_data_cn/07/01.tif_nc.png /home/dywang/Proliferation/libs/00exp_wdy/stage04_mitosisDetection/step02_train_mitosis_detecotor/heatmap_mc13_tr/heatmap/mitoses_image_data_cn/07/01_label.png
mitoses_image_data_cn/07/02.tif_nc.png /home/dywang/Proliferation/libs/00exp_wdy/stage04_mitosisDetection/step02_train_mitosis_detecotor/heatmap_mc13_tr/heatmap/mitoses_image_data_cn/07/02_label.png
mitoses_image_data_cn/07/03.tif_nc.png /home/dywang/Proliferation/libs/00exp_wdy/stage04_mitosisDetection/step02_train_mitosis_detecotor/heatmap_mc13_tr/heatmap/mitoses_image_data_cn/07/03_label.png
mitoses_image_data_cn/07/04.tif_nc.png /home/dywang/Proliferation/libs/00exp_wdy/stage04_mitosisDetection/step02_train_mitosis_detecotor/heatmap_mc13_tr/heatmap/mitoses_image_data_cn/07/04_label.png
mitoses_image_data_cn/07/05.tif_nc.png /home/dywang/Proliferation/libs/00exp_wdy/stage04_mitosisDetection/step02_train_mitosis_detecotor/heatmap_mc13_tr/heatmap/mitoses_image_data_cn/07/05_label.png
mitoses_image_data_cn/07/06.tif_nc.png /home/dywang/Proliferation/libs/00exp_wdy/stage04_mitosisDetection/step02_train_mitosis_detecotor/heatmap_mc13_tr/heatmap/mitoses_image_data_cn/07/06_label.png
mitoses_image_data_cn/07/07.tif_nc.png /home/dywang/Proliferation/libs/00exp_wdy/stage04_mitosisDetection/step02_train_mitosis_detecotor/heatmap_mc13_tr/heatmap/mitoses_image_data_cn/07/07_label.png
mitoses_image_data_cn/07/08.tif_nc.png /home/dywang/Proliferation/libs/00exp_wdy/stage04_mitosisDetection/step02_train_mitosis_detecotor/heatmap_mc13_tr/heatmap/mitoses_image_data_cn/07/08_label.png
mitoses_image_data_cn/07/09.tif_nc.png /home/dywang/Proliferation/libs/00exp_wdy/stage04_mitosisDetection/step02_train_mitosis_detecotor/heatmap_mc13_tr/heatmap/mitoses_image_data_cn/07/09_label.png
mitoses_image_data_cn/07/10.tif_nc.png /home/dywang/Proliferation/libs/00exp_wdy/stage04_mitosisDetection/step02_train_mitosis_detecotor/heatmap_mc13_tr/heatmap/mitoses_image_data_cn/07/10_label.png
mitoses_image_data_cn/07/11.tif_nc.png /home/dywang/Proliferation/libs/00exp_wdy/stage04_mitosisDetection/step02_train_mitosis_detecotor/heatmap_mc13_tr/heatmap/mitoses_image_data_cn/07/11_label.png
mitoses_image_data_cn/07/12.tif_nc.png /home/dywang/Proliferation/libs/00exp_wdy/stage04_mitosisDetection/step02_train_mitosis_detecotor/heatmap_mc13_tr/heatmap/mitoses_image_data_cn/07/12_label.png
mitoses_image_data_cn/07/13.tif_nc.png /home/dywang/Proliferation/libs/00exp_wdy/stage04_mitosisDetection/step02_train_mitosis_detecotor/heatmap_mc13_tr/heatmap/mitoses_image_data_cn/07/13_label.png
mitoses_image_data_cn/07/14.tif_nc.png /home/dywang/Proliferation/libs/00exp_wdy/stage04_mitosisDetection/step02_train_mitosis_detecotor/heatmap_mc13_tr/heatmap/mitoses_image_data_cn/07/14_label.png
mitoses_image_data_cn/07/15.tif_nc.png /home/dywang/Proliferation/libs/00exp_wdy/stage04_mitosisDetection/step02_train_mitosis_detecotor/heatmap_mc13_tr/heatmap/mitoses_image_data_cn/07/15_label.png
mitoses_image_data_cn/07/16.tif_nc.png /home/dywang/Proliferation/libs/00exp_wdy/stage04_mitosisDetection/step02_train_mitosis_detecotor/heatmap_mc13_tr/heatmap/mitoses_image_data_cn/07/16_label.png
mitoses_image_data_cn/07/17.tif_nc.png /home/dywang/Proliferation/libs/00exp_wdy/stage04_mitosisDetection/step02_train_mitosis_detecotor/heatmap_mc13_tr/heatmap/mitoses_image_data_cn/07/17_label.png
mitoses_image_data_cn/07/18.tif_nc.png /home/dywang/Proliferation/libs/00exp_wdy/stage04_mitosisDetection/step02_train_mitosis_detecotor/heatmap_mc13_tr/heatmap/mitoses_image_data_cn/07/18_label.png
mitoses_image_data_cn/07/19.tif_nc.png /home/dywang/Proliferation/libs/00exp_wdy/stage04_mitosisDetection/step02_train_mitosis_detecotor/heatmap_mc13_tr/heatmap/mitoses_image_data_cn/07/19_label.png
mitoses_image_data_cn/07/20.tif_nc.png /home/dywang/Proliferation/libs/00exp_wdy/stage04_mitosisDetection/step02_train_mitosis_detecotor/heatmap_mc13_tr/heatmap/mitoses_image_data_cn/07/20_label.png
mitoses_image_data_cn/07/21.tif_nc.png /home/dywang/Proliferation/libs/00exp_wdy/stage04_mitosisDetection/step02_train_mitosis_detecotor/heatmap_mc13_tr/heatmap/mitoses_image_data_cn/07/21_label.png
mitoses_image_data_cn/07/22.tif_nc.png /home/dywang/Proliferation/libs/00exp_wdy/stage04_mitosisDetection/step02_train_mitosis_detecotor/heatmap_mc13_tr/heatmap/mitoses_image_data_cn/07/22_label.png
mitoses_image_data_cn/07/23.tif_nc.png /home/dywang/Proliferation/libs/00exp_wdy/stage04_mitosisDetection/step02_train_mitosis_detecotor/heatmap_mc13_tr/heatmap/mitoses_image_data_cn/07/23_label.png
mitoses_image_data_cn/07/24.tif_nc.png /home/dywang/Proliferation/libs/00exp_wdy/stage04_mitosisDetection/step02_train_mitosis_detecotor/heatmap_mc13_tr/heatmap/mitoses_image_data_cn/07/24_label.png
mitoses_image_data_cn/07/25.tif_nc.png /home/dywang/Proliferation/libs/00exp_wdy/stage04_mitosisDetection/step02_train_mitosis_detecotor/heatmap_mc13_tr/heatmap/mitoses_image_data_cn/07/25_label.png
mitoses_image_data_cn/07/26.tif_nc.png /home/dywang/Proliferation/libs/00exp_wdy/stage04_mitosisDetection/step02_train_mitosis_detecotor/heatmap_mc13_tr/heatmap/mitoses_image_data_cn/07/26_label.png
mitoses_image_data_cn/07/27.tif_nc.png /home/dywang/Proliferation/libs/00exp_wdy/stage04_mitosisDetection/step02_train_mitosis_detecotor/heatmap_mc13_tr/heatmap/mitoses_image_data_cn/07/27_label.png
mitoses_image_data_cn/07/28.tif_nc.png /home/dywang/Proliferation/libs/00exp_wdy/stage04_mitosisDetection/step02_train_mitosis_detecotor/heatmap_mc13_tr/heatmap/mitoses_image_data_cn/07/28_label.png
mitoses_image_data_cn/07/29.tif_nc.png /home/dywang/Proliferation/libs/00exp_wdy/stage04_mitosisDetection/step02_train_mitosis_detecotor/heatmap_mc13_tr/heatmap/mitoses_image_data_cn/07/29_label.png
mitoses_image_data_cn/07/30.tif_nc.png /home/dywang/Proliferation/libs/00exp_wdy/stage04_mitosisDetection/step02_train_mitosis_detecotor/heatmap_mc13_tr/heatmap/mitoses_image_data_cn/07/30_label.png
mitoses_image_data_cn/07/31.tif_nc.png /home/dywang/Proliferation/libs/00exp_wdy/stage04_mitosisDetection/step02_train_mitosis_detecotor/heatmap_mc13_tr/heatmap/mitoses_image_data_cn/07/31_label.png
mitoses_image_data_cn/07/32.tif_nc.png /home/dywang/Proliferation/libs/00exp_wdy/stage04_mitosisDetection/step02_train_mitosis_detecotor/heatmap_mc13_tr/heatmap/mitoses_image_data_cn/07/32_label.png
mitoses_image_data_cn/07/33.tif_nc.png /home/dywang/Proliferation/libs/00exp_wdy/stage04_mitosisDetection/step02_train_mitosis_detecotor/heatmap_mc13_tr/heatmap/mitoses_image_data_cn/07/33_label.png
mitoses_image_data_cn/07/34.tif_nc.png /home/dywang/Proliferation/libs/00exp_wdy/stage04_mitosisDetection/step02_train_mitosis_detecotor/heatmap_mc13_tr/heatmap/mitoses_image_data_cn/07/34_label.png
mitoses_image_data_cn/07/35.tif_nc.png /home/dywang/Proliferation/libs/00exp_wdy/stage04_mitosisDetection/step02_train_mitosis_detecotor/heatmap_mc13_tr/heatmap/mitoses_image_data_cn/07/35_label.png
mitoses_image_data_cn/07/36.tif_nc.png /home/dywang/Proliferation/libs/00exp_wdy/stage04_mitosisDetection/step02_train_mitosis_detecotor/heatmap_mc13_tr/heatmap/mitoses_image_data_cn/07/36_label.png
mitoses_image_data_cn/07/37.tif_nc.png /home/dywang/Proliferation/libs/00exp_wdy/stage04_mitosisDetection/step02_train_mitosis_detecotor/heatmap_mc13_tr/heatmap/mitoses_image_data_cn/07/37_label.png
mitoses_image_data_cn/07/38.tif_nc.png /home/dywang/Proliferation/libs/00exp_wdy/stage04_mitosisDetection/step02_train_mitosis_detecotor/heatmap_mc13_tr/heatmap/mitoses_image_data_cn/07/38_label.png
mitoses_image_data_cn/07/39.tif_nc.png /home/dywang/Proliferation/libs/00exp_wdy/stage04_mitosisDetection/step02_train_mitosis_detecotor/heatmap_mc13_tr/heatmap/mitoses_image_data_cn/07/39_label.png
mitoses_image_data_cn/07/40.tif_nc.png /home/dywang/Proliferation/libs/00exp_wdy/stage04_mitosisDetection/step02_train_mitosis_detecotor/heatmap_mc13_tr/heatmap/mitoses_image_data_cn/07/40_label.png
mitoses_image_data_cn/07/41.tif_nc.png /home/dywang/Proliferation/libs/00exp_wdy/stage04_mitosisDetection/step02_train_mitosis_detecotor/heatmap_mc13_tr/heatmap/mitoses_image_data_cn/07/41_label.png
mitoses_image_data_cn/07/42.tif_nc.png /home/dywang/Proliferation/libs/00exp_wdy/stage04_mitosisDetection/step02_train_mitosis_detecotor/heatmap_mc13_tr/heatmap/mitoses_image_data_cn/07/42_label.png
mitoses_image_data_cn/07/43.tif_nc.png /home/dywang/Proliferation/libs/00exp_wdy/stage04_mitosisDetection/step02_train_mitosis_detecotor/heatmap_mc13_tr/heatmap/mitoses_image_data_cn/07/43_label.png
mitoses_image_data_cn/08/01.tif_nc.png /home/dywang/Proliferation/libs/00exp_wdy/stage04_mitosisDetection/step02_train_mitosis_detecotor/heatmap_mc13_tr/heatmap/mitoses_image_data_cn/08/01_label.png
mitoses_image_data_cn/08/02.tif_nc.png /home/dywang/Proliferation/libs/00exp_wdy/stage04_mitosisDetection/step02_train_mitosis_detecotor/heatmap_mc13_tr/heatmap/mitoses_image_data_cn/08/02_label.png
mitoses_image_data_cn/08/03.tif_nc.png /home/dywang/Proliferation/libs/00exp_wdy/stage04_mitosisDetection/step02_train_mitosis_detecotor/heatmap_mc13_tr/heatmap/mitoses_image_data_cn/08/03_label.png
mitoses_image_data_cn/08/04.tif_nc.png /home/dywang/Proliferation/libs/00exp_wdy/stage04_mitosisDetection/step02_train_mitosis_detecotor/heatmap_mc13_tr/heatmap/mitoses_image_data_cn/08/04_label.png
mitoses_image_data_cn/08/05.tif_nc.png /home/dywang/Proliferation/libs/00exp_wdy/stage04_mitosisDetection/step02_train_mitosis_detecotor/heatmap_mc13_tr/heatmap/mitoses_image_data_cn/08/05_label.png
mitoses_image_data_cn/08/06.tif_nc.png /home/dywang/Proliferation/libs/00exp_wdy/stage04_mitosisDetection/step02_train_mitosis_detecotor/heatmap_mc13_tr/heatmap/mitoses_image_data_cn/08/06_label.png
mitoses_image_data_cn/08/07.tif_nc.png /home/dywang/Proliferation/libs/00exp_wdy/stage04_mitosisDetection/step02_train_mitosis_detecotor/heatmap_mc13_tr/heatmap/mitoses_image_data_cn/08/07_label.png
mitoses_image_data_cn/08/08.tif_nc.png /home/dywang/Proliferation/libs/00exp_wdy/stage04_mitosisDetection/step02_train_mitosis_detecotor/heatmap_mc13_tr/heatmap/mitoses_image_data_cn/08/08_label.png
mitoses_image_data_cn/08/09.tif_nc.png /home/dywang/Proliferation/libs/00exp_wdy/stage04_mitosisDetection/step02_train_mitosis_detecotor/heatmap_mc13_tr/heatmap/mitoses_image_data_cn/08/09_label.png
mitoses_image_data_cn/08/10.tif_nc.png /home/dywang/Proliferation/libs/00exp_wdy/stage04_mitosisDetection/step02_train_mitosis_detecotor/heatmap_mc13_tr/heatmap/mitoses_image_data_cn/08/10_label.png
mitoses_image_data_cn/09/01.tif_nc.png /home/dywang/Proliferation/libs/00exp_wdy/stage04_mitosisDetection/step02_train_mitosis_detecotor/heatmap_mc13_tr/heatmap/mitoses_image_data_cn/09/01_label.png
mitoses_image_data_cn/09/02.tif_nc.png /home/dywang/Proliferation/libs/00exp_wdy/stage04_mitosisDetection/step02_train_mitosis_detecotor/heatmap_mc13_tr/heatmap/mitoses_image_data_cn/09/02_label.png
mitoses_image_data_cn/09/03.tif_nc.png /home/dywang/Proliferation/libs/00exp_wdy/stage04_mitosisDetection/step02_train_mitosis_detecotor/heatmap_mc13_tr/heatmap/mitoses_image_data_cn/09/03_label.png
mitoses_image_data_cn/09/04.tif_nc.png /home/dywang/Proliferation/libs/00exp_wdy/stage04_mitosisDetection/step02_train_mitosis_detecotor/heatmap_mc13_tr/heatmap/mitoses_image_data_cn/09/04_label.png
mitoses_image_data_cn/09/05.tif_nc.png /home/dywang/Proliferation/libs/00exp_wdy/stage04_mitosisDetection/step02_train_mitosis_detecotor/heatmap_mc13_tr/heatmap/mitoses_image_data_cn/09/05_label.png
mitoses_image_data_cn/09/06.tif_nc.png /home/dywang/Proliferation/libs/00exp_wdy/stage04_mitosisDetection/step02_train_mitosis_detecotor/heatmap_mc13_tr/heatmap/mitoses_image_data_cn/09/06_label.png
mitoses_image_data_cn/09/07.tif_nc.png /home/dywang/Proliferation/libs/00exp_wdy/stage04_mitosisDetection/step02_train_mitosis_detecotor/heatmap_mc13_tr/heatmap/mitoses_image_data_cn/09/07_label.png
mitoses_image_data_cn/09/08.tif_nc.png /home/dywang/Proliferation/libs/00exp_wdy/stage04_mitosisDetection/step02_train_mitosis_detecotor/heatmap_mc13_tr/heatmap/mitoses_image_data_cn/09/08_label.png
mitoses_image_data_cn/09/09.tif_nc.png /home/dywang/Proliferation/libs/00exp_wdy/stage04_mitosisDetection/step02_train_mitosis_detecotor/heatmap_mc13_tr/heatmap/mitoses_image_data_cn/09/09_label.png
mitoses_image_data_cn/09/10.tif_nc.png /home/dywang/Proliferation/libs/00exp_wdy/stage04_mitosisDetection/step02_train_mitosis_detecotor/heatmap_mc13_tr/heatmap/mitoses_image_data_cn/09/10_label.png
mitoses_image_data_cn/10/01.tif_nc.png /home/dywang/Proliferation/libs/00exp_wdy/stage04_mitosisDetection/step02_train_mitosis_detecotor/heatmap_mc13_tr/heatmap/mitoses_image_data_cn/10/01_label.png
mitoses_image_data_cn/10/02.tif_nc.png /home/dywang/Proliferation/libs/00exp_wdy/stage04_mitosisDetection/step02_train_mitosis_detecotor/heatmap_mc13_tr/heatmap/mitoses_image_data_cn/10/02_label.png
mitoses_image_data_cn/10/03.tif_nc.png /home/dywang/Proliferation/libs/00exp_wdy/stage04_mitosisDetection/step02_train_mitosis_detecotor/heatmap_mc13_tr/heatmap/mitoses_image_data_cn/10/03_label.png
mitoses_image_data_cn/10/04.tif_nc.png /home/dywang/Proliferation/libs/00exp_wdy/stage04_mitosisDetection/step02_train_mitosis_detecotor/heatmap_mc13_tr/heatmap/mitoses_image_data_cn/10/04_label.png
mitoses_image_data_cn/10/05.tif_nc.png /home/dywang/Proliferation/libs/00exp_wdy/stage04_mitosisDetection/step02_train_mitosis_detecotor/heatmap_mc13_tr/heatmap/mitoses_image_data_cn/10/05_label.png
mitoses_image_data_cn/10/06.tif_nc.png /home/dywang/Proliferation/libs/00exp_wdy/stage04_mitosisDetection/step02_train_mitosis_detecotor/heatmap_mc13_tr/heatmap/mitoses_image_data_cn/10/06_label.png
mitoses_image_data_cn/10/07.tif_nc.png /home/dywang/Proliferation/libs/00exp_wdy/stage04_mitosisDetection/step02_train_mitosis_detecotor/heatmap_mc13_tr/heatmap/mitoses_image_data_cn/10/07_label.png
mitoses_image_data_cn/10/08.tif_nc.png /home/dywang/Proliferation/libs/00exp_wdy/stage04_mitosisDetection/step02_train_mitosis_detecotor/heatmap_mc13_tr/heatmap/mitoses_image_data_cn/10/08_label.png
mitoses_image_data_cn/10/09.tif_nc.png /home/dywang/Proliferation/libs/00exp_wdy/stage04_mitosisDetection/step02_train_mitosis_detecotor/heatmap_mc13_tr/heatmap/mitoses_image_data_cn/10/09_label.png
mitoses_image_data_cn/10/10.tif_nc.png /home/dywang/Proliferation/libs/00exp_wdy/stage04_mitosisDetection/step02_train_mitosis_detecotor/heatmap_mc13_tr/heatmap/mitoses_image_data_cn/10/10_label.png
mitoses_image_data_cn/11/01.tif_nc.png /home/dywang/Proliferation/libs/00exp_wdy/stage04_mitosisDetection/step02_train_mitosis_detecotor/heatmap_mc13_tr/heatmap/mitoses_image_data_cn/11/01_label.png
mitoses_image_data_cn/11/02.tif_nc.png /home/dywang/Proliferation/libs/00exp_wdy/stage04_mitosisDetection/step02_train_mitosis_detecotor/heatmap_mc13_tr/heatmap/mitoses_image_data_cn/11/02_label.png
mitoses_image_data_cn/11/03.tif_nc.png /home/dywang/Proliferation/libs/00exp_wdy/stage04_mitosisDetection/step02_train_mitosis_detecotor/heatmap_mc13_tr/heatmap/mitoses_image_data_cn/11/03_label.png
mitoses_image_data_cn/11/04.tif_nc.png /home/dywang/Proliferation/libs/00exp_wdy/stage04_mitosisDetection/step02_train_mitosis_detecotor/heatmap_mc13_tr/heatmap/mitoses_image_data_cn/11/04_label.png
mitoses_image_data_cn/11/05.tif_nc.png /home/dywang/Proliferation/libs/00exp_wdy/stage04_mitosisDetection/step02_train_mitosis_detecotor/heatmap_mc13_tr/heatmap/mitoses_image_data_cn/11/05_label.png
mitoses_image_data_cn/11/06.tif_nc.png /home/dywang/Proliferation/libs/00exp_wdy/stage04_mitosisDetection/step02_train_mitosis_detecotor/heatmap_mc13_tr/heatmap/mitoses_image_data_cn/11/06_label.png
mitoses_image_data_cn/11/07.tif_nc.png /home/dywang/Proliferation/libs/00exp_wdy/stage04_mitosisDetection/step02_train_mitosis_detecotor/heatmap_mc13_tr/heatmap/mitoses_image_data_cn/11/07_label.png
mitoses_image_data_cn/11/08.tif_nc.png /home/dywang/Proliferation/libs/00exp_wdy/stage04_mitosisDetection/step02_train_mitosis_detecotor/heatmap_mc13_tr/heatmap/mitoses_image_data_cn/11/08_label.png
mitoses_image_data_cn/11/09.tif_nc.png /home/dywang/Proliferation/libs/00exp_wdy/stage04_mitosisDetection/step02_train_mitosis_detecotor/heatmap_mc13_tr/heatmap/mitoses_image_data_cn/11/09_label.png
mitoses_image_data_cn/11/10.tif_nc.png /home/dywang/Proliferation/libs/00exp_wdy/stage04_mitosisDetection/step02_train_mitosis_detecotor/heatmap_mc13_tr/heatmap/mitoses_image_data_cn/11/10_label.png
mitoses_image_data_cn/11/11.tif_nc.png /home/dywang/Proliferation/libs/00exp_wdy/stage04_mitosisDetection/step02_train_mitosis_detecotor/heatmap_mc13_tr/heatmap/mitoses_image_data_cn/11/11_label.png
mitoses_image_data_cn/11/12.tif_nc.png /home/dywang/Proliferation/libs/00exp_wdy/stage04_mitosisDetection/step02_train_mitosis_detecotor/heatmap_mc13_tr/heatmap/mitoses_image_data_cn/11/12_label.png
mitoses_image_data_cn/11/13.tif_nc.png /home/dywang/Proliferation/libs/00exp_wdy/stage04_mitosisDetection/step02_train_mitosis_detecotor/heatmap_mc13_tr/heatmap/mitoses_image_data_cn/11/13_label.png
mitoses_image_data_cn/12/01.tif_nc.png /home/dywang/Proliferation/libs/00exp_wdy/stage04_mitosisDetection/step02_train_mitosis_detecotor/heatmap_mc13_tr/heatmap/mitoses_image_data_cn/12/01_label.png
mitoses_image_data_cn/12/02.tif_nc.png /home/dywang/Proliferation/libs/00exp_wdy/stage04_mitosisDetection/step02_train_mitosis_detecotor/heatmap_mc13_tr/heatmap/mitoses_image_data_cn/12/02_label.png
mitoses_image_data_cn/12/03.tif_nc.png /home/dywang/Proliferation/libs/00exp_wdy/stage04_mitosisDetection/step02_train_mitosis_detecotor/heatmap_mc13_tr/heatmap/mitoses_image_data_cn/12/03_label.png
mitoses_image_data_cn/12/04.tif_nc.png /home/dywang/Proliferation/libs/00exp_wdy/stage04_mitosisDetection/step02_train_mitosis_detecotor/heatmap_mc13_tr/heatmap/mitoses_image_data_cn/12/04_label.png
mitoses_image_data_cn/12/05.tif_nc.png /home/dywang/Proliferation/libs/00exp_wdy/stage04_mitosisDetection/step02_train_mitosis_detecotor/heatmap_mc13_tr/heatmap/mitoses_image_data_cn/12/05_label.png
mitoses_image_data_cn/12/06.tif_nc.png /home/dywang/Proliferation/libs/00exp_wdy/stage04_mitosisDetection/step02_train_mitosis_detecotor/heatmap_mc13_tr/heatmap/mitoses_image_data_cn/12/06_label.png
mitoses_image_data_cn/12/07.tif_nc.png /home/dywang/Proliferation/libs/00exp_wdy/stage04_mitosisDetection/step02_train_mitosis_detecotor/heatmap_mc13_tr/heatmap/mitoses_image_data_cn/12/07_label.png
mitoses_image_data_cn/12/08.tif_nc.png /home/dywang/Proliferation/libs/00exp_wdy/stage04_mitosisDetection/step02_train_mitosis_detecotor/heatmap_mc13_tr/heatmap/mitoses_image_data_cn/12/08_label.png
mitoses_image_data_cn/12/09.tif_nc.png /home/dywang/Proliferation/libs/00exp_wdy/stage04_mitosisDetection/step02_train_mitosis_detecotor/heatmap_mc13_tr/heatmap/mitoses_image_data_cn/12/09_label.png
mitoses_image_data_cn/12/10.tif_nc.png /home/dywang/Proliferation/libs/00exp_wdy/stage04_mitosisDetection/step02_train_mitosis_detecotor/heatmap_mc13_tr/heatmap/mitoses_image_data_cn/12/10_label.png
