wsi/TUPAC-TR-001.svs wsi_msk/TUPAC-TR-001.png
wsi/TUPAC-TR-003.svs wsi_msk/TUPAC-TR-003.png
wsi/TUPAC-TR-004.svs wsi_msk/TUPAC-TR-004.png
wsi/TUPAC-TR-005.svs wsi_msk/TUPAC-TR-005.png
wsi/TUPAC-TR-006.svs wsi_msk/TUPAC-TR-006.png
wsi/TUPAC-TR-007.svs wsi_msk/TUPAC-TR-007.png
wsi/TUPAC-TR-008.svs wsi_msk/TUPAC-TR-008.png
wsi/TUPAC-TR-009.svs wsi_msk/TUPAC-TR-009.png
wsi/TUPAC-TR-010.svs wsi_msk/TUPAC-TR-010.png
wsi/TUPAC-TR-011.svs wsi_msk/TUPAC-TR-011.png
wsi/TUPAC-TR-012.svs wsi_msk/TUPAC-TR-012.png
wsi/TUPAC-TR-013.svs wsi_msk/TUPAC-TR-013.png
wsi/TUPAC-TR-014.svs wsi_msk/TUPAC-TR-014.png
wsi/TUPAC-TR-015.svs wsi_msk/TUPAC-TR-015.png
wsi/TUPAC-TR-016.svs wsi_msk/TUPAC-TR-016.png
wsi/TUPAC-TR-017.svs wsi_msk/TUPAC-TR-017.png
wsi/TUPAC-TR-018.svs wsi_msk/TUPAC-TR-018.png
wsi/TUPAC-TR-019.svs wsi_msk/TUPAC-TR-019.png
wsi/TUPAC-TR-020.svs wsi_msk/TUPAC-TR-020.png
wsi/TUPAC-TR-021.svs wsi_msk/TUPAC-TR-021.png
wsi/TUPAC-TR-022.svs wsi_msk/TUPAC-TR-022.png
wsi/TUPAC-TR-023.svs wsi_msk/TUPAC-TR-023.png
wsi/TUPAC-TR-024.svs wsi_msk/TUPAC-TR-024.png
wsi/TUPAC-TR-025.svs wsi_msk/TUPAC-TR-025.png
wsi/TUPAC-TR-026.svs wsi_msk/TUPAC-TR-026.png
wsi/TUPAC-TR-027.svs wsi_msk/TUPAC-TR-027.png
wsi/TUPAC-TR-028.svs wsi_msk/TUPAC-TR-028.png
wsi/TUPAC-TR-029.svs wsi_msk/TUPAC-TR-029.png
wsi/TUPAC-TR-030.svs wsi_msk/TUPAC-TR-030.png
wsi/TUPAC-TR-031.svs wsi_msk/TUPAC-TR-031.png
wsi/TUPAC-TR-032.svs wsi_msk/TUPAC-TR-032.png
wsi/TUPAC-TR-033.svs wsi_msk/TUPAC-TR-033.png
wsi/TUPAC-TR-034.svs wsi_msk/TUPAC-TR-034.png
wsi/TUPAC-TR-035.svs wsi_msk/TUPAC-TR-035.png
wsi/TUPAC-TR-036.svs wsi_msk/TUPAC-TR-036.png
wsi/TUPAC-TR-037.svs wsi_msk/TUPAC-TR-037.png
wsi/TUPAC-TR-038.svs wsi_msk/TUPAC-TR-038.png
wsi/TUPAC-TR-039.svs wsi_msk/TUPAC-TR-039.png
wsi/TUPAC-TR-040.svs wsi_msk/TUPAC-TR-040.png
wsi/TUPAC-TR-041.svs wsi_msk/TUPAC-TR-041.png
wsi/TUPAC-TR-042.svs wsi_msk/TUPAC-TR-042.png
wsi/TUPAC-TR-043.svs wsi_msk/TUPAC-TR-043.png
wsi/TUPAC-TR-044.svs wsi_msk/TUPAC-TR-044.png
wsi/TUPAC-TR-046.svs wsi_msk/TUPAC-TR-046.png
wsi/TUPAC-TR-047.svs wsi_msk/TUPAC-TR-047.png
wsi/TUPAC-TR-048.svs wsi_msk/TUPAC-TR-048.png
wsi/TUPAC-TR-049.svs wsi_msk/TUPAC-TR-049.png
wsi/TUPAC-TR-050.svs wsi_msk/TUPAC-TR-050.png
wsi/TUPAC-TR-051.svs wsi_msk/TUPAC-TR-051.png
wsi/TUPAC-TR-052.svs wsi_msk/TUPAC-TR-052.png
wsi/TUPAC-TR-053.svs wsi_msk/TUPAC-TR-053.png
wsi/TUPAC-TR-054.svs wsi_msk/TUPAC-TR-054.png
wsi/TUPAC-TR-055.svs wsi_msk/TUPAC-TR-055.png
wsi/TUPAC-TR-056.svs wsi_msk/TUPAC-TR-056.png
wsi/TUPAC-TR-057.svs wsi_msk/TUPAC-TR-057.png
wsi/TUPAC-TR-058.svs wsi_msk/TUPAC-TR-058.png
wsi/TUPAC-TR-059.svs wsi_msk/TUPAC-TR-059.png
wsi/TUPAC-TR-060.svs wsi_msk/TUPAC-TR-060.png
wsi/TUPAC-TR-061.svs wsi_msk/TUPAC-TR-061.png
wsi/TUPAC-TR-062.svs wsi_msk/TUPAC-TR-062.png
wsi/TUPAC-TR-063.svs wsi_msk/TUPAC-TR-063.png
wsi/TUPAC-TR-064.svs wsi_msk/TUPAC-TR-064.png
wsi/TUPAC-TR-065.svs wsi_msk/TUPAC-TR-065.png
wsi/TUPAC-TR-066.svs wsi_msk/TUPAC-TR-066.png
wsi/TUPAC-TR-067.svs wsi_msk/TUPAC-TR-067.png
wsi/TUPAC-TR-068.svs wsi_msk/TUPAC-TR-068.png
wsi/TUPAC-TR-069.svs wsi_msk/TUPAC-TR-069.png
wsi/TUPAC-TR-070.svs wsi_msk/TUPAC-TR-070.png
wsi/TUPAC-TR-071.svs wsi_msk/TUPAC-TR-071.png
wsi/TUPAC-TR-072.svs wsi_msk/TUPAC-TR-072.png
wsi/TUPAC-TR-073.svs wsi_msk/TUPAC-TR-073.png
wsi/TUPAC-TR-074.svs wsi_msk/TUPAC-TR-074.png
wsi/TUPAC-TR-075.svs wsi_msk/TUPAC-TR-075.png
wsi/TUPAC-TR-076.svs wsi_msk/TUPAC-TR-076.png
wsi/TUPAC-TR-077.svs wsi_msk/TUPAC-TR-077.png
wsi/TUPAC-TR-078.svs wsi_msk/TUPAC-TR-078.png
wsi/TUPAC-TR-079.svs wsi_msk/TUPAC-TR-079.png
wsi/TUPAC-TR-080.svs wsi_msk/TUPAC-TR-080.png
wsi/TUPAC-TR-081.svs wsi_msk/TUPAC-TR-081.png
wsi/TUPAC-TR-082.svs wsi_msk/TUPAC-TR-082.png
wsi/TUPAC-TR-083.svs wsi_msk/TUPAC-TR-083.png
wsi/TUPAC-TR-084.svs wsi_msk/TUPAC-TR-084.png
wsi/TUPAC-TR-085.svs wsi_msk/TUPAC-TR-085.png
wsi/TUPAC-TR-086.svs wsi_msk/TUPAC-TR-086.png
wsi/TUPAC-TR-087.svs wsi_msk/TUPAC-TR-087.png
wsi/TUPAC-TR-088.svs wsi_msk/TUPAC-TR-088.png
wsi/TUPAC-TR-089.svs wsi_msk/TUPAC-TR-089.png
wsi/TUPAC-TR-090.svs wsi_msk/TUPAC-TR-090.png
wsi/TUPAC-TR-092.svs wsi_msk/TUPAC-TR-092.png
wsi/TUPAC-TR-093.svs wsi_msk/TUPAC-TR-093.png
wsi/TUPAC-TR-094.svs wsi_msk/TUPAC-TR-094.png
wsi/TUPAC-TR-095.svs wsi_msk/TUPAC-TR-095.png
wsi/TUPAC-TR-096.svs wsi_msk/TUPAC-TR-096.png
wsi/TUPAC-TR-097.svs wsi_msk/TUPAC-TR-097.png
wsi/TUPAC-TR-098.svs wsi_msk/TUPAC-TR-098.png
wsi/TUPAC-TR-099.svs wsi_msk/TUPAC-TR-099.png
wsi/TUPAC-TR-100.svs wsi_msk/TUPAC-TR-100.png
wsi/TUPAC-TR-101.svs wsi_msk/TUPAC-TR-101.png
wsi/TUPAC-TR-102.svs wsi_msk/TUPAC-TR-102.png
wsi/TUPAC-TR-103.svs wsi_msk/TUPAC-TR-103.png
wsi/TUPAC-TR-104.svs wsi_msk/TUPAC-TR-104.png
wsi/TUPAC-TR-105.svs wsi_msk/TUPAC-TR-105.png
wsi/TUPAC-TR-106.svs wsi_msk/TUPAC-TR-106.png
wsi/TUPAC-TR-107.svs wsi_msk/TUPAC-TR-107.png
wsi/TUPAC-TR-108.svs wsi_msk/TUPAC-TR-108.png
wsi/TUPAC-TR-109.svs wsi_msk/TUPAC-TR-109.png
wsi/TUPAC-TR-110.svs wsi_msk/TUPAC-TR-110.png
wsi/TUPAC-TR-111.svs wsi_msk/TUPAC-TR-111.png
wsi/TUPAC-TR-113.svs wsi_msk/TUPAC-TR-113.png
wsi/TUPAC-TR-114.svs wsi_msk/TUPAC-TR-114.png
wsi/TUPAC-TR-115.svs wsi_msk/TUPAC-TR-115.png
wsi/TUPAC-TR-116.svs wsi_msk/TUPAC-TR-116.png
wsi/TUPAC-TR-117.svs wsi_msk/TUPAC-TR-117.png
wsi/TUPAC-TR-118.svs wsi_msk/TUPAC-TR-118.png
wsi/TUPAC-TR-119.svs wsi_msk/TUPAC-TR-119.png
wsi/TUPAC-TR-120.svs wsi_msk/TUPAC-TR-120.png
wsi/TUPAC-TR-121.svs wsi_msk/TUPAC-TR-121.png
wsi/TUPAC-TR-122.svs wsi_msk/TUPAC-TR-122.png
wsi/TUPAC-TR-123.svs wsi_msk/TUPAC-TR-123.png
wsi/TUPAC-TR-124.svs wsi_msk/TUPAC-TR-124.png
wsi/TUPAC-TR-125.svs wsi_msk/TUPAC-TR-125.png
wsi/TUPAC-TR-126.svs wsi_msk/TUPAC-TR-126.png
wsi/TUPAC-TR-127.svs wsi_msk/TUPAC-TR-127.png
wsi/TUPAC-TR-128.svs wsi_msk/TUPAC-TR-128.png
wsi/TUPAC-TR-129.svs wsi_msk/TUPAC-TR-129.png
wsi/TUPAC-TR-130.svs wsi_msk/TUPAC-TR-130.png
wsi/TUPAC-TR-131.svs wsi_msk/TUPAC-TR-131.png
wsi/TUPAC-TR-132.svs wsi_msk/TUPAC-TR-132.png
wsi/TUPAC-TR-133.svs wsi_msk/TUPAC-TR-133.png
wsi/TUPAC-TR-134.svs wsi_msk/TUPAC-TR-134.png
wsi/TUPAC-TR-135.svs wsi_msk/TUPAC-TR-135.png
wsi/TUPAC-TR-136.svs wsi_msk/TUPAC-TR-136.png
wsi/TUPAC-TR-137.svs wsi_msk/TUPAC-TR-137.png
wsi/TUPAC-TR-138.svs wsi_msk/TUPAC-TR-138.png
wsi/TUPAC-TR-139.svs wsi_msk/TUPAC-TR-139.png
wsi/TUPAC-TR-140.svs wsi_msk/TUPAC-TR-140.png
wsi/TUPAC-TR-141.svs wsi_msk/TUPAC-TR-141.png
wsi/TUPAC-TR-142.svs wsi_msk/TUPAC-TR-142.png
wsi/TUPAC-TR-143.svs wsi_msk/TUPAC-TR-143.png
wsi/TUPAC-TR-144.svs wsi_msk/TUPAC-TR-144.png
wsi/TUPAC-TR-145.svs wsi_msk/TUPAC-TR-145.png
wsi/TUPAC-TR-146.svs wsi_msk/TUPAC-TR-146.png
wsi/TUPAC-TR-147.svs wsi_msk/TUPAC-TR-147.png
wsi/TUPAC-TR-148.svs wsi_msk/TUPAC-TR-148.png
wsi/TUPAC-TR-149.svs wsi_msk/TUPAC-TR-149.png
wsi/TUPAC-TR-150.svs wsi_msk/TUPAC-TR-150.png
wsi/TUPAC-TR-151.svs wsi_msk/TUPAC-TR-151.png
wsi/TUPAC-TR-152.svs wsi_msk/TUPAC-TR-152.png
wsi/TUPAC-TR-153.svs wsi_msk/TUPAC-TR-153.png
wsi/TUPAC-TR-154.svs wsi_msk/TUPAC-TR-154.png
wsi/TUPAC-TR-155.svs wsi_msk/TUPAC-TR-155.png
wsi/TUPAC-TR-156.svs wsi_msk/TUPAC-TR-156.png
wsi/TUPAC-TR-157.svs wsi_msk/TUPAC-TR-157.png
wsi/TUPAC-TR-158.svs wsi_msk/TUPAC-TR-158.png
wsi/TUPAC-TR-159.svs wsi_msk/TUPAC-TR-159.png
wsi/TUPAC-TR-160.svs wsi_msk/TUPAC-TR-160.png
wsi/TUPAC-TR-161.svs wsi_msk/TUPAC-TR-161.png
wsi/TUPAC-TR-162.svs wsi_msk/TUPAC-TR-162.png
wsi/TUPAC-TR-163.svs wsi_msk/TUPAC-TR-163.png
wsi/TUPAC-TR-164.svs wsi_msk/TUPAC-TR-164.png
wsi/TUPAC-TR-165.svs wsi_msk/TUPAC-TR-165.png
wsi/TUPAC-TR-166.svs wsi_msk/TUPAC-TR-166.png
wsi/TUPAC-TR-167.svs wsi_msk/TUPAC-TR-167.png
wsi/TUPAC-TR-168.svs wsi_msk/TUPAC-TR-168.png
wsi/TUPAC-TR-169.svs wsi_msk/TUPAC-TR-169.png
wsi/TUPAC-TR-170.svs wsi_msk/TUPAC-TR-170.png
wsi/TUPAC-TR-171.svs wsi_msk/TUPAC-TR-171.png
wsi/TUPAC-TR-172.svs wsi_msk/TUPAC-TR-172.png
wsi/TUPAC-TR-173.svs wsi_msk/TUPAC-TR-173.png
wsi/TUPAC-TR-174.svs wsi_msk/TUPAC-TR-174.png
wsi/TUPAC-TR-175.svs wsi_msk/TUPAC-TR-175.png
wsi/TUPAC-TR-176.svs wsi_msk/TUPAC-TR-176.png
wsi/TUPAC-TR-177.svs wsi_msk/TUPAC-TR-177.png
wsi/TUPAC-TR-178.svs wsi_msk/TUPAC-TR-178.png
wsi/TUPAC-TR-179.svs wsi_msk/TUPAC-TR-179.png
wsi/TUPAC-TR-180.svs wsi_msk/TUPAC-TR-180.png
wsi/TUPAC-TR-181.svs wsi_msk/TUPAC-TR-181.png
wsi/TUPAC-TR-182.svs wsi_msk/TUPAC-TR-182.png
wsi/TUPAC-TR-183.svs wsi_msk/TUPAC-TR-183.png
wsi/TUPAC-TR-184.svs wsi_msk/TUPAC-TR-184.png
wsi/TUPAC-TR-185.svs wsi_msk/TUPAC-TR-185.png
wsi/TUPAC-TR-186.svs wsi_msk/TUPAC-TR-186.png
wsi/TUPAC-TR-187.svs wsi_msk/TUPAC-TR-187.png
wsi/TUPAC-TR-188.svs wsi_msk/TUPAC-TR-188.png
wsi/TUPAC-TR-189.svs wsi_msk/TUPAC-TR-189.png
wsi/TUPAC-TR-190.svs wsi_msk/TUPAC-TR-190.png
wsi/TUPAC-TR-191.svs wsi_msk/TUPAC-TR-191.png
wsi/TUPAC-TR-192.svs wsi_msk/TUPAC-TR-192.png
wsi/TUPAC-TR-193.svs wsi_msk/TUPAC-TR-193.png
wsi/TUPAC-TR-194.svs wsi_msk/TUPAC-TR-194.png
wsi/TUPAC-TR-195.svs wsi_msk/TUPAC-TR-195.png
wsi/TUPAC-TR-196.svs wsi_msk/TUPAC-TR-196.png
wsi/TUPAC-TR-197.svs wsi_msk/TUPAC-TR-197.png
wsi/TUPAC-TR-198.svs wsi_msk/TUPAC-TR-198.png
wsi/TUPAC-TR-199.svs wsi_msk/TUPAC-TR-199.png
wsi/TUPAC-TR-200.svs wsi_msk/TUPAC-TR-200.png
wsi/TUPAC-TR-201.svs wsi_msk/TUPAC-TR-201.png
wsi/TUPAC-TR-202.svs wsi_msk/TUPAC-TR-202.png
wsi/TUPAC-TR-203.svs wsi_msk/TUPAC-TR-203.png
wsi/TUPAC-TR-204.svs wsi_msk/TUPAC-TR-204.png
wsi/TUPAC-TR-206.svs wsi_msk/TUPAC-TR-206.png
wsi/TUPAC-TR-207.svs wsi_msk/TUPAC-TR-207.png
wsi/TUPAC-TR-208.svs wsi_msk/TUPAC-TR-208.png
wsi/TUPAC-TR-209.svs wsi_msk/TUPAC-TR-209.png
wsi/TUPAC-TR-210.svs wsi_msk/TUPAC-TR-210.png
wsi/TUPAC-TR-211.svs wsi_msk/TUPAC-TR-211.png
wsi/TUPAC-TR-212.svs wsi_msk/TUPAC-TR-212.png
wsi/TUPAC-TR-213.svs wsi_msk/TUPAC-TR-213.png
wsi/TUPAC-TR-214.svs wsi_msk/TUPAC-TR-214.png
wsi/TUPAC-TR-215.svs wsi_msk/TUPAC-TR-215.png
wsi/TUPAC-TR-216.svs wsi_msk/TUPAC-TR-216.png
wsi/TUPAC-TR-217.svs wsi_msk/TUPAC-TR-217.png
wsi/TUPAC-TR-218.svs wsi_msk/TUPAC-TR-218.png
wsi/TUPAC-TR-219.svs wsi_msk/TUPAC-TR-219.png
wsi/TUPAC-TR-220.svs wsi_msk/TUPAC-TR-220.png
wsi/TUPAC-TR-221.svs wsi_msk/TUPAC-TR-221.png
wsi/TUPAC-TR-222.svs wsi_msk/TUPAC-TR-222.png
wsi/TUPAC-TR-223.svs wsi_msk/TUPAC-TR-223.png
wsi/TUPAC-TR-224.svs wsi_msk/TUPAC-TR-224.png
wsi/TUPAC-TR-225.svs wsi_msk/TUPAC-TR-225.png
wsi/TUPAC-TR-226.svs wsi_msk/TUPAC-TR-226.png
wsi/TUPAC-TR-227.svs wsi_msk/TUPAC-TR-227.png
wsi/TUPAC-TR-228.svs wsi_msk/TUPAC-TR-228.png
wsi/TUPAC-TR-229.svs wsi_msk/TUPAC-TR-229.png
wsi/TUPAC-TR-230.svs wsi_msk/TUPAC-TR-230.png
wsi/TUPAC-TR-231.svs wsi_msk/TUPAC-TR-231.png
wsi/TUPAC-TR-232.svs wsi_msk/TUPAC-TR-232.png
wsi/TUPAC-TR-233.svs wsi_msk/TUPAC-TR-233.png
wsi/TUPAC-TR-234.svs wsi_msk/TUPAC-TR-234.png
wsi/TUPAC-TR-235.svs wsi_msk/TUPAC-TR-235.png
wsi/TUPAC-TR-236.svs wsi_msk/TUPAC-TR-236.png
wsi/TUPAC-TR-237.svs wsi_msk/TUPAC-TR-237.png
wsi/TUPAC-TR-238.svs wsi_msk/TUPAC-TR-238.png
wsi/TUPAC-TR-239.svs wsi_msk/TUPAC-TR-239.png
wsi/TUPAC-TR-240.svs wsi_msk/TUPAC-TR-240.png
wsi/TUPAC-TR-241.svs wsi_msk/TUPAC-TR-241.png
wsi/TUPAC-TR-243.svs wsi_msk/TUPAC-TR-243.png
wsi/TUPAC-TR-244.svs wsi_msk/TUPAC-TR-244.png
wsi/TUPAC-TR-245.svs wsi_msk/TUPAC-TR-245.png
wsi/TUPAC-TR-246.svs wsi_msk/TUPAC-TR-246.png
wsi/TUPAC-TR-247.svs wsi_msk/TUPAC-TR-247.png
wsi/TUPAC-TR-248.svs wsi_msk/TUPAC-TR-248.png
wsi/TUPAC-TR-249.svs wsi_msk/TUPAC-TR-249.png
wsi/TUPAC-TR-250.svs wsi_msk/TUPAC-TR-250.png
wsi/TUPAC-TR-251.svs wsi_msk/TUPAC-TR-251.png
wsi/TUPAC-TR-252.svs wsi_msk/TUPAC-TR-252.png
wsi/TUPAC-TR-253.svs wsi_msk/TUPAC-TR-253.png
wsi/TUPAC-TR-254.svs wsi_msk/TUPAC-TR-254.png
wsi/TUPAC-TR-255.svs wsi_msk/TUPAC-TR-255.png
wsi/TUPAC-TR-257.svs wsi_msk/TUPAC-TR-257.png
wsi/TUPAC-TR-258.svs wsi_msk/TUPAC-TR-258.png
wsi/TUPAC-TR-259.svs wsi_msk/TUPAC-TR-259.png
wsi/TUPAC-TR-260.svs wsi_msk/TUPAC-TR-260.png
wsi/TUPAC-TR-261.svs wsi_msk/TUPAC-TR-261.png
wsi/TUPAC-TR-262.svs wsi_msk/TUPAC-TR-262.png
wsi/TUPAC-TR-263.svs wsi_msk/TUPAC-TR-263.png
wsi/TUPAC-TR-264.svs wsi_msk/TUPAC-TR-264.png
wsi/TUPAC-TR-265.svs wsi_msk/TUPAC-TR-265.png
wsi/TUPAC-TR-266.svs wsi_msk/TUPAC-TR-266.png
wsi/TUPAC-TR-267.svs wsi_msk/TUPAC-TR-267.png
wsi/TUPAC-TR-268.svs wsi_msk/TUPAC-TR-268.png
wsi/TUPAC-TR-269.svs wsi_msk/TUPAC-TR-269.png
wsi/TUPAC-TR-270.svs wsi_msk/TUPAC-TR-270.png
wsi/TUPAC-TR-271.svs wsi_msk/TUPAC-TR-271.png
wsi/TUPAC-TR-272.svs wsi_msk/TUPAC-TR-272.png
wsi/TUPAC-TR-273.svs wsi_msk/TUPAC-TR-273.png
wsi/TUPAC-TR-274.svs wsi_msk/TUPAC-TR-274.png
wsi/TUPAC-TR-275.svs wsi_msk/TUPAC-TR-275.png
wsi/TUPAC-TR-276.svs wsi_msk/TUPAC-TR-276.png
wsi/TUPAC-TR-277.svs wsi_msk/TUPAC-TR-277.png
wsi/TUPAC-TR-278.svs wsi_msk/TUPAC-TR-278.png
wsi/TUPAC-TR-279.svs wsi_msk/TUPAC-TR-279.png
wsi/TUPAC-TR-281.svs wsi_msk/TUPAC-TR-281.png
wsi/TUPAC-TR-282.svs wsi_msk/TUPAC-TR-282.png
wsi/TUPAC-TR-283.svs wsi_msk/TUPAC-TR-283.png
wsi/TUPAC-TR-284.svs wsi_msk/TUPAC-TR-284.png
wsi/TUPAC-TR-285.svs wsi_msk/TUPAC-TR-285.png
wsi/TUPAC-TR-286.svs wsi_msk/TUPAC-TR-286.png
wsi/TUPAC-TR-287.svs wsi_msk/TUPAC-TR-287.png
wsi/TUPAC-TR-288.svs wsi_msk/TUPAC-TR-288.png
wsi/TUPAC-TR-289.svs wsi_msk/TUPAC-TR-289.png
wsi/TUPAC-TR-290.svs wsi_msk/TUPAC-TR-290.png
wsi/TUPAC-TR-291.svs wsi_msk/TUPAC-TR-291.png
wsi/TUPAC-TR-292.svs wsi_msk/TUPAC-TR-292.png
wsi/TUPAC-TR-293.svs wsi_msk/TUPAC-TR-293.png
wsi/TUPAC-TR-294.svs wsi_msk/TUPAC-TR-294.png
wsi/TUPAC-TR-295.svs wsi_msk/TUPAC-TR-295.png
wsi/TUPAC-TR-296.svs wsi_msk/TUPAC-TR-296.png
wsi/TUPAC-TR-297.svs wsi_msk/TUPAC-TR-297.png
wsi/TUPAC-TR-298.svs wsi_msk/TUPAC-TR-298.png
wsi/TUPAC-TR-299.svs wsi_msk/TUPAC-TR-299.png
wsi/TUPAC-TR-300.svs wsi_msk/TUPAC-TR-300.png
wsi/TUPAC-TR-301.svs wsi_msk/TUPAC-TR-301.png
wsi/TUPAC-TR-302.svs wsi_msk/TUPAC-TR-302.png
wsi/TUPAC-TR-303.svs wsi_msk/TUPAC-TR-303.png
wsi/TUPAC-TR-304.svs wsi_msk/TUPAC-TR-304.png
wsi/TUPAC-TR-305.svs wsi_msk/TUPAC-TR-305.png
wsi/TUPAC-TR-306.svs wsi_msk/TUPAC-TR-306.png
wsi/TUPAC-TR-307.svs wsi_msk/TUPAC-TR-307.png
wsi/TUPAC-TR-308.svs wsi_msk/TUPAC-TR-308.png
wsi/TUPAC-TR-309.svs wsi_msk/TUPAC-TR-309.png
wsi/TUPAC-TR-310.svs wsi_msk/TUPAC-TR-310.png
wsi/TUPAC-TR-311.svs wsi_msk/TUPAC-TR-311.png
wsi/TUPAC-TR-312.svs wsi_msk/TUPAC-TR-312.png
wsi/TUPAC-TR-314.svs wsi_msk/TUPAC-TR-314.png
wsi/TUPAC-TR-315.svs wsi_msk/TUPAC-TR-315.png
wsi/TUPAC-TR-316.svs wsi_msk/TUPAC-TR-316.png
wsi/TUPAC-TR-317.svs wsi_msk/TUPAC-TR-317.png
wsi/TUPAC-TR-318.svs wsi_msk/TUPAC-TR-318.png
wsi/TUPAC-TR-319.svs wsi_msk/TUPAC-TR-319.png
wsi/TUPAC-TR-320.svs wsi_msk/TUPAC-TR-320.png
wsi/TUPAC-TR-321.svs wsi_msk/TUPAC-TR-321.png
wsi/TUPAC-TR-322.svs wsi_msk/TUPAC-TR-322.png
wsi/TUPAC-TR-323.svs wsi_msk/TUPAC-TR-323.png
wsi/TUPAC-TR-324.svs wsi_msk/TUPAC-TR-324.png
wsi/TUPAC-TR-325.svs wsi_msk/TUPAC-TR-325.png
wsi/TUPAC-TR-326.svs wsi_msk/TUPAC-TR-326.png
wsi/TUPAC-TR-327.svs wsi_msk/TUPAC-TR-327.png
wsi/TUPAC-TR-328.svs wsi_msk/TUPAC-TR-328.png
wsi/TUPAC-TR-330.svs wsi_msk/TUPAC-TR-330.png
wsi/TUPAC-TR-331.svs wsi_msk/TUPAC-TR-331.png
wsi/TUPAC-TR-332.svs wsi_msk/TUPAC-TR-332.png
wsi/TUPAC-TR-333.svs wsi_msk/TUPAC-TR-333.png
wsi/TUPAC-TR-334.svs wsi_msk/TUPAC-TR-334.png
wsi/TUPAC-TR-335.svs wsi_msk/TUPAC-TR-335.png
wsi/TUPAC-TR-336.svs wsi_msk/TUPAC-TR-336.png
wsi/TUPAC-TR-337.svs wsi_msk/TUPAC-TR-337.png
wsi/TUPAC-TR-338.svs wsi_msk/TUPAC-TR-338.png
wsi/TUPAC-TR-339.svs wsi_msk/TUPAC-TR-339.png
wsi/TUPAC-TR-340.svs wsi_msk/TUPAC-TR-340.png
wsi/TUPAC-TR-341.svs wsi_msk/TUPAC-TR-341.png
wsi/TUPAC-TR-342.svs wsi_msk/TUPAC-TR-342.png
wsi/TUPAC-TR-343.svs wsi_msk/TUPAC-TR-343.png
wsi/TUPAC-TR-344.svs wsi_msk/TUPAC-TR-344.png
wsi/TUPAC-TR-345.svs wsi_msk/TUPAC-TR-345.png
wsi/TUPAC-TR-346.svs wsi_msk/TUPAC-TR-346.png
wsi/TUPAC-TR-347.svs wsi_msk/TUPAC-TR-347.png
wsi/TUPAC-TR-348.svs wsi_msk/TUPAC-TR-348.png
wsi/TUPAC-TR-349.svs wsi_msk/TUPAC-TR-349.png
wsi/TUPAC-TR-350.svs wsi_msk/TUPAC-TR-350.png
wsi/TUPAC-TR-351.svs wsi_msk/TUPAC-TR-351.png
wsi/TUPAC-TR-352.svs wsi_msk/TUPAC-TR-352.png
wsi/TUPAC-TR-353.svs wsi_msk/TUPAC-TR-353.png
wsi/TUPAC-TR-354.svs wsi_msk/TUPAC-TR-354.png
wsi/TUPAC-TR-355.svs wsi_msk/TUPAC-TR-355.png
wsi/TUPAC-TR-356.svs wsi_msk/TUPAC-TR-356.png
wsi/TUPAC-TR-357.svs wsi_msk/TUPAC-TR-357.png
wsi/TUPAC-TR-358.svs wsi_msk/TUPAC-TR-358.png
wsi/TUPAC-TR-359.svs wsi_msk/TUPAC-TR-359.png
wsi/TUPAC-TR-360.svs wsi_msk/TUPAC-TR-360.png
wsi/TUPAC-TR-361.svs wsi_msk/TUPAC-TR-361.png
wsi/TUPAC-TR-362.svs wsi_msk/TUPAC-TR-362.png
wsi/TUPAC-TR-363.svs wsi_msk/TUPAC-TR-363.png
wsi/TUPAC-TR-364.svs wsi_msk/TUPAC-TR-364.png
wsi/TUPAC-TR-365.svs wsi_msk/TUPAC-TR-365.png
wsi/TUPAC-TR-366.svs wsi_msk/TUPAC-TR-366.png
wsi/TUPAC-TR-367.svs wsi_msk/TUPAC-TR-367.png
wsi/TUPAC-TR-368.svs wsi_msk/TUPAC-TR-368.png
wsi/TUPAC-TR-369.svs wsi_msk/TUPAC-TR-369.png
wsi/TUPAC-TR-370.svs wsi_msk/TUPAC-TR-370.png
wsi/TUPAC-TR-371.svs wsi_msk/TUPAC-TR-371.png
wsi/TUPAC-TR-372.svs wsi_msk/TUPAC-TR-372.png
wsi/TUPAC-TR-373.svs wsi_msk/TUPAC-TR-373.png
wsi/TUPAC-TR-374.svs wsi_msk/TUPAC-TR-374.png
wsi/TUPAC-TR-375.svs wsi_msk/TUPAC-TR-375.png
wsi/TUPAC-TR-376.svs wsi_msk/TUPAC-TR-376.png
wsi/TUPAC-TR-377.svs wsi_msk/TUPAC-TR-377.png
wsi/TUPAC-TR-378.svs wsi_msk/TUPAC-TR-378.png
wsi/TUPAC-TR-379.svs wsi_msk/TUPAC-TR-379.png
wsi/TUPAC-TR-380.svs wsi_msk/TUPAC-TR-380.png
wsi/TUPAC-TR-381.svs wsi_msk/TUPAC-TR-381.png
wsi/TUPAC-TR-382.svs wsi_msk/TUPAC-TR-382.png
wsi/TUPAC-TR-383.svs wsi_msk/TUPAC-TR-383.png
wsi/TUPAC-TR-384.svs wsi_msk/TUPAC-TR-384.png
wsi/TUPAC-TR-385.svs wsi_msk/TUPAC-TR-385.png
wsi/TUPAC-TR-386.svs wsi_msk/TUPAC-TR-386.png
wsi/TUPAC-TR-387.svs wsi_msk/TUPAC-TR-387.png
wsi/TUPAC-TR-388.svs wsi_msk/TUPAC-TR-388.png
wsi/TUPAC-TR-389.svs wsi_msk/TUPAC-TR-389.png
wsi/TUPAC-TR-390.svs wsi_msk/TUPAC-TR-390.png
wsi/TUPAC-TR-391.svs wsi_msk/TUPAC-TR-391.png
wsi/TUPAC-TR-392.svs wsi_msk/TUPAC-TR-392.png
wsi/TUPAC-TR-393.svs wsi_msk/TUPAC-TR-393.png
wsi/TUPAC-TR-394.svs wsi_msk/TUPAC-TR-394.png
wsi/TUPAC-TR-395.svs wsi_msk/TUPAC-TR-395.png
wsi/TUPAC-TR-396.svs wsi_msk/TUPAC-TR-396.png
wsi/TUPAC-TR-397.svs wsi_msk/TUPAC-TR-397.png
wsi/TUPAC-TR-398.svs wsi_msk/TUPAC-TR-398.png
wsi/TUPAC-TR-399.svs wsi_msk/TUPAC-TR-399.png
wsi/TUPAC-TR-400.svs wsi_msk/TUPAC-TR-400.png
wsi/TUPAC-TR-401.svs wsi_msk/TUPAC-TR-401.png
wsi/TUPAC-TR-402.svs wsi_msk/TUPAC-TR-402.png
wsi/TUPAC-TR-403.svs wsi_msk/TUPAC-TR-403.png
wsi/TUPAC-TR-404.svs wsi_msk/TUPAC-TR-404.png
wsi/TUPAC-TR-405.svs wsi_msk/TUPAC-TR-405.png
wsi/TUPAC-TR-406.svs wsi_msk/TUPAC-TR-406.png
wsi/TUPAC-TR-407.svs wsi_msk/TUPAC-TR-407.png
wsi/TUPAC-TR-408.svs wsi_msk/TUPAC-TR-408.png
wsi/TUPAC-TR-409.svs wsi_msk/TUPAC-TR-409.png
wsi/TUPAC-TR-410.svs wsi_msk/TUPAC-TR-410.png
wsi/TUPAC-TR-411.svs wsi_msk/TUPAC-TR-411.png
wsi/TUPAC-TR-412.svs wsi_msk/TUPAC-TR-412.png
wsi/TUPAC-TR-413.svs wsi_msk/TUPAC-TR-413.png
wsi/TUPAC-TR-414.svs wsi_msk/TUPAC-TR-414.png
wsi/TUPAC-TR-415.svs wsi_msk/TUPAC-TR-415.png
wsi/TUPAC-TR-416.svs wsi_msk/TUPAC-TR-416.png
wsi/TUPAC-TR-417.svs wsi_msk/TUPAC-TR-417.png
wsi/TUPAC-TR-418.svs wsi_msk/TUPAC-TR-418.png
wsi/TUPAC-TR-419.svs wsi_msk/TUPAC-TR-419.png
wsi/TUPAC-TR-420.svs wsi_msk/TUPAC-TR-420.png
wsi/TUPAC-TR-421.svs wsi_msk/TUPAC-TR-421.png
wsi/TUPAC-TR-422.svs wsi_msk/TUPAC-TR-422.png
wsi/TUPAC-TR-423.svs wsi_msk/TUPAC-TR-423.png
wsi/TUPAC-TR-424.svs wsi_msk/TUPAC-TR-424.png
wsi/TUPAC-TR-425.svs wsi_msk/TUPAC-TR-425.png
wsi/TUPAC-TR-426.svs wsi_msk/TUPAC-TR-426.png
wsi/TUPAC-TR-427.svs wsi_msk/TUPAC-TR-427.png
wsi/TUPAC-TR-428.svs wsi_msk/TUPAC-TR-428.png
wsi/TUPAC-TR-429.svs wsi_msk/TUPAC-TR-429.png
wsi/TUPAC-TR-430.svs wsi_msk/TUPAC-TR-430.png
wsi/TUPAC-TR-431.svs wsi_msk/TUPAC-TR-431.png
wsi/TUPAC-TR-432.svs wsi_msk/TUPAC-TR-432.png
wsi/TUPAC-TR-433.svs wsi_msk/TUPAC-TR-433.png
wsi/TUPAC-TR-434.svs wsi_msk/TUPAC-TR-434.png
wsi/TUPAC-TR-435.svs wsi_msk/TUPAC-TR-435.png
wsi/TUPAC-TR-436.svs wsi_msk/TUPAC-TR-436.png
wsi/TUPAC-TR-437.svs wsi_msk/TUPAC-TR-437.png
wsi/TUPAC-TR-438.svs wsi_msk/TUPAC-TR-438.png
wsi/TUPAC-TR-439.svs wsi_msk/TUPAC-TR-439.png
wsi/TUPAC-TR-440.svs wsi_msk/TUPAC-TR-440.png
wsi/TUPAC-TR-441.svs wsi_msk/TUPAC-TR-441.png
wsi/TUPAC-TR-442.svs wsi_msk/TUPAC-TR-442.png
wsi/TUPAC-TR-443.svs wsi_msk/TUPAC-TR-443.png
wsi/TUPAC-TR-444.svs wsi_msk/TUPAC-TR-444.png
wsi/TUPAC-TR-445.svs wsi_msk/TUPAC-TR-445.png
wsi/TUPAC-TR-446.svs wsi_msk/TUPAC-TR-446.png
wsi/TUPAC-TR-447.svs wsi_msk/TUPAC-TR-447.png
wsi/TUPAC-TR-448.svs wsi_msk/TUPAC-TR-448.png
wsi/TUPAC-TR-449.svs wsi_msk/TUPAC-TR-449.png
wsi/TUPAC-TR-450.svs wsi_msk/TUPAC-TR-450.png
wsi/TUPAC-TR-451.svs wsi_msk/TUPAC-TR-451.png
wsi/TUPAC-TR-452.svs wsi_msk/TUPAC-TR-452.png
wsi/TUPAC-TR-453.svs wsi_msk/TUPAC-TR-453.png
wsi/TUPAC-TR-454.svs wsi_msk/TUPAC-TR-454.png
wsi/TUPAC-TR-455.svs wsi_msk/TUPAC-TR-455.png
wsi/TUPAC-TR-456.svs wsi_msk/TUPAC-TR-456.png
wsi/TUPAC-TR-457.svs wsi_msk/TUPAC-TR-457.png
wsi/TUPAC-TR-458.svs wsi_msk/TUPAC-TR-458.png
wsi/TUPAC-TR-459.svs wsi_msk/TUPAC-TR-459.png
wsi/TUPAC-TR-460.svs wsi_msk/TUPAC-TR-460.png
wsi/TUPAC-TR-461.svs wsi_msk/TUPAC-TR-461.png
wsi/TUPAC-TR-462.svs wsi_msk/TUPAC-TR-462.png
wsi/TUPAC-TR-463.svs wsi_msk/TUPAC-TR-463.png
wsi/TUPAC-TR-464.svs wsi_msk/TUPAC-TR-464.png
wsi/TUPAC-TR-465.svs wsi_msk/TUPAC-TR-465.png
wsi/TUPAC-TR-466.svs wsi_msk/TUPAC-TR-466.png
wsi/TUPAC-TR-468.svs wsi_msk/TUPAC-TR-468.png
wsi/TUPAC-TR-469.svs wsi_msk/TUPAC-TR-469.png
wsi/TUPAC-TR-470.svs wsi_msk/TUPAC-TR-470.png
wsi/TUPAC-TR-471.svs wsi_msk/TUPAC-TR-471.png
wsi/TUPAC-TR-472.svs wsi_msk/TUPAC-TR-472.png
wsi/TUPAC-TR-473.svs wsi_msk/TUPAC-TR-473.png
wsi/TUPAC-TR-474.svs wsi_msk/TUPAC-TR-474.png
wsi/TUPAC-TR-475.svs wsi_msk/TUPAC-TR-475.png
wsi/TUPAC-TR-476.svs wsi_msk/TUPAC-TR-476.png
wsi/TUPAC-TR-477.svs wsi_msk/TUPAC-TR-477.png
wsi/TUPAC-TR-478.svs wsi_msk/TUPAC-TR-478.png
wsi/TUPAC-TR-479.svs wsi_msk/TUPAC-TR-479.png
wsi/TUPAC-TR-480.svs wsi_msk/TUPAC-TR-480.png
wsi/TUPAC-TR-481.svs wsi_msk/TUPAC-TR-481.png
wsi/TUPAC-TR-482.svs wsi_msk/TUPAC-TR-482.png
wsi/TUPAC-TR-483.svs wsi_msk/TUPAC-TR-483.png
wsi/TUPAC-TR-484.svs wsi_msk/TUPAC-TR-484.png
wsi/TUPAC-TR-485.svs wsi_msk/TUPAC-TR-485.png
wsi/TUPAC-TR-486.svs wsi_msk/TUPAC-TR-486.png
wsi/TUPAC-TR-487.svs wsi_msk/TUPAC-TR-487.png
wsi/TUPAC-TR-488.svs wsi_msk/TUPAC-TR-488.png
wsi/TUPAC-TR-489.svs wsi_msk/TUPAC-TR-489.png
wsi/TUPAC-TR-490.svs wsi_msk/TUPAC-TR-490.png
wsi/TUPAC-TR-491.svs wsi_msk/TUPAC-TR-491.png
wsi/TUPAC-TR-492.svs wsi_msk/TUPAC-TR-492.png
wsi/TUPAC-TR-493.svs wsi_msk/TUPAC-TR-493.png
wsi/TUPAC-TR-494.svs wsi_msk/TUPAC-TR-494.png
wsi/TUPAC-TR-495.svs wsi_msk/TUPAC-TR-495.png
wsi/TUPAC-TR-496.svs wsi_msk/TUPAC-TR-496.png
wsi/TUPAC-TR-497.svs wsi_msk/TUPAC-TR-497.png
wsi/TUPAC-TR-498.svs wsi_msk/TUPAC-TR-498.png
wsi/TUPAC-TR-499.svs wsi_msk/TUPAC-TR-499.png
wsi/TUPAC-TR-500.svs wsi_msk/TUPAC-TR-500.png
